Archive member included to satisfy reference by file (symbol)

c:/st/stm32cubeide_1.12.0/stm32cubeide/plugins/com.st.stm32cube.ide.mcu.externaltools.gnu-tools-for-stm32.10.3-2021.10.win32_1.0.200.202301161003/tools/bin/../lib/gcc/arm-none-eabi/10.3.1/../../../../arm-none-eabi/lib/thumb/v7-m/nofp\libstdc++_nano.a(del_ops.o)
                              ./Core/Src/calculate.o (operator delete(void*, unsigned int))
c:/st/stm32cubeide_1.12.0/stm32cubeide/plugins/com.st.stm32cube.ide.mcu.externaltools.gnu-tools-for-stm32.10.3-2021.10.win32_1.0.200.202301161003/tools/bin/../lib/gcc/arm-none-eabi/10.3.1/../../../../arm-none-eabi/lib/thumb/v7-m/nofp\libstdc++_nano.a(new_op.o)
                              ./Core/Src/calculate.o (operator new(unsigned int))
c:/st/stm32cubeide_1.12.0/stm32cubeide/plugins/com.st.stm32cube.ide.mcu.externaltools.gnu-tools-for-stm32.10.3-2021.10.win32_1.0.200.202301161003/tools/bin/../lib/gcc/arm-none-eabi/10.3.1/../../../../arm-none-eabi/lib/thumb/v7-m/nofp\libstdc++_nano.a(allocator-inst.o)
                              ./Core/Src/calculate.o (std::allocator<char>::allocator())
c:/st/stm32cubeide_1.12.0/stm32cubeide/plugins/com.st.stm32cube.ide.mcu.externaltools.gnu-tools-for-stm32.10.3-2021.10.win32_1.0.200.202301161003/tools/bin/../lib/gcc/arm-none-eabi/10.3.1/../../../../arm-none-eabi/lib/thumb/v7-m/nofp\libstdc++_nano.a(functexcept.o)
                              ./Core/Src/calculate.o (std::__throw_bad_alloc())
c:/st/stm32cubeide_1.12.0/stm32cubeide/plugins/com.st.stm32cube.ide.mcu.externaltools.gnu-tools-for-stm32.10.3-2021.10.win32_1.0.200.202301161003/tools/bin/../lib/gcc/arm-none-eabi/10.3.1/../../../../arm-none-eabi/lib/thumb/v7-m/nofp\libstdc++_nano.a(snprintf_lite.o)
                              c:/st/stm32cubeide_1.12.0/stm32cubeide/plugins/com.st.stm32cube.ide.mcu.externaltools.gnu-tools-for-stm32.10.3-2021.10.win32_1.0.200.202301161003/tools/bin/../lib/gcc/arm-none-eabi/10.3.1/../../../../arm-none-eabi/lib/thumb/v7-m/nofp\libstdc++_nano.a(functexcept.o) (__gnu_cxx::__snprintf_lite(char*, unsigned int, char const*, std::__va_list))
c:/st/stm32cubeide_1.12.0/stm32cubeide/plugins/com.st.stm32cube.ide.mcu.externaltools.gnu-tools-for-stm32.10.3-2021.10.win32_1.0.200.202301161003/tools/bin/../lib/gcc/arm-none-eabi/10.3.1/../../../../arm-none-eabi/lib/thumb/v7-m/nofp\libstdc++_nano.a(string-inst.o)
                              ./Core/Src/calculate.o (std::__cxx11::basic_string<char, std::char_traits<char>, std::allocator<char> >::_M_data(char*))
c:/st/stm32cubeide_1.12.0/stm32cubeide/plugins/com.st.stm32cube.ide.mcu.externaltools.gnu-tools-for-stm32.10.3-2021.10.win32_1.0.200.202301161003/tools/bin/../lib/gcc/arm-none-eabi/10.3.1/../../../../arm-none-eabi/lib/thumb/v7-m/nofp\libstdc++_nano.a(del_op.o)
                              c:/st/stm32cubeide_1.12.0/stm32cubeide/plugins/com.st.stm32cube.ide.mcu.externaltools.gnu-tools-for-stm32.10.3-2021.10.win32_1.0.200.202301161003/tools/bin/../lib/gcc/arm-none-eabi/10.3.1/../../../../arm-none-eabi/lib/thumb/v7-m/nofp\libstdc++_nano.a(del_ops.o) (operator delete(void*))
c:/st/stm32cubeide_1.12.0/stm32cubeide/plugins/com.st.stm32cube.ide.mcu.externaltools.gnu-tools-for-stm32.10.3-2021.10.win32_1.0.200.202301161003/tools/bin/../lib/gcc/arm-none-eabi/10.3.1/../../../../arm-none-eabi/lib/thumb/v7-m/nofp\libstdc++_nano.a(new_handler.o)
                              c:/st/stm32cubeide_1.12.0/stm32cubeide/plugins/com.st.stm32cube.ide.mcu.externaltools.gnu-tools-for-stm32.10.3-2021.10.win32_1.0.200.202301161003/tools/bin/../lib/gcc/arm-none-eabi/10.3.1/../../../../arm-none-eabi/lib/thumb/v7-m/nofp\libstdc++_nano.a(new_op.o) (std::get_new_handler())
c:/st/stm32cubeide_1.12.0/stm32cubeide/plugins/com.st.stm32cube.ide.mcu.externaltools.gnu-tools-for-stm32.10.3-2021.10.win32_1.0.200.202301161003/tools/bin/../lib/gcc/arm-none-eabi/10.3.1/../../../../arm-none-eabi/lib/thumb/v7-m/nofp\libc_nano.a(lib_a-abort.o)
                              c:/st/stm32cubeide_1.12.0/stm32cubeide/plugins/com.st.stm32cube.ide.mcu.externaltools.gnu-tools-for-stm32.10.3-2021.10.win32_1.0.200.202301161003/tools/bin/../lib/gcc/arm-none-eabi/10.3.1/../../../../arm-none-eabi/lib/thumb/v7-m/nofp\libstdc++_nano.a(new_op.o) (abort)
c:/st/stm32cubeide_1.12.0/stm32cubeide/plugins/com.st.stm32cube.ide.mcu.externaltools.gnu-tools-for-stm32.10.3-2021.10.win32_1.0.200.202301161003/tools/bin/../lib/gcc/arm-none-eabi/10.3.1/../../../../arm-none-eabi/lib/thumb/v7-m/nofp\libc_nano.a(lib_a-errno.o)
                              ./Core/Src/calculate.o (__errno)
c:/st/stm32cubeide_1.12.0/stm32cubeide/plugins/com.st.stm32cube.ide.mcu.externaltools.gnu-tools-for-stm32.10.3-2021.10.win32_1.0.200.202301161003/tools/bin/../lib/gcc/arm-none-eabi/10.3.1/../../../../arm-none-eabi/lib/thumb/v7-m/nofp\libc_nano.a(lib_a-exit.o)
[...]
Memory Configuration

Name             Origin             Length             Attributes
RAM              0x0000000020000000 0x0000000000005000 xrw
FLASH            0x0000000008000000 0x0000000000010000 xr
*default*        0x0000000000000000 0xffffffffffffffff

Linker script and memory map

LOAD c:/st/stm32cubeide_1.12.0/stm32cubeide/plugins/com.st.stm32cube.ide.mcu.externaltools.gnu-tools-for-stm32.10.3-2021.10.win32_1.0.200.202301161003/tools/bin/../lib/gcc/arm-none-eabi/10.3.1/thumb/v7-m/nofp/crti.o
LOAD c:/st/stm32cubeide_1.12.0/stm32cubeide/plugins/com.st.stm32cube.ide.mcu.externaltools.gnu-tools-for-stm32.10.3-2021.10.win32_1.0.200.202301161003/tools/bin/../lib/gcc/arm-none-eabi/10.3.1/thumb/v7-m/nofp/crtbegin.o
LOAD c:/st/stm32cubeide_1.12.0/stm32cubeide/plugins/com.st.stm32cube.ide.mcu.externaltools.gnu-tools-for-stm32.10.3-2021.10.win32_1.0.200.202301161003/tools/bin/../lib/gcc/arm-none-eabi/10.3.1/../../../../arm-none-eabi/lib/thumb/v7-m/nofp/crt0.o
LOAD ./Core/Src/calculate.o
LOAD ./Core/Src/common.o
LOAD ./Core/Src/gpio.o
LOAD ./Core/Src/main.o
LOAD ./Core/Src/max7219.o
LOAD ./Core/Src/spi.o
LOAD ./Core/Src/stm32f1xx_hal_msp.o
LOAD ./Core/Src/stm32f1xx_it.o
LOAD ./Core/Src/syscalls.o
LOAD ./Core/Src/sysmem.o
LOAD ./Core/Src/system_stm32f1xx.o
LOAD ./Core/Startup/startup_stm32f103c8tx.o
LOAD ./Drivers/STM32F1xx_HAL_Driver/Src/stm32f1xx_hal.o
LOAD ./Drivers/STM32F1xx_HAL_Driver/Src/stm32f1xx_hal_cortex.o
LOAD ./Drivers/STM32F1xx_HAL_Driver/Src/stm32f1xx_hal_dma.o
LOAD ./Drivers/STM32F1xx_HAL_Driver/Src/stm32f1xx_hal_exti.o
LOAD ./Drivers/STM32F1xx_HAL_Driver/Src/stm32f1xx_hal_flash.o
LOAD ./Drivers/STM32F1xx_HAL_Driver/Src/stm32f1xx_hal_flash_ex.o
LOAD ./Drivers/STM32F1xx_HAL_Driver/Src/stm32f1xx_hal_gpio.o
LOAD ./Drivers/STM32F1xx_HAL_Driver/Src/stm32f1xx_hal_gpio_ex.o
LOAD ./Drivers/STM32F1xx_HAL_Driver/Src/stm32f1xx_hal_pcd.o
LOAD ./Drivers/STM32F1xx_HAL_Driver/Src/stm32f1xx_hal_pcd_ex.o
LOAD ./Drivers/STM32F1xx_HAL_Driver/Src/stm32f1xx_hal_pwr.o
LOAD ./Drivers/STM32F1xx_HAL_Driver/Src/stm32f1xx_hal_rcc.o
LOAD ./Drivers/STM32F1xx_HAL_Driver/Src/stm32f1xx_hal_rcc_ex.o
LOAD ./Drivers/STM32F1xx_HAL_Driver/Src/stm32f1xx_hal_spi.o
LOAD ./Drivers/STM32F1xx_HAL_Driver/Src/stm32f1xx_ll_usb.o
LOAD ./Middlewares/ST/STM32_USB_Device_Library/Class/CDC/Src/usbd_cdc.o
LOAD ./Middlewares/ST/STM32_USB_Device_Library/Core/Src/usbd_core.o
LOAD ./Middlewares/ST/STM32_USB_Device_Library/Core/Src/usbd_ctlreq.o
LOAD ./Middlewares/ST/STM32_USB_Device_Library/Core/Src/usbd_ioreq.o
LOAD ./USB_DEVICE/App/usb_device.o
LOAD ./USB_DEVICE/App/usbd_cdc_if.o
LOAD ./USB_DEVICE/App/usbd_desc.o
LOAD ./USB_DEVICE/Target/usbd_conf.o
START GROUP
LOAD c:/st/stm32cubeide_1.12.0/stm32cubeide/plugins/com.st.stm32cube.ide.mcu.externaltools.gnu-tools-for-stm32.10.3-2021.10.win32_1.0.200.202301161003/tools/bin/../lib/gcc/arm-none-eabi/10.3.1/../../../../arm-none-eabi/lib/thumb/v7-m/nofp\libstdc++_nano.a
LOAD c:/st/stm32cubeide_1.12.0/stm32cubeide/plugins/com.st.stm32cube.ide.mcu.externaltools.gnu-tools-for-stm32.10.3-2021.10.win32_1.0.200.202301161003/tools/bin/../lib/gcc/arm-none-eabi/10.3.1/../../../../arm-none-eabi/lib/thumb/v7-m/nofp\libsupc++_nano.a
END GROUP
LOAD c:/st/stm32cubeide_1.12.0/stm32cubeide/plugins/com.st.stm32cube.ide.mcu.externaltools.gnu-tools-for-stm32.10.3-2021.10.win32_1.0.200.202301161003/tools/bin/../lib/gcc/arm-none-eabi/10.3.1/../../../../arm-none-eabi/lib/thumb/v7-m/nofp\libstdc++_nano.a
LOAD c:/st/stm32cubeide_1.12.0/stm32cubeide/plugins/com.st.stm32cube.ide.mcu.externaltools.gnu-tools-for-stm32.10.3-2021.10.win32_1.0.200.202301161003/tools/bin/../lib/gcc/arm-none-eabi/10.3.1/../../../../arm-none-eabi/lib/thumb/v7-m/nofp\libm.a
LOAD c:/st/stm32cubeide_1.12.0/stm32cubeide/plugins/com.st.stm32cube.ide.mcu.externaltools.gnu-tools-for-stm32.10.3-2021.10.win32_1.0.200.202301161003/tools/bin/../lib/gcc/arm-none-eabi/10.3.1/../../../../arm-none-eabi/lib/thumb/v7-m/nofp\libc_nano.a
START GROUP
LOAD c:/st/stm32cubeide_1.12.0/stm32cubeide/plugins/com.st.stm32cube.ide.mcu.externaltools.gnu-tools-for-stm32.10.3-2021.10.win32_1.0.200.202301161003/tools/bin/../lib/gcc/arm-none-eabi/10.3.1/thumb/v7-m/nofp\libgcc.a
LOAD c:/st/stm32cubeide_1.12.0/stm32cubeide/plugins/com.st.stm32cube.ide.mcu.externaltools.gnu-tools-for-stm32.10.3-2021.10.win32_1.0.200.202301161003/tools/bin/../lib/gcc/arm-none-eabi/10.3.1/../../../../arm-none-eabi/lib/thumb/v7-m/nofp\libc_nano.a
END GROUP
START GROUP
LOAD c:/st/stm32cubeide_1.12.0/stm32cubeide/plugins/com.st.stm32cube.ide.mcu.externaltools.gnu-tools-for-stm32.10.3-2021.10.win32_1.0.200.202301161003/tools/bin/../lib/gcc/arm-none-eabi/10.3.1/thumb/v7-m/nofp\libgcc.a
LOAD c:/st/stm32cubeide_1.12.0/stm32cubeide/plugins/com.st.stm32cube.ide.mcu.externaltools.gnu-tools-for-stm32.10.3-2021.10.win32_1.0.200.202301161003/tools/bin/../lib/gcc/arm-none-eabi/10.3.1/../../../../arm-none-eabi/lib/thumb/v7-m/nofp\libc_nano.a
LOAD c:/st/stm32cubeide_1.12.0/stm32cubeide/plugins/com.st.stm32cube.ide.mcu.externaltools.gnu-tools-for-stm32.10.3-2021.10.win32_1.0.200.202301161003/tools/bin/../lib/gcc/arm-none-eabi/10.3.1/../../../../arm-none-eabi/lib/thumb/v7-m/nofp\libnosys.a
END GROUP
START GROUP
LOAD c:/st/stm32cubeide_1.12.0/stm32cubeide/plugins/com.st.stm32cube.ide.mcu.externaltools.gnu-tools-for-stm32.10.3-2021.10.win32_1.0.200.202301161003/tools/bin/../lib/gcc/arm-none-eabi/10.3.1/thumb/v7-m/nofp\libgcc.a
LOAD c:/st/stm32cubeide_1.12.0/stm32cubeide/plugins/com.st.stm32cube.ide.mcu.externaltools.gnu-tools-for-stm32.10.3-2021.10.win32_1.0.200.202301161003/tools/bin/../lib/gcc/arm-none-eabi/10.3.1/../../../../arm-none-eabi/lib/thumb/v7-m/nofp\libc_nano.a
LOAD c:/st/stm32cubeide_1.12.0/stm32cubeide/plugins/com.st.stm32cube.ide.mcu.externaltools.gnu-tools-for-stm32.10.3-2021.10.win32_1.0.200.202301161003/tools/bin/../lib/gcc/arm-none-eabi/10.3.1/../../../../arm-none-eabi/lib/thumb/v7-m/nofp\libnosys.a
END GROUP
LOAD c:/st/stm32cubeide_1.12.0/stm32cubeide/plugins/com.st.stm32cube.ide.mcu.externaltools.gnu-tools-for-stm32.10.3-2021.10.win32_1.0.200.202301161003/tools/bin/../lib/gcc/arm-none-eabi/10.3.1/thumb/v7-m/nofp/crtend.o
LOAD c:/st/stm32cubeide_1.12.0/stm32cubeide/plugins/com.st.stm32cube.ide.mcu.externaltools.gnu-tools-for-stm32.10.3-2021.10.win32_1.0.200.202301161003/tools/bin/../lib/gcc/arm-none-eabi/10.3.1/thumb/v7-m/nofp/crtn.o
                0x0000000020005000                _estack = (ORIGIN (RAM) + LENGTH (RAM))
                0x0000000000000200                _Min_Heap_Size = 0x200
                0x0000000000000400                _Min_Stack_Size = 0x400

.isr_vector     0x0000000008000000      0x10c
                0x0000000008000000                . = ALIGN (0x4)
 *(.isr_vector)
 .isr_vector    0x0000000008000000      0x10c ./Core/Startup/startup_stm32f103c8tx.o
                0x0000000008000000                g_pfnVectors
                0x000000000800010c                . = ALIGN (0x4)

.text           0x000000000800010c     0x4aa0
                0x000000000800010c                . = ALIGN (0x4)
 *(.text)
 .text          0x000000000800010c       0x40 c:/st/stm32cubeide_1.12.0/stm32cubeide/plugins/com.st.stm32cube.ide.mcu.externaltools.gnu-tools-for-stm32.10.3-2021.10.win32_1.0.200.202301161003/tools/bin/../lib/gcc/arm-none-eabi/10.3.1/thumb/v7-m/nofp/crtbegin.o
 .text          0x000000000800014c       0x10 c:/st/stm32cubeide_1.12.0/stm32cubeide/plugins/com.st.stm32cube.ide.mcu.externaltools.gnu-tools-for-stm32.10.3-2021.10.win32_1.0.200.202301161003/tools/bin/../lib/gcc/arm-none-eabi/10.3.1/../../../../arm-none-eabi/lib/thumb/v7-m/nofp\libc_nano.a(lib_a-strlen.o)
                0x000000000800014c                strlen
 .text          0x000000000800015c      0x9e4 c:/st/stm32cubeide_1.12.0/stm32cubeide/plugins/com.st.stm32cube.ide.mcu.externaltools.gnu-tools-for-stm32.10.3-2021.10.win32_1.0.200.202301161003/tools/bin/../lib/gcc/arm-none-eabi/10.3.1/thumb/v7-m/nofp\libgcc.a(unwind-arm.o)
                0x000000000800041c                _Unwind_GetCFA
                0x0000000008000420                __gnu_Unwind_RaiseException
                0x0000000008000488                __gnu_Unwind_ForcedUnwind
                0x000000000800049c                __gnu_Unwind_Resume
                0x00000000080004e0                __gnu_Unwind_Resume_or_Rethrow
                0x00000000080004f4                _Unwind_Complete
                0x00000000080004f8                _Unwind_DeleteException
                0x0000000008000504                _Unwind_VRS_Get
                0x0000000008000550                _Unwind_VRS_Set
                0x0000000008000598                __gnu_Unwind_Backtrace
                0x00000000080008c0                __aeabi_unwind_cpp_pr0
                0x00000000080008c4                __aeabi_unwind_cpp_pr1
                0x00000000080008c8                __aeabi_unwind_cpp_pr2
                0x00000000080008cc                _Unwind_VRS_Pop
 .text          0x0000000008000b40      0x1ac c:/st/stm32cubeide_1.12.0/stm32cubeide/plugins/com.st.stm32cube.ide.mcu.externaltools.gnu-tools-for-stm32.10.3-2021.10.win32_1.0.200.202301161003/tools/bin/../lib/gcc/arm-none-eabi/10.3.1/thumb/v7-m/nofp\libgcc.a(libunwind.o)
                0x0000000008000b40                __restore_core_regs
                0x0000000008000b40                restore_core_regs
                0x0000000008000b58                __gnu_Unwind_Restore_VFP
                0x0000000008000b60                __gnu_Unwind_Save_VFP
                0x0000000008000b68                __gnu_Unwind_Restore_VFP_D
                0x0000000008000b70                __gnu_Unwind_Save_VFP_D
                0x0000000008000b78                __gnu_Unwind_Restore_VFP_D_16_to_31
                0x0000000008000b80                __gnu_Unwind_Save_VFP_D_16_to_31
                0x0000000008000b88                __gnu_Unwind_Restore_WMMXD
                0x0000000008000bcc                __gnu_Unwind_Save_WMMXD
                0x0000000008000c10                __gnu_Unwind_Restore_WMMXC
                0x0000000008000c24                __gnu_Unwind_Save_WMMXC
                0x0000000008000c38                ___Unwind_RaiseException
                0x0000000008000c38                _Unwind_RaiseException
                0x0000000008000c5c                _Unwind_Resume
                0x0000000008000c5c                ___Unwind_Resume
                0x0000000008000c80                _Unwind_Resume_or_Rethrow
                0x0000000008000c80                ___Unwind_Resume_or_Rethrow
                0x0000000008000ca4                _Unwind_ForcedUnwind
                0x0000000008000ca4                ___Unwind_ForcedUnwind
                0x0000000008000cc8                ___Unwind_Backtrace
                0x0000000008000cc8                _Unwind_Backtrace
 .text          0x0000000008000cec      0x38c c:/st/stm32cubeide_1.12.0/stm32cubeide/plugins/com.st.stm32cube.ide.mcu.externaltools.gnu-tools-for-stm32.10.3-2021.10.win32_1.0.200.202301161003/tools/bin/../lib/gcc/arm-none-eabi/10.3.1/thumb/v7-m/nofp\libgcc.a(pr-support.o)
                0x0000000008000d44                __gnu_unwind_execute
                0x0000000008001028                __gnu_unwind_frame
                0x0000000008001058                _Unwind_GetRegionStart
                0x0000000008001064                _Unwind_GetLanguageSpecificData
 *(.text*)
 .text._ZNSt7__cxx1112basic_stringIcSt11char_traitsIcESaIcEE12_M_constructIPcEEvT_S7_St20forward_iterator_tag
                0x0000000008001078       0x90 ./Core/Src/calculate.o
                0x0000000008001078                void std::__cxx11::basic_string<char, std::char_traits<char>, std::allocator<char> >::_M_construct<char*>(char*, char*, std::forward_iterator_tag)
 .text._ZN9__gnu_cxx17__is_null_pointerIcEEbPT_
                0x0000000008001108       0x1e ./Core/Src/calculate.o
                0x0000000008001108                bool __gnu_cxx::__is_null_pointer<char>(char*)
 .text._ZSt8distanceIPcENSt15iterator_traitsIT_E15difference_typeES2_S2_
                0x0000000008001126       0x28 ./Core/Src/calculate.o
                0x0000000008001126                std::iterator_traits<char*>::difference_type std::distance<char*>(char*, char*)
 .text._ZSt19__iterator_categoryIPcENSt15iterator_traitsIT_E17iterator_categoryERKS2_
                0x000000000800114e       0x14 ./Core/Src/calculate.o
                0x000000000800114e                std::iterator_traits<char*>::iterator_category std::__iterator_category<char*>(char* const&)
 .text._ZSt10__distanceIPcENSt15iterator_traitsIT_E15difference_typeES2_S2_St26random_access_iterator_tag
                0x0000000008001162       0x1c ./Core/Src/calculate.o
                0x0000000008001162                std::iterator_traits<char*>::difference_type std::__distance<char*>(char*, char*, std::random_access_iterator_tag)
 *fill*         0x000000000800117e        0x2 
 .text.MX_GPIO_Init
                0x0000000008001180       0x64 ./Core/Src/gpio.o
                0x0000000008001180                MX_GPIO_Init
 .text.main     0x00000000080011e4       0x7c ./Core/Src/main.o
                0x00000000080011e4                main
 .text._Z18SystemClock_Configv
                0x0000000008001260       0xd4 ./Core/Src/main.o
                0x0000000008001260                SystemClock_Config()
 .text.Error_Handler
                0x0000000008001334        0xa ./Core/Src/main.o
                0x0000000008001334                Error_Handler
 *fill*         0x000000000800133e        0x2 
 .text._ZN7MAX721911max7219SendEhh
                0x0000000008001340       0x58 ./Core/Src/max7219.o
                0x0000000008001340                MAX7219::max7219Send(unsigned char, unsigned char)
 .text._ZN7MAX721911max7219InitEv
                0x0000000008001398       0x20 ./Core/Src/max7219.o
                0x0000000008001398                MAX7219::max7219Init()
 .text._ZN7MAX721911setWorkModeEb
                0x00000000080013b8       0x30 ./Core/Src/max7219.o
                0x00000000080013b8                MAX7219::setWorkMode(bool)
 .text._ZN7MAX721913setDecodeModeEh
                0x00000000080013e8       0x20 ./Core/Src/max7219.o
                0x00000000080013e8                MAX7219::setDecodeMode(unsigned char)
 .text._ZN7MAX721913refreshScreenENSt7__cxx1112basic_stringIcSt11char_traitsIcESaIcEEE
                0x0000000008001408       0x1c ./Core/Src/max7219.o
                0x0000000008001408                MAX7219::refreshScreen(std::__cxx11::basic_string<char, std::char_traits<char>, std::allocator<char> >)
 .text.MX_SPI1_Init
                0x0000000008001424       0x48 ./Core/Src/spi.o
                0x0000000008001424                MX_SPI1_Init
 .text.HAL_SPI_MspInit
                0x000000000800146c       0x60 ./Core/Src/spi.o
                0x000000000800146c                HAL_SPI_MspInit
 .text.HAL_MspInit
                0x00000000080014cc       0x30 ./Core/Src/stm32f1xx_hal_msp.o
                0x00000000080014cc                HAL_MspInit
 .text.NMI_Handler
                0x00000000080014fc        0x2 ./Core/Src/stm32f1xx_it.o
                0x00000000080014fc                NMI_Handler
 .text.HardFault_Handler
                0x00000000080014fe        0x2 ./Core/Src/stm32f1xx_it.o
                0x00000000080014fe                HardFault_Handler
 .text.MemManage_Handler
                0x0000000008001500        0x2 ./Core/Src/stm32f1xx_it.o
                0x0000000008001500                MemManage_Handler
 .text.BusFault_Handler
                0x0000000008001502        0x2 ./Core/Src/stm32f1xx_it.o
                0x0000000008001502                BusFault_Handler
 .text.UsageFault_Handler
                0x0000000008001504        0x2 ./Core/Src/stm32f1xx_it.o
                0x0000000008001504                UsageFault_Handler
 .text.SVC_Handler
                0x0000000008001506        0x2 ./Core/Src/stm32f1xx_it.o
                0x0000000008001506                SVC_Handler
 .text.DebugMon_Handler
                0x0000000008001508        0x2 ./Core/Src/stm32f1xx_it.o
                0x0000000008001508                DebugMon_Handler
 .text.PendSV_Handler
                0x000000000800150a        0x2 ./Core/Src/stm32f1xx_it.o
                0x000000000800150a                PendSV_Handler
 .text.SysTick_Handler
                0x000000000800150c        0x4 ./Core/Src/stm32f1xx_it.o
                0x000000000800150c                SysTick_Handler
 .text.USB_LP_CAN1_RX0_IRQHandler
                0x0000000008001510        0xc ./Core/Src/stm32f1xx_it.o
                0x0000000008001510                USB_LP_CAN1_RX0_IRQHandler
 .text._getpid  0x000000000800151c        0x4 ./Core/Src/syscalls.o
                0x000000000800151c                _getpid
 .text._kill    0x0000000008001520       0x10 ./Core/Src/syscalls.o
                0x0000000008001520                _kill
 .text._exit    0x0000000008001530        0xc ./Core/Src/syscalls.o
                0x0000000008001530                _exit
 .text._sbrk    0x000000000800153c       0x40 ./Core/Src/sysmem.o
                0x000000000800153c                _sbrk
 .text.SystemInit
                0x000000000800157c        0x2 ./Core/Src/system_stm32f1xx.o
                0x000000000800157c                SystemInit
 *fill*         0x000000000800157e        0x2 
 .text.Reset_Handler
                0x0000000008001580       0x48 ./Core/Startup/startup_stm32f103c8tx.o
                0x0000000008001580                Reset_Handler
 .text.Default_Handler
                0x00000000080015c8        0x2 ./Core/Startup/startup_stm32f103c8tx.o
                0x00000000080015c8                RTC_Alarm_IRQHandler
                0x00000000080015c8                EXTI2_IRQHandler
                0x00000000080015c8                TIM1_CC_IRQHandler
                0x00000000080015c8                PVD_IRQHandler
                0x00000000080015c8                EXTI3_IRQHandler
                0x00000000080015c8                EXTI0_IRQHandler
                0x00000000080015c8                I2C2_EV_IRQHandler
                0x00000000080015c8                ADC1_2_IRQHandler
                0x00000000080015c8                SPI1_IRQHandler
                0x00000000080015c8                TAMPER_IRQHandler
                0x00000000080015c8                DMA1_Channel4_IRQHandler
                0x00000000080015c8                USART3_IRQHandler
                0x00000000080015c8                RTC_IRQHandler
                0x00000000080015c8                DMA1_Channel7_IRQHandler
                0x00000000080015c8                CAN1_RX1_IRQHandler
                0x00000000080015c8                TIM4_IRQHandler
                0x00000000080015c8                I2C1_EV_IRQHandler
                0x00000000080015c8                DMA1_Channel6_IRQHandler
                0x00000000080015c8                TIM3_IRQHandler
                0x00000000080015c8                RCC_IRQHandler
                0x00000000080015c8                TIM1_TRG_COM_IRQHandler
                0x00000000080015c8                DMA1_Channel1_IRQHandler
                0x00000000080015c8                Default_Handler
                0x00000000080015c8                EXTI15_10_IRQHandler
                0x00000000080015c8                EXTI9_5_IRQHandler
                0x00000000080015c8                SPI2_IRQHandler
                0x00000000080015c8                DMA1_Channel5_IRQHandler
                0x00000000080015c8                EXTI4_IRQHandler
                0x00000000080015c8                USB_HP_CAN1_TX_IRQHandler
                0x00000000080015c8                DMA1_Channel3_IRQHandler
                0x00000000080015c8                TIM1_UP_IRQHandler
                0x00000000080015c8                WWDG_IRQHandler
                0x00000000080015c8                TIM2_IRQHandler
                0x00000000080015c8                TIM1_BRK_IRQHandler
                0x00000000080015c8                EXTI1_IRQHandler
                0x00000000080015c8                USART2_IRQHandler
                0x00000000080015c8                I2C2_ER_IRQHandler
                0x00000000080015c8                DMA1_Channel2_IRQHandler
                0x00000000080015c8                CAN1_SCE_IRQHandler
                0x00000000080015c8                FLASH_IRQHandler
                0x00000000080015c8                USART1_IRQHandler
                0x00000000080015c8                I2C1_ER_IRQHandler
                0x00000000080015c8                USBWakeUp_IRQHandler
 *fill*         0x00000000080015ca        0x2 
 .text.HAL_InitTick
                0x00000000080015cc       0x48 ./Drivers/STM32F1xx_HAL_Driver/Src/stm32f1xx_hal.o
                0x00000000080015cc                HAL_InitTick
 .text.HAL_Init
                0x0000000008001614       0x24 ./Drivers/STM32F1xx_HAL_Driver/Src/stm32f1xx_hal.o
                0x0000000008001614                HAL_Init
 .text.HAL_IncTick
                0x0000000008001638       0x18 ./Drivers/STM32F1xx_HAL_Driver/Src/stm32f1xx_hal.o
                0x0000000008001638                HAL_IncTick
 .text.HAL_GetTick
                0x0000000008001650        0xc ./Drivers/STM32F1xx_HAL_Driver/Src/stm32f1xx_hal.o
                0x0000000008001650                HAL_GetTick
 .text.HAL_Delay
                0x000000000800165c       0x24 ./Drivers/STM32F1xx_HAL_Driver/Src/stm32f1xx_hal.o
                0x000000000800165c                HAL_Delay
 .text.HAL_NVIC_SetPriorityGrouping
                0x0000000008001680       0x24 ./Drivers/STM32F1xx_HAL_Driver/Src/stm32f1xx_hal_cortex.o
                0x0000000008001680                HAL_NVIC_SetPriorityGrouping
 .text.HAL_NVIC_SetPriority
                0x00000000080016a4       0x64 ./Drivers/STM32F1xx_HAL_Driver/Src/stm32f1xx_hal_cortex.o
                0x00000000080016a4                HAL_NVIC_SetPriority
 .text.HAL_NVIC_EnableIRQ
                0x0000000008001708       0x1c ./Drivers/STM32F1xx_HAL_Driver/Src/stm32f1xx_hal_cortex.o
                0x0000000008001708                HAL_NVIC_EnableIRQ
 .text.HAL_SYSTICK_Config
                0x0000000008001724       0x28 ./Drivers/STM32F1xx_HAL_Driver/Src/stm32f1xx_hal_cortex.o
                0x0000000008001724                HAL_SYSTICK_Config
 .text.HAL_GPIO_Init
                0x000000000800174c      0x1b4 ./Drivers/STM32F1xx_HAL_Driver/Src/stm32f1xx_hal_gpio.o
                0x000000000800174c                HAL_GPIO_Init
 .text.HAL_GPIO_WritePin
                0x0000000008001900        0xa ./Drivers/STM32F1xx_HAL_Driver/Src/stm32f1xx_hal_gpio.o
                0x0000000008001900                HAL_GPIO_WritePin
 .text.HAL_PCD_Init
                0x000000000800190a       0xf0 ./Drivers/STM32F1xx_HAL_Driver/Src/stm32f1xx_hal_pcd.o
                0x000000000800190a                HAL_PCD_Init
 .text.HAL_PCD_Start
                0x00000000080019fa       0x32 ./Drivers/STM32F1xx_HAL_Driver/Src/stm32f1xx_hal_pcd.o
                0x00000000080019fa                HAL_PCD_Start
 .text.HAL_PCD_SetAddress
                0x0000000008001a2c       0x28 ./Drivers/STM32F1xx_HAL_Driver/Src/stm32f1xx_hal_pcd.o
                0x0000000008001a2c                HAL_PCD_SetAddress
 .text.HAL_PCD_IRQHandler
                0x0000000008001a54      0x9bc ./Drivers/STM32F1xx_HAL_Driver/Src/stm32f1xx_hal_pcd.o
                0x0000000008001a54                HAL_PCD_IRQHandler
 .text.HAL_PCD_EP_Open
                0x0000000008002410       0x5e ./Drivers/STM32F1xx_HAL_Driver/Src/stm32f1xx_hal_pcd.o
                0x0000000008002410                HAL_PCD_EP_Open
 .text.HAL_PCD_EP_Close
                0x000000000800246e       0x50 ./Drivers/STM32F1xx_HAL_Driver/Src/stm32f1xx_hal_pcd.o
                0x000000000800246e                HAL_PCD_EP_Close
 .text.HAL_PCD_EP_Receive
                0x00000000080024be       0x2e ./Drivers/STM32F1xx_HAL_Driver/Src/stm32f1xx_hal_pcd.o
                0x00000000080024be                HAL_PCD_EP_Receive
 .text.HAL_PCD_EP_GetRxCount
                0x00000000080024ec       0x10 ./Drivers/STM32F1xx_HAL_Driver/Src/stm32f1xx_hal_pcd.o
                0x00000000080024ec                HAL_PCD_EP_GetRxCount
 .text.HAL_PCD_EP_Transmit
                0x00000000080024fc       0x34 ./Drivers/STM32F1xx_HAL_Driver/Src/stm32f1xx_hal_pcd.o
                0x00000000080024fc                HAL_PCD_EP_Transmit
 .text.HAL_PCD_EP_SetStall
                0x0000000008002530       0x68 ./Drivers/STM32F1xx_HAL_Driver/Src/stm32f1xx_hal_pcd.o
                0x0000000008002530                HAL_PCD_EP_SetStall
 .text.HAL_PCD_EP_ClrStall
                0x0000000008002598       0x62 ./Drivers/STM32F1xx_HAL_Driver/Src/stm32f1xx_hal_pcd.o
                0x0000000008002598                HAL_PCD_EP_ClrStall
 .text.HAL_PCDEx_PMAConfig
                0x00000000080025fa       0x32 ./Drivers/STM32F1xx_HAL_Driver/Src/stm32f1xx_hal_pcd_ex.o
                0x00000000080025fa                HAL_PCDEx_PMAConfig
 .text.HAL_RCC_OscConfig
                0x000000000800262c      0x338 ./Drivers/STM32F1xx_HAL_Driver/Src/stm32f1xx_hal_rcc.o
                0x000000000800262c                HAL_RCC_OscConfig
 .text.HAL_RCC_GetSysClockFreq
                0x0000000008002964       0x4c ./Drivers/STM32F1xx_HAL_Driver/Src/stm32f1xx_hal_rcc.o
                0x0000000008002964                HAL_RCC_GetSysClockFreq
 .text.HAL_RCC_ClockConfig
                0x00000000080029b0      0x138 ./Drivers/STM32F1xx_HAL_Driver/Src/stm32f1xx_hal_rcc.o
                0x00000000080029b0                HAL_RCC_ClockConfig
 .text.HAL_RCCEx_PeriphCLKConfig
                0x0000000008002ae8       0xf4 ./Drivers/STM32F1xx_HAL_Driver/Src/stm32f1xx_hal_rcc_ex.o
                0x0000000008002ae8                HAL_RCCEx_PeriphCLKConfig
 .text.SPI_WaitFlagStateUntilTimeout.constprop.0
                0x0000000008002bdc       0xac ./Drivers/STM32F1xx_HAL_Driver/Src/stm32f1xx_hal_spi.o
 .text.SPI_EndRxTxTransaction
                0x0000000008002c88       0x1c ./Drivers/STM32F1xx_HAL_Driver/Src/stm32f1xx_hal_spi.o
 .text.HAL_SPI_Init
                0x0000000008002ca4       0xb0 ./Drivers/STM32F1xx_HAL_Driver/Src/stm32f1xx_hal_spi.o
                0x0000000008002ca4                HAL_SPI_Init
 .text.HAL_SPI_Transmit
                0x0000000008002d54      0x168 ./Drivers/STM32F1xx_HAL_Driver/Src/stm32f1xx_hal_spi.o
                0x0000000008002d54                HAL_SPI_Transmit
 .text.USB_CoreInit
                0x0000000008002ebc        0xe ./Drivers/STM32F1xx_HAL_Driver/Src/stm32f1xx_ll_usb.o
                0x0000000008002ebc                USB_CoreInit
 .text.USB_EnableGlobalInt
                0x0000000008002eca       0x12 ./Drivers/STM32F1xx_HAL_Driver/Src/stm32f1xx_ll_usb.o
                0x0000000008002eca                USB_EnableGlobalInt
 .text.USB_DisableGlobalInt
                0x0000000008002edc       0x14 ./Drivers/STM32F1xx_HAL_Driver/Src/stm32f1xx_ll_usb.o
                0x0000000008002edc                USB_DisableGlobalInt
 .text.USB_SetCurrentMode
                0x0000000008002ef0        0x4 ./Drivers/STM32F1xx_HAL_Driver/Src/stm32f1xx_ll_usb.o
                0x0000000008002ef0                USB_SetCurrentMode
 .text.USB_DevInit
                0x0000000008002ef4       0x28 ./Drivers/STM32F1xx_HAL_Driver/Src/stm32f1xx_ll_usb.o
                0x0000000008002ef4                USB_DevInit
 .text.USB_ActivateEndpoint
                0x0000000008002f1c      0x2c4 ./Drivers/STM32F1xx_HAL_Driver/Src/stm32f1xx_ll_usb.o
                0x0000000008002f1c                USB_ActivateEndpoint
 .text.USB_DeactivateEndpoint
                0x00000000080031e0      0x1a2 ./Drivers/STM32F1xx_HAL_Driver/Src/stm32f1xx_ll_usb.o
                0x00000000080031e0                USB_DeactivateEndpoint
 .text.USB_EPSetStall
                0x0000000008003382       0x40 ./Drivers/STM32F1xx_HAL_Driver/Src/stm32f1xx_ll_usb.o
                0x0000000008003382                USB_EPSetStall
 .text.USB_EPClearStall
                0x00000000080033c2       0x92 ./Drivers/STM32F1xx_HAL_Driver/Src/stm32f1xx_ll_usb.o
                0x00000000080033c2                USB_EPClearStall
 .text.USB_SetDevAddress
                0x0000000008003454        0xc ./Drivers/STM32F1xx_HAL_Driver/Src/stm32f1xx_ll_usb.o
                0x0000000008003454                USB_SetDevAddress
 .text.USB_DevConnect
                0x0000000008003460        0x4 ./Drivers/STM32F1xx_HAL_Driver/Src/stm32f1xx_ll_usb.o
                0x0000000008003460                USB_DevConnect
 .text.USB_DevDisconnect
                0x0000000008003464        0x4 ./Drivers/STM32F1xx_HAL_Driver/Src/stm32f1xx_ll_usb.o
                0x0000000008003464                USB_DevDisconnect
 .text.USB_ReadInterrupts
                0x0000000008003468        0x8 ./Drivers/STM32F1xx_HAL_Driver/Src/stm32f1xx_ll_usb.o
                0x0000000008003468                USB_ReadInterrupts
 .text.USB_EP0_OutStart
                0x0000000008003470        0x4 ./Drivers/STM32F1xx_HAL_Driver/Src/stm32f1xx_ll_usb.o
                0x0000000008003470                USB_EP0_OutStart
 .text.USB_WritePMA
                0x0000000008003474       0x20 ./Drivers/STM32F1xx_HAL_Driver/Src/stm32f1xx_ll_usb.o
                0x0000000008003474                USB_WritePMA
 .text.USB_EPStartXfer
                0x0000000008003494      0x470 ./Drivers/STM32F1xx_HAL_Driver/Src/stm32f1xx_ll_usb.o
                0x0000000008003494                USB_EPStartXfer
 .text.USB_ReadPMA
                0x0000000008003904       0x38 ./Drivers/STM32F1xx_HAL_Driver/Src/stm32f1xx_ll_usb.o
                0x0000000008003904                USB_ReadPMA
 .text.USBD_CDC_EP0_RxReady
                0x000000000800393c       0x28 ./Middlewares/ST/STM32_USB_Device_Library/Class/CDC/Src/usbd_cdc.o
 .text.USBD_CDC_GetFSCfgDesc
                0x0000000008003964        0xc ./Middlewares/ST/STM32_USB_Device_Library/Class/CDC/Src/usbd_cdc.o
 .text.USBD_CDC_GetHSCfgDesc
                0x0000000008003970        0xc ./Middlewares/ST/STM32_USB_Device_Library/Class/CDC/Src/usbd_cdc.o
 .text.USBD_CDC_GetOtherSpeedCfgDesc
                0x000000000800397c        0xc ./Middlewares/ST/STM32_USB_Device_Library/Class/CDC/Src/usbd_cdc.o
 .text.USBD_CDC_GetDeviceQualifierDescriptor
                0x0000000008003988        0xc ./Middlewares/ST/STM32_USB_Device_Library/Class/CDC/Src/usbd_cdc.o
                0x0000000008003988                USBD_CDC_GetDeviceQualifierDescriptor
 .text.USBD_CDC_DataOut
                0x0000000008003994       0x2e ./Middlewares/ST/STM32_USB_Device_Library/Class/CDC/Src/usbd_cdc.o
 .text.USBD_CDC_DataIn
                0x00000000080039c2       0x42 ./Middlewares/ST/STM32_USB_Device_Library/Class/CDC/Src/usbd_cdc.o
 .text.USBD_CDC_Setup
                0x0000000008003a04       0xb6 ./Middlewares/ST/STM32_USB_Device_Library/Class/CDC/Src/usbd_cdc.o
 .text.USBD_CDC_DeInit
                0x0000000008003aba       0x42 ./Middlewares/ST/STM32_USB_Device_Library/Class/CDC/Src/usbd_cdc.o
 .text.USBD_CDC_Init
                0x0000000008003afc       0xa2 ./Middlewares/ST/STM32_USB_Device_Library/Class/CDC/Src/usbd_cdc.o
 .text.USBD_CDC_RegisterInterface
                0x0000000008003b9e        0xe ./Middlewares/ST/STM32_USB_Device_Library/Class/CDC/Src/usbd_cdc.o
                0x0000000008003b9e                USBD_CDC_RegisterInterface
 .text.USBD_CDC_SetTxBuffer
                0x0000000008003bac       0x10 ./Middlewares/ST/STM32_USB_Device_Library/Class/CDC/Src/usbd_cdc.o
                0x0000000008003bac                USBD_CDC_SetTxBuffer
 .text.USBD_CDC_SetRxBuffer
                0x0000000008003bbc        0xc ./Middlewares/ST/STM32_USB_Device_Library/Class/CDC/Src/usbd_cdc.o
                0x0000000008003bbc                USBD_CDC_SetRxBuffer
 .text.USBD_CDC_ReceivePacket
                0x0000000008003bc8       0x2e ./Middlewares/ST/STM32_USB_Device_Library/Class/CDC/Src/usbd_cdc.o
                0x0000000008003bc8                USBD_CDC_ReceivePacket
 .text.USBD_Init
                0x0000000008003bf6       0x2a ./Middlewares/ST/STM32_USB_Device_Library/Core/Src/usbd_core.o
                0x0000000008003bf6                USBD_Init
 .text.USBD_RegisterClass
                0x0000000008003c20        0xe ./Middlewares/ST/STM32_USB_Device_Library/Core/Src/usbd_core.o
                0x0000000008003c20                USBD_RegisterClass
 .text.USBD_Start
                0x0000000008003c2e        0xa ./Middlewares/ST/STM32_USB_Device_Library/Core/Src/usbd_core.o
                0x0000000008003c2e                USBD_Start
 .text.USBD_SetClassConfig
                0x0000000008003c38       0x16 ./Middlewares/ST/STM32_USB_Device_Library/Core/Src/usbd_core.o
                0x0000000008003c38                USBD_SetClassConfig
 .text.USBD_ClrClassConfig
                0x0000000008003c4e        0xe ./Middlewares/ST/STM32_USB_Device_Library/Core/Src/usbd_core.o
                0x0000000008003c4e                USBD_ClrClassConfig
 .text.USBD_LL_SetupStage
                0x0000000008003c5c       0x5a ./Middlewares/ST/STM32_USB_Device_Library/Core/Src/usbd_core.o
                0x0000000008003c5c                USBD_LL_SetupStage
 .text.USBD_LL_DataOutStage
                0x0000000008003cb6       0x74 ./Middlewares/ST/STM32_USB_Device_Library/Core/Src/usbd_core.o
                0x0000000008003cb6                USBD_LL_DataOutStage
 .text.USBD_LL_DataInStage
                0x0000000008003d2a       0xb6 ./Middlewares/ST/STM32_USB_Device_Library/Core/Src/usbd_core.o
                0x0000000008003d2a                USBD_LL_DataInStage
 .text.USBD_LL_Reset
                0x0000000008003de0       0x4e ./Middlewares/ST/STM32_USB_Device_Library/Core/Src/usbd_core.o
                0x0000000008003de0                USBD_LL_Reset
 .text.USBD_LL_SetSpeed
                0x0000000008003e2e        0x6 ./Middlewares/ST/STM32_USB_Device_Library/Core/Src/usbd_core.o
                0x0000000008003e2e                USBD_LL_SetSpeed
 .text.USBD_LL_Suspend
                0x0000000008003e34       0x12 ./Middlewares/ST/STM32_USB_Device_Library/Core/Src/usbd_core.o
                0x0000000008003e34                USBD_LL_Suspend
 .text.USBD_LL_Resume
                0x0000000008003e46       0x14 ./Middlewares/ST/STM32_USB_Device_Library/Core/Src/usbd_core.o
                0x0000000008003e46                USBD_LL_Resume
 .text.USBD_LL_SOF
                0x0000000008003e5a       0x18 ./Middlewares/ST/STM32_USB_Device_Library/Core/Src/usbd_core.o
                0x0000000008003e5a                USBD_LL_SOF
 .text.USBD_CtlError.constprop.0
                0x0000000008003e72       0x16 ./Middlewares/ST/STM32_USB_Device_Library/Core/Src/usbd_ctlreq.o
 .text.USBD_StdDevReq
                0x0000000008003e88      0x254 ./Middlewares/ST/STM32_USB_Device_Library/Core/Src/usbd_ctlreq.o
                0x0000000008003e88                USBD_StdDevReq
 .text.USBD_StdItfReq
                0x00000000080040dc       0x48 ./Middlewares/ST/STM32_USB_Device_Library/Core/Src/usbd_ctlreq.o
                0x00000000080040dc                USBD_StdItfReq
 .text.USBD_StdEPReq
                0x0000000008004124      0x114 ./Middlewares/ST/STM32_USB_Device_Library/Core/Src/usbd_ctlreq.o
                0x0000000008004124                USBD_StdEPReq
 .text.USBD_ParseSetupRequest
                0x0000000008004238       0x28 ./Middlewares/ST/STM32_USB_Device_Library/Core/Src/usbd_ctlreq.o
                0x0000000008004238                USBD_ParseSetupRequest
 .text.USBD_CtlError
                0x0000000008004260       0x16 ./Middlewares/ST/STM32_USB_Device_Library/Core/Src/usbd_ctlreq.o
                0x0000000008004260                USBD_CtlError
 .text.USBD_GetString
                0x0000000008004276       0x38 ./Middlewares/ST/STM32_USB_Device_Library/Core/Src/usbd_ctlreq.o
                0x0000000008004276                USBD_GetString
 .text.USBD_CtlSendData
                0x00000000080042ae       0x1a ./Middlewares/ST/STM32_USB_Device_Library/Core/Src/usbd_ioreq.o
                0x00000000080042ae                USBD_CtlSendData
 .text.USBD_CtlContinueSendData
                0x00000000080042c8       0x10 ./Middlewares/ST/STM32_USB_Device_Library/Core/Src/usbd_ioreq.o
                0x00000000080042c8                USBD_CtlContinueSendData
 .text.USBD_CtlPrepareRx
                0x00000000080042d8       0x1a ./Middlewares/ST/STM32_USB_Device_Library/Core/Src/usbd_ioreq.o
                0x00000000080042d8                USBD_CtlPrepareRx
 .text.USBD_CtlContinueRx
                0x00000000080042f2       0x10 ./Middlewares/ST/STM32_USB_Device_Library/Core/Src/usbd_ioreq.o
                0x00000000080042f2                USBD_CtlContinueRx
 .text.USBD_CtlSendStatus
                0x0000000008004302       0x16 ./Middlewares/ST/STM32_USB_Device_Library/Core/Src/usbd_ioreq.o
                0x0000000008004302                USBD_CtlSendStatus
 .text.USBD_CtlReceiveStatus
                0x0000000008004318       0x16 ./Middlewares/ST/STM32_USB_Device_Library/Core/Src/usbd_ioreq.o
                0x0000000008004318                USBD_CtlReceiveStatus
 *fill*         0x000000000800432e        0x2 
 .text.MX_USB_DEVICE_Init
                0x0000000008004330       0x50 ./USB_DEVICE/App/usb_device.o
                0x0000000008004330                MX_USB_DEVICE_Init
 .text.CDC_DeInit_FS
                0x0000000008004380        0x4 ./USB_DEVICE/App/usbd_cdc_if.o
 .text.CDC_Control_FS
                0x0000000008004384        0x4 ./USB_DEVICE/App/usbd_cdc_if.o
 .text.CDC_Receive_FS
                0x0000000008004388       0x1c ./USB_DEVICE/App/usbd_cdc_if.o
 .text.CDC_Init_FS
                0x00000000080043a4       0x28 ./USB_DEVICE/App/usbd_cdc_if.o
 .text.USBD_FS_DeviceDescriptor
                0x00000000080043cc        0xc ./USB_DEVICE/App/usbd_desc.o
                0x00000000080043cc                USBD_FS_DeviceDescriptor
 .text.USBD_FS_LangIDStrDescriptor
                0x00000000080043d8        0xc ./USB_DEVICE/App/usbd_desc.o
                0x00000000080043d8                USBD_FS_LangIDStrDescriptor
 .text.IntToUnicode
                0x00000000080043e4       0x2a ./USB_DEVICE/App/usbd_desc.o
 *fill*         0x000000000800440e        0x2 
 .text.USBD_FS_SerialStrDescriptor
                0x0000000008004410       0x3c ./USB_DEVICE/App/usbd_desc.o
                0x0000000008004410                USBD_FS_SerialStrDescriptor
 .text.USBD_FS_ManufacturerStrDescriptor
                0x000000000800444c       0x1c ./USB_DEVICE/App/usbd_desc.o
                0x000000000800444c                USBD_FS_ManufacturerStrDescriptor
 .text.USBD_FS_ProductStrDescriptor
                0x0000000008004468       0x1c ./USB_DEVICE/App/usbd_desc.o
                0x0000000008004468                USBD_FS_ProductStrDescriptor
 .text.USBD_FS_ConfigStrDescriptor
                0x0000000008004484       0x1c ./USB_DEVICE/App/usbd_desc.o
                0x0000000008004484                USBD_FS_ConfigStrDescriptor
 .text.USBD_FS_InterfaceStrDescriptor
                0x00000000080044a0       0x1c ./USB_DEVICE/App/usbd_desc.o
                0x00000000080044a0                USBD_FS_InterfaceStrDescriptor
 .text.USBD_Get_USB_Status
                0x00000000080044bc       0x10 ./USB_DEVICE/Target/usbd_conf.o
 .text.HAL_PCD_MspInit
                0x00000000080044cc       0x40 ./USB_DEVICE/Target/usbd_conf.o
                0x00000000080044cc                HAL_PCD_MspInit
 .text.HAL_PCD_SetupStageCallback
                0x000000000800450c        0xc ./USB_DEVICE/Target/usbd_conf.o
                0x000000000800450c                HAL_PCD_SetupStageCallback
 .text.HAL_PCD_DataOutStageCallback
                0x0000000008004518       0x12 ./USB_DEVICE/Target/usbd_conf.o
                0x0000000008004518                HAL_PCD_DataOutStageCallback
 .text.HAL_PCD_DataInStageCallback
                0x000000000800452a       0x10 ./USB_DEVICE/Target/usbd_conf.o
                0x000000000800452a                HAL_PCD_DataInStageCallback
 .text.HAL_PCD_SOFCallback
                0x000000000800453a        0x8 ./USB_DEVICE/Target/usbd_conf.o
                0x000000000800453a                HAL_PCD_SOFCallback
 .text.HAL_PCD_ResetCallback
                0x0000000008004542       0x24 ./USB_DEVICE/Target/usbd_conf.o
                0x0000000008004542                HAL_PCD_ResetCallback
 *fill*         0x0000000008004566        0x2 
 .text.HAL_PCD_SuspendCallback
                0x0000000008004568       0x20 ./USB_DEVICE/Target/usbd_conf.o
                0x0000000008004568                HAL_PCD_SuspendCallback
 .text.HAL_PCD_ResumeCallback
                0x0000000008004588        0x8 ./USB_DEVICE/Target/usbd_conf.o
                0x0000000008004588                HAL_PCD_ResumeCallback
 .text.USBD_LL_Init
                0x0000000008004590       0x84 ./USB_DEVICE/Target/usbd_conf.o
                0x0000000008004590                USBD_LL_Init
 .text.USBD_LL_Start
                0x0000000008004614       0x12 ./USB_DEVICE/Target/usbd_conf.o
                0x0000000008004614                USBD_LL_Start
 .text.USBD_LL_OpenEP
                0x0000000008004626       0x18 ./USB_DEVICE/Target/usbd_conf.o
                0x0000000008004626                USBD_LL_OpenEP
 .text.USBD_LL_CloseEP
                0x000000000800463e       0x12 ./USB_DEVICE/Target/usbd_conf.o
                0x000000000800463e                USBD_LL_CloseEP
 .text.USBD_LL_StallEP
                0x0000000008004650       0x12 ./USB_DEVICE/Target/usbd_conf.o
                0x0000000008004650                USBD_LL_StallEP
 .text.USBD_LL_ClearStallEP
                0x0000000008004662       0x12 ./USB_DEVICE/Target/usbd_conf.o
                0x0000000008004662                USBD_LL_ClearStallEP
 .text.USBD_LL_IsStallEP
                0x0000000008004674       0x24 ./USB_DEVICE/Target/usbd_conf.o
                0x0000000008004674                USBD_LL_IsStallEP
 .text.USBD_LL_SetUSBAddress
                0x0000000008004698       0x12 ./USB_DEVICE/Target/usbd_conf.o
                0x0000000008004698                USBD_LL_SetUSBAddress
 .text.USBD_LL_Transmit
                0x00000000080046aa       0x12 ./USB_DEVICE/Target/usbd_conf.o
                0x00000000080046aa                USBD_LL_Transmit
 .text.USBD_LL_PrepareReceive
                0x00000000080046bc       0x12 ./USB_DEVICE/Target/usbd_conf.o
                0x00000000080046bc                USBD_LL_PrepareReceive
 .text.USBD_LL_GetRxDataSize
                0x00000000080046ce        0x8 ./USB_DEVICE/Target/usbd_conf.o
                0x00000000080046ce                USBD_LL_GetRxDataSize
 *fill*         0x00000000080046d6        0x2 
 .text.USBD_static_malloc
                0x00000000080046d8        0x8 ./USB_DEVICE/Target/usbd_conf.o
                0x00000000080046d8                USBD_static_malloc
 .text.USBD_static_free
                0x00000000080046e0        0x2 ./USB_DEVICE/Target/usbd_conf.o
                0x00000000080046e0                USBD_static_free
 .text.HAL_PCDEx_SetConnectionState
                0x00000000080046e2        0x2 ./USB_DEVICE/Target/usbd_conf.o
                0x00000000080046e2                HAL_PCDEx_SetConnectionState
 .text._Znwj    0x00000000080046e4       0x22 c:/st/stm32cubeide_1.12.0/stm32cubeide/plugins/com.st.stm32cube.ide.mcu.externaltools.gnu-tools-for-stm32.10.3-2021.10.win32_1.0.200.202301161003/tools/bin/../lib/gcc/arm-none-eabi/10.3.1/../../../../arm-none-eabi/lib/thumb/v7-m/nofp\libstdc++_nano.a(new_op.o)
                0x00000000080046e4                operator new(unsigned int)
 .text._ZNSaIcEC2Ev
                0x0000000008004706        0x2 c:/st/stm32cubeide_1.12.0/stm32cubeide/plugins/com.st.stm32cube.ide.mcu.externaltools.gnu-tools-for-stm32.10.3-2021.10.win32_1.0.200.202301161003/tools/bin/../lib/gcc/arm-none-eabi/10.3.1/../../../../arm-none-eabi/lib/thumb/v7-m/nofp\libstdc++_nano.a(allocator-inst.o)
                0x0000000008004706                std::allocator<char>::allocator()
                0x0000000008004706                std::allocator<char>::allocator()
 .text._ZNSaIcED2Ev
                0x0000000008004708        0x2 c:/st/stm32cubeide_1.12.0/stm32cubeide/plugins/com.st.stm32cube.ide.mcu.externaltools.gnu-tools-for-stm32.10.3-2021.10.win32_1.0.200.202301161003/tools/bin/../lib/gcc/arm-none-eabi/10.3.1/../../../../arm-none-eabi/lib/thumb/v7-m/nofp\libstdc++_nano.a(allocator-inst.o)
                0x0000000008004708                std::allocator<char>::~allocator()
                0x0000000008004708                std::allocator<char>::~allocator()
 .text.unlikely._ZSt17__throw_bad_allocv
                0x000000000800470a        0x6 c:/st/stm32cubeide_1.12.0/stm32cubeide/plugins/com.st.stm32cube.ide.mcu.externaltools.gnu-tools-for-stm32.10.3-2021.10.win32_1.0.200.202301161003/tools/bin/../lib/gcc/arm-none-eabi/10.3.1/../../../../arm-none-eabi/lib/thumb/v7-m/nofp\libstdc++_nano.a(functexcept.o)
                0x000000000800470a                std::__throw_bad_alloc()
 .text.unlikely._ZSt19__throw_logic_errorPKc
                0x0000000008004710        0x6 c:/st/stm32cubeide_1.12.0/stm32cubeide/plugins/com.st.stm32cube.ide.mcu.externaltools.gnu-tools-for-stm32.10.3-2021.10.win32_1.0.200.202301161003/tools/bin/../lib/gcc/arm-none-eabi/10.3.1/../../../../arm-none-eabi/lib/thumb/v7-m/nofp\libstdc++_nano.a(functexcept.o)
                0x0000000008004710                std::__throw_logic_error(char const*)
 .text.unlikely._ZSt20__throw_length_errorPKc
                0x0000000008004716        0x6 c:/st/stm32cubeide_1.12.0/stm32cubeide/plugins/com.st.stm32cube.ide.mcu.externaltools.gnu-tools-for-stm32.10.3-2021.10.win32_1.0.200.202301161003/tools/bin/../lib/gcc/arm-none-eabi/10.3.1/../../../../arm-none-eabi/lib/thumb/v7-m/nofp\libstdc++_nano.a(functexcept.o)
                0x0000000008004716                std::__throw_length_error(char const*)
 .text._ZNSt11char_traitsIcE4copyEPcPKcj.isra.0
                0x000000000800471c        0x8 c:/st/stm32cubeide_1.12.0/stm32cubeide/plugins/com.st.stm32cube.ide.mcu.externaltools.gnu-tools-for-stm32.10.3-2021.10.win32_1.0.200.202301161003/tools/bin/../lib/gcc/arm-none-eabi/10.3.1/../../../../arm-none-eabi/lib/thumb/v7-m/nofp\libstdc++_nano.a(string-inst.o)
 .text._ZNSt7__cxx1112basic_stringIcSt11char_traitsIcESaIcEE7_M_dataEPc
                0x0000000008004724        0x4 c:/st/stm32cubeide_1.12.0/stm32cubeide/plugins/com.st.stm32cube.ide.mcu.externaltools.gnu-tools-for-stm32.10.3-2021.10.win32_1.0.200.202301161003/tools/bin/../lib/gcc/arm-none-eabi/10.3.1/../../../../arm-none-eabi/lib/thumb/v7-m/nofp\libstdc++_nano.a(string-inst.o)
                0x0000000008004724                std::__cxx11::basic_string<char, std::char_traits<char>, std::allocator<char> >::_M_data(char*)
 .text._ZNKSt7__cxx1112basic_stringIcSt11char_traitsIcESaIcEE7_M_dataEv
                0x0000000008004728        0x4 c:/st/stm32cubeide_1.12.0/stm32cubeide/plugins/com.st.stm32cube.ide.mcu.externaltools.gnu-tools-for-stm32.10.3-2021.10.win32_1.0.200.202301161003/tools/bin/../lib/gcc/arm-none-eabi/10.3.1/../../../../arm-none-eabi/lib/thumb/v7-m/nofp\libstdc++_nano.a(string-inst.o)
                0x0000000008004728                std::__cxx11::basic_string<char, std::char_traits<char>, std::allocator<char> >::_M_data() const
 .text._ZNSt7__cxx1112basic_stringIcSt11char_traitsIcESaIcEE11_M_capacityEj
                0x000000000800472c        0x4 c:/st/stm32cubeide_1.12.0/stm32cubeide/plugins/com.st.stm32cube.ide.mcu.externaltools.gnu-tools-for-stm32.10.3-2021.10.win32_1.0.200.202301161003/tools/bin/../lib/gcc/arm-none-eabi/10.3.1/../../../../arm-none-eabi/lib/thumb/v7-m/nofp\libstdc++_nano.a(string-inst.o)
                0x000000000800472c                std::__cxx11::basic_string<char, std::char_traits<char>, std::allocator<char> >::_M_capacity(unsigned int)
 .text._ZNSt7__cxx1112basic_stringIcSt11char_traitsIcESaIcEE13_M_set_lengthEj
                0x0000000008004730        0xa c:/st/stm32cubeide_1.12.0/stm32cubeide/plugins/com.st.stm32cube.ide.mcu.externaltools.gnu-tools-for-stm32.10.3-2021.10.win32_1.0.200.202301161003/tools/bin/../lib/gcc/arm-none-eabi/10.3.1/../../../../arm-none-eabi/lib/thumb/v7-m/nofp\libstdc++_nano.a(string-inst.o)
                0x0000000008004730                std::__cxx11::basic_string<char, std::char_traits<char>, std::allocator<char> >::_M_set_length(unsigned int)
 *fill*         0x000000000800473a        0x2 
 .text._ZNSt7__cxx1112basic_stringIcSt11char_traitsIcESaIcEE9_M_createERjj
                0x000000000800473c       0x44 c:/st/stm32cubeide_1.12.0/stm32cubeide/plugins/com.st.stm32cube.ide.mcu.externaltools.gnu-tools-for-stm32.10.3-2021.10.win32_1.0.200.202301161003/tools/bin/../lib/gcc/arm-none-eabi/10.3.1/../../../../arm-none-eabi/lib/thumb/v7-m/nofp\libstdc++_nano.a(string-inst.o)
                0x000000000800473c                std::__cxx11::basic_string<char, std::char_traits<char>, std::allocator<char> >::_M_create(unsigned int&, unsigned int)
 .text._ZNSt7__cxx1112basic_stringIcSt11char_traitsIcESaIcEE10_M_disposeEv
                0x0000000008004780       0x10 c:/st/stm32cubeide_1.12.0/stm32cubeide/plugins/com.st.stm32cube.ide.mcu.externaltools.gnu-tools-for-stm32.10.3-2021.10.win32_1.0.200.202301161003/tools/bin/../lib/gcc/arm-none-eabi/10.3.1/../../../../arm-none-eabi/lib/thumb/v7-m/nofp\libstdc++_nano.a(string-inst.o)
                0x0000000008004780                std::__cxx11::basic_string<char, std::char_traits<char>, std::allocator<char> >::_M_dispose()
 .text._ZNSt7__cxx1112basic_stringIcSt11char_traitsIcESaIcEE7_S_copyEPcPKcj
                0x0000000008004790       0x14 c:/st/stm32cubeide_1.12.0/stm32cubeide/plugins/com.st.stm32cube.ide.mcu.externaltools.gnu-tools-for-stm32.10.3-2021.10.win32_1.0.200.202301161003/tools/bin/../lib/gcc/arm-none-eabi/10.3.1/../../../../arm-none-eabi/lib/thumb/v7-m/nofp\libstdc++_nano.a(string-inst.o)
                0x0000000008004790                std::__cxx11::basic_string<char, std::char_traits<char>, std::allocator<char> >::_S_copy(char*, char const*, unsigned int)
 .text._ZNSt7__cxx1112basic_stringIcSt11char_traitsIcESaIcEE13_S_copy_charsEPcS5_S5_
                0x00000000080047a4        0xa c:/st/stm32cubeide_1.12.0/stm32cubeide/plugins/com.st.stm32cube.ide.mcu.externaltools.gnu-tools-for-stm32.10.3-2021.10.win32_1.0.200.202301161003/tools/bin/../lib/gcc/arm-none-eabi/10.3.1/../../../../arm-none-eabi/lib/thumb/v7-m/nofp\libstdc++_nano.a(string-inst.o)
                0x00000000080047a4                std::__cxx11::basic_string<char, std::char_traits<char>, std::allocator<char> >::_S_copy_chars(char*, char*, char*)
 .text._ZNSt7__cxx1112basic_stringIcSt11char_traitsIcESaIcEE13_S_copy_charsEPcPKcS7_
                0x00000000080047ae        0xa c:/st/stm32cubeide_1.12.0/stm32cubeide/plugins/com.st.stm32cube.ide.mcu.externaltools.gnu-tools-for-stm32.10.3-2021.10.win32_1.0.200.202301161003/tools/bin/../lib/gcc/arm-none-eabi/10.3.1/../../../../arm-none-eabi/lib/thumb/v7-m/nofp\libstdc++_nano.a(string-inst.o)
                0x00000000080047ae                std::__cxx11::basic_string<char, std::char_traits<char>, std::allocator<char> >::_S_copy_chars(char*, char const*, char const*)
 .text._ZNSt7__cxx1112basic_stringIcSt11char_traitsIcESaIcEED2Ev
                0x00000000080047b8        0xc c:/st/stm32cubeide_1.12.0/stm32cubeide/plugins/com.st.stm32cube.ide.mcu.externaltools.gnu-tools-for-stm32.10.3-2021.10.win32_1.0.200.202301161003/tools/bin/../lib/gcc/arm-none-eabi/10.3.1/../../../../arm-none-eabi/lib/thumb/v7-m/nofp\libstdc++_nano.a(string-inst.o)
                0x00000000080047b8                std::__cxx11::basic_string<char, std::char_traits<char>, std::allocator<char> >::~basic_string()
                0x00000000080047b8                std::__cxx11::basic_string<char, std::char_traits<char>, std::allocator<char> >::~basic_string()
 .text._ZNSt7__cxx1112basic_stringIcSt11char_traitsIcESaIcEEC2ERKS4_
                0x00000000080047c4       0x1c c:/st/stm32cubeide_1.12.0/stm32cubeide/plugins/com.st.stm32cube.ide.mcu.externaltools.gnu-tools-for-stm32.10.3-2021.10.win32_1.0.200.202301161003/tools/bin/../lib/gcc/arm-none-eabi/10.3.1/../../../../arm-none-eabi/lib/thumb/v7-m/nofp\libstdc++_nano.a(string-inst.o)
                0x00000000080047c4                std::__cxx11::basic_string<char, std::char_traits<char>, std::allocator<char> >::basic_string(std::__cxx11::basic_string<char, std::char_traits<char>, std::allocator<char> > const&)
                0x00000000080047c4                std::__cxx11::basic_string<char, std::char_traits<char>, std::allocator<char> >::basic_string(std::__cxx11::basic_string<char, std::char_traits<char>, std::allocator<char> > const&)
 .text._ZNSt7__cxx1112basic_stringIcSt11char_traitsIcESaIcEE12_M_constructIPKcEEvT_S8_St20forward_iterator_tag
                0x00000000080047e0       0x48 c:/st/stm32cubeide_1.12.0/stm32cubeide/plugins/com.st.stm32cube.ide.mcu.externaltools.gnu-tools-for-stm32.10.3-2021.10.win32_1.0.200.202301161003/tools/bin/../lib/gcc/arm-none-eabi/10.3.1/../../../../arm-none-eabi/lib/thumb/v7-m/nofp\libstdc++_nano.a(string-inst.o)
                0x00000000080047e0                void std::__cxx11::basic_string<char, std::char_traits<char>, std::allocator<char> >::_M_construct<char const*>(char const*, char const*, std::forward_iterator_tag)
 .text._ZNSt7__cxx1112basic_stringIcSt11char_traitsIcESaIcEEC2EPKcRKS3_
                0x0000000008004828       0x2a c:/st/stm32cubeide_1.12.0/stm32cubeide/plugins/com.st.stm32cube.ide.mcu.externaltools.gnu-tools-for-stm32.10.3-2021.10.win32_1.0.200.202301161003/tools/bin/../lib/gcc/arm-none-eabi/10.3.1/../../../../arm-none-eabi/lib/thumb/v7-m/nofp\libstdc++_nano.a(string-inst.o)
                0x0000000008004828                std::__cxx11::basic_string<char, std::char_traits<char>, std::allocator<char> >::basic_string(char const*, std::allocator<char> const&)
                0x0000000008004828                std::__cxx11::basic_string<char, std::char_traits<char>, std::allocator<char> >::basic_string(char const*, std::allocator<char> const&)
 .text._ZdlPv   0x0000000008004852        0x4 c:/st/stm32cubeide_1.12.0/stm32cubeide/plugins/com.st.stm32cube.ide.mcu.externaltools.gnu-tools-for-stm32.10.3-2021.10.win32_1.0.200.202301161003/tools/bin/../lib/gcc/arm-none-eabi/10.3.1/../../../../arm-none-eabi/lib/thumb/v7-m/nofp\libstdc++_nano.a(del_op.o)
                0x0000000008004852                operator delete(void*)
 *fill*         0x0000000008004856        0x2 
 .text._ZSt15get_new_handlerv
                0x0000000008004858       0x10 c:/st/stm32cubeide_1.12.0/stm32cubeide/plugins/com.st.stm32cube.ide.mcu.externaltools.gnu-tools-for-stm32.10.3-2021.10.win32_1.0.200.202301161003/tools/bin/../lib/gcc/arm-none-eabi/10.3.1/../../../../arm-none-eabi/lib/thumb/v7-m/nofp\libstdc++_nano.a(new_handler.o)
                0x0000000008004858                std::get_new_handler()
 .text.abort    0x0000000008004868        0xe c:/st/stm32cubeide_1.12.0/stm32cubeide/plugins/com.st.stm32cube.ide.mcu.externaltools.gnu-tools-for-stm32.10.3-2021.10.win32_1.0.200.202301161003/tools/bin/../lib/gcc/arm-none-eabi/10.3.1/../../../../arm-none-eabi/lib/thumb/v7-m/nofp\libc_nano.a(lib_a-abort.o)
                0x0000000008004868                abort
 *fill*         0x0000000008004876        0x2 
 .text.__errno  0x0000000008004878        0xc c:/st/stm32cubeide_1.12.0/stm32cubeide/plugins/com.st.stm32cube.ide.mcu.externaltools.gnu-tools-for-stm32.10.3-2021.10.win32_1.0.200.202301161003/tools/bin/../lib/gcc/arm-none-eabi/10.3.1/../../../../arm-none-eabi/lib/thumb/v7-m/nofp\libc_nano.a(lib_a-errno.o)
                0x0000000008004878                __errno
 .text.__libc_init_array
                0x0000000008004884       0x48 c:/st/stm32cubeide_1.12.0/stm32cubeide/plugins/com.st.stm32cube.ide.mcu.externaltools.gnu-tools-for-stm32.10.3-2021.10.win32_1.0.200.202301161003/tools/bin/../lib/gcc/arm-none-eabi/10.3.1/../../../../arm-none-eabi/lib/thumb/v7-m/nofp\libc_nano.a(lib_a-init.o)
                0x0000000008004884                __libc_init_array
 .text.malloc   0x00000000080048cc       0x10 c:/st/stm32cubeide_1.12.0/stm32cubeide/plugins/com.st.stm32cube.ide.mcu.externaltools.gnu-tools-for-stm32.10.3-2021.10.win32_1.0.200.202301161003/tools/bin/../lib/gcc/arm-none-eabi/10.3.1/../../../../arm-none-eabi/lib/thumb/v7-m/nofp\libc_nano.a(lib_a-malloc.o)
                0x00000000080048cc                malloc
 .text.free     0x00000000080048dc       0x10 c:/st/stm32cubeide_1.12.0/stm32cubeide/plugins/com.st.stm32cube.ide.mcu.externaltools.gnu-tools-for-stm32.10.3-2021.10.win32_1.0.200.202301161003/tools/bin/../lib/gcc/arm-none-eabi/10.3.1/../../../../arm-none-eabi/lib/thumb/v7-m/nofp\libc_nano.a(lib_a-malloc.o)
                0x00000000080048dc                free
 .text.memcpy   0x00000000080048ec       0x1c c:/st/stm32cubeide_1.12.0/stm32cubeide/plugins/com.st.stm32cube.ide.mcu.externaltools.gnu-tools-for-stm32.10.3-2021.10.win32_1.0.200.202301161003/tools/bin/../lib/gcc/arm-none-eabi/10.3.1/../../../../arm-none-eabi/lib/thumb/v7-m/nofp\libc_nano.a(lib_a-memcpy-stub.o)
                0x00000000080048ec                memcpy
 .text.memset   0x0000000008004908       0x10 c:/st/stm32cubeide_1.12.0/stm32cubeide/plugins/com.st.stm32cube.ide.mcu.externaltools.gnu-tools-for-stm32.10.3-2021.10.win32_1.0.200.202301161003/tools/bin/../lib/gcc/arm-none-eabi/10.3.1/../../../../arm-none-eabi/lib/thumb/v7-m/nofp\libc_nano.a(lib_a-memset.o)
                0x0000000008004908                memset
 .text._free_r  0x0000000008004918       0x90 c:/st/stm32cubeide_1.12.0/stm32cubeide/plugins/com.st.stm32cube.ide.mcu.externaltools.gnu-tools-for-stm32.10.3-2021.10.win32_1.0.200.202301161003/tools/bin/../lib/gcc/arm-none-eabi/10.3.1/../../../../arm-none-eabi/lib/thumb/v7-m/nofp\libc_nano.a(lib_a-nano-freer.o)
                0x0000000008004918                _free_r
 .text.sbrk_aligned
                0x00000000080049a8       0x40 c:/st/stm32cubeide_1.12.0/stm32cubeide/plugins/com.st.stm32cube.ide.mcu.externaltools.gnu-tools-for-stm32.10.3-2021.10.win32_1.0.200.202301161003/tools/bin/../lib/gcc/arm-none-eabi/10.3.1/../../../../arm-none-eabi/lib/thumb/v7-m/nofp\libc_nano.a(lib_a-nano-mallocr.o)
 .text._malloc_r
                0x00000000080049e8       0xe8 c:/st/stm32cubeide_1.12.0/stm32cubeide/plugins/com.st.stm32cube.ide.mcu.externaltools.gnu-tools-for-stm32.10.3-2021.10.win32_1.0.200.202301161003/tools/bin/../lib/gcc/arm-none-eabi/10.3.1/../../../../arm-none-eabi/lib/thumb/v7-m/nofp\libc_nano.a(lib_a-nano-mallocr.o)
                0x00000000080049e8                _malloc_r
 .text._sbrk_r  0x0000000008004ad0       0x20 c:/st/stm32cubeide_1.12.0/stm32cubeide/plugins/com.st.stm32cube.ide.mcu.externaltools.gnu-tools-for-stm32.10.3-2021.10.win32_1.0.200.202301161003/tools/bin/../lib/gcc/arm-none-eabi/10.3.1/../../../../arm-none-eabi/lib/thumb/v7-m/nofp\libc_nano.a(lib_a-sbrkr.o)
                0x0000000008004ad0                _sbrk_r
 .text._raise_r
                0x0000000008004af0       0x50 c:/st/stm32cubeide_1.12.0/stm32cubeide/plugins/com.st.stm32cube.ide.mcu.externaltools.gnu-tools-for-stm32.10.3-2021.10.win32_1.0.200.202301161003/tools/bin/../lib/gcc/arm-none-eabi/10.3.1/../../../../arm-none-eabi/lib/thumb/v7-m/nofp\libc_nano.a(lib_a-signal.o)
                0x0000000008004af0                _raise_r
 .text.raise    0x0000000008004b40       0x10 c:/st/stm32cubeide_1.12.0/stm32cubeide/plugins/com.st.stm32cube.ide.mcu.externaltools.gnu-tools-for-stm32.10.3-2021.10.win32_1.0.200.202301161003/tools/bin/../lib/gcc/arm-none-eabi/10.3.1/../../../../arm-none-eabi/lib/thumb/v7-m/nofp\libc_nano.a(lib_a-signal.o)
                0x0000000008004b40                raise
 .text._kill_r  0x0000000008004b50       0x24 c:/st/stm32cubeide_1.12.0/stm32cubeide/plugins/com.st.stm32cube.ide.mcu.externaltools.gnu-tools-for-stm32.10.3-2021.10.win32_1.0.200.202301161003/tools/bin/../lib/gcc/arm-none-eabi/10.3.1/../../../../arm-none-eabi/lib/thumb/v7-m/nofp\libc_nano.a(lib_a-signalr.o)
                0x0000000008004b50                _kill_r
 .text._getpid_r
                0x0000000008004b74        0x4 c:/st/stm32cubeide_1.12.0/stm32cubeide/plugins/com.st.stm32cube.ide.mcu.externaltools.gnu-tools-for-stm32.10.3-2021.10.win32_1.0.200.202301161003/tools/bin/../lib/gcc/arm-none-eabi/10.3.1/../../../../arm-none-eabi/lib/thumb/v7-m/nofp\libc_nano.a(lib_a-signalr.o)
                0x0000000008004b74                _getpid_r
 .text.__malloc_lock
                0x0000000008004b78        0xc c:/st/stm32cubeide_1.12.0/stm32cubeide/plugins/com.st.stm32cube.ide.mcu.externaltools.gnu-tools-for-stm32.10.3-2021.10.win32_1.0.200.202301161003/tools/bin/../lib/gcc/arm-none-eabi/10.3.1/../../../../arm-none-eabi/lib/thumb/v7-m/nofp\libc_nano.a(lib_a-mlock.o)
                0x0000000008004b78                __malloc_lock
 .text.__malloc_unlock
                0x0000000008004b84        0xc c:/st/stm32cubeide_1.12.0/stm32cubeide/plugins/com.st.stm32cube.ide.mcu.externaltools.gnu-tools-for-stm32.10.3-2021.10.win32_1.0.200.202301161003/tools/bin/../lib/gcc/arm-none-eabi/10.3.1/../../../../arm-none-eabi/lib/thumb/v7-m/nofp\libc_nano.a(lib_a-mlock.o)
                0x0000000008004b84                __malloc_unlock
 .text.__retarget_lock_acquire_recursive
                0x0000000008004b90        0x2 c:/st/stm32cubeide_1.12.0/stm32cubeide/plugins/com.st.stm32cube.ide.mcu.externaltools.gnu-tools-for-stm32.10.3-2021.10.win32_1.0.200.202301161003/tools/bin/../lib/gcc/arm-none-eabi/10.3.1/../../../../arm-none-eabi/lib/thumb/v7-m/nofp\libc_nano.a(lib_a-lock.o)
                0x0000000008004b90                __retarget_lock_acquire_recursive
 .text.__retarget_lock_release_recursive
                0x0000000008004b92        0x2 c:/st/stm32cubeide_1.12.0/stm32cubeide/plugins/com.st.stm32cube.ide.mcu.externaltools.gnu-tools-for-stm32.10.3-2021.10.win32_1.0.200.202301161003/tools/bin/../lib/gcc/arm-none-eabi/10.3.1/../../../../arm-none-eabi/lib/thumb/v7-m/nofp\libc_nano.a(lib_a-lock.o)
                0x0000000008004b92                __retarget_lock_release_recursive
 *(.glue_7)
 .glue_7        0x0000000008004b94        0x0 linker stubs
 *(.glue_7t)
 .glue_7t       0x0000000008004b94        0x0 linker stubs
 *(.eh_frame)
 .eh_frame      0x0000000008004b94        0x0 c:/st/stm32cubeide_1.12.0/stm32cubeide/plugins/com.st.stm32cube.ide.mcu.externaltools.gnu-tools-for-stm32.10.3-2021.10.win32_1.0.200.202301161003/tools/bin/../lib/gcc/arm-none-eabi/10.3.1/thumb/v7-m/nofp/crtbegin.o
 *(.init)
 .init          0x0000000008004b94        0x4 c:/st/stm32cubeide_1.12.0/stm32cubeide/plugins/com.st.stm32cube.ide.mcu.externaltools.gnu-tools-for-stm32.10.3-2021.10.win32_1.0.200.202301161003/tools/bin/../lib/gcc/arm-none-eabi/10.3.1/thumb/v7-m/nofp/crti.o
                0x0000000008004b94                _init
 .init          0x0000000008004b98        0x8 c:/st/stm32cubeide_1.12.0/stm32cubeide/plugins/com.st.stm32cube.ide.mcu.externaltools.gnu-tools-for-stm32.10.3-2021.10.win32_1.0.200.202301161003/tools/bin/../lib/gcc/arm-none-eabi/10.3.1/thumb/v7-m/nofp/crtn.o
 *(.fini)
 .fini          0x0000000008004ba0        0x4 c:/st/stm32cubeide_1.12.0/stm32cubeide/plugins/com.st.stm32cube.ide.mcu.externaltools.gnu-tools-for-stm32.10.3-2021.10.win32_1.0.200.202301161003/tools/bin/../lib/gcc/arm-none-eabi/10.3.1/thumb/v7-m/nofp/crti.o
                0x0000000008004ba0                _fini
 .fini          0x0000000008004ba4        0x8 c:/st/stm32cubeide_1.12.0/stm32cubeide/plugins/com.st.stm32cube.ide.mcu.externaltools.gnu-tools-for-stm32.10.3-2021.10.win32_1.0.200.202301161003/tools/bin/../lib/gcc/arm-none-eabi/10.3.1/thumb/v7-m/nofp/crtn.o
                0x0000000008004bac                . = ALIGN (0x4)
                0x0000000008004bac                _etext = .

.vfp11_veneer   0x0000000008004bac        0x0
 .vfp11_veneer  0x0000000008004bac        0x0 linker stubs

.v4_bx          0x0000000008004bac        0x0
 .v4_bx         0x0000000008004bac        0x0 linker stubs

.iplt           0x0000000008004bac        0x0
 .iplt          0x0000000008004bac        0x0 c:/st/stm32cubeide_1.12.0/stm32cubeide/plugins/com.st.stm32cube.ide.mcu.externaltools.gnu-tools-for-stm32.10.3-2021.10.win32_1.0.200.202301161003/tools/bin/../lib/gcc/arm-none-eabi/10.3.1/thumb/v7-m/nofp/crtbegin.o

.rodata         0x0000000008004bac      0x180
                0x0000000008004bac                . = ALIGN (0x4)
 *(.rodata)
 .rodata        0x0000000008004bac       0x6a ./Core/Src/calculate.o
 *fill*         0x0000000008004c16        0x2 
 .rodata        0x0000000008004c18        0x7 ./Core/Src/main.o
 *(.rodata*)
 .rodata.AHBPrescTable
                0x0000000008004c1f       0x10 ./Core/Src/system_stm32f1xx.o
                0x0000000008004c1f                AHBPrescTable
 .rodata.aPLLMULFactorTable.1
                0x0000000008004c2f       0x10 ./Drivers/STM32F1xx_HAL_Driver/Src/stm32f1xx_hal_rcc.o
 .rodata.aPredivFactorTable.0
                0x0000000008004c3f        0x2 ./Drivers/STM32F1xx_HAL_Driver/Src/stm32f1xx_hal_rcc.o
 .rodata.USBD_FS_ManufacturerStrDescriptor.str1.1
                0x0000000008004c41       0x13 ./USB_DEVICE/App/usbd_desc.o
 .rodata.USBD_FS_ProductStrDescriptor.str1.1
                0x0000000008004c54       0x16 ./USB_DEVICE/App/usbd_desc.o
 .rodata.USBD_FS_ConfigStrDescriptor.str1.1
                0x0000000008004c6a        0xb ./USB_DEVICE/App/usbd_desc.o
 .rodata.USBD_FS_InterfaceStrDescriptor.str1.1
                0x0000000008004c75        0xe ./USB_DEVICE/App/usbd_desc.o
 .rodata.CSWTCH.3
                0x0000000008004c83        0x4 ./USB_DEVICE/Target/usbd_conf.o
 .rodata._ZNSt7__cxx1112basic_stringIcSt11char_traitsIcESaIcEE9_M_createERjj.str1.1
                0x0000000008004c87       0x18 c:/st/stm32cubeide_1.12.0/stm32cubeide/plugins/com.st.stm32cube.ide.mcu.externaltools.gnu-tools-for-stm32.10.3-2021.10.win32_1.0.200.202301161003/tools/bin/../lib/gcc/arm-none-eabi/10.3.1/../../../../arm-none-eabi/lib/thumb/v7-m/nofp\libstdc++_nano.a(string-inst.o)
 .rodata._ZNSt7__cxx1112basic_stringIcSt11char_traitsIcESaIcEE12_M_constructIPcEEvT_S7_St20forward_iterator_tag.str1.1
                0x0000000008004c9f       0x2a c:/st/stm32cubeide_1.12.0/stm32cubeide/plugins/com.st.stm32cube.ide.mcu.externaltools.gnu-tools-for-stm32.10.3-2021.10.win32_1.0.200.202301161003/tools/bin/../lib/gcc/arm-none-eabi/10.3.1/../../../../arm-none-eabi/lib/thumb/v7-m/nofp\libstdc++_nano.a(string-inst.o)
 *fill*         0x0000000008004cc9        0x3 
 .rodata.__sf_fake_stderr
                0x0000000008004ccc       0x20 c:/st/stm32cubeide_1.12.0/stm32cubeide/plugins/com.st.stm32cube.ide.mcu.externaltools.gnu-tools-for-stm32.10.3-2021.10.win32_1.0.200.202301161003/tools/bin/../lib/gcc/arm-none-eabi/10.3.1/../../../../arm-none-eabi/lib/thumb/v7-m/nofp\libc_nano.a(lib_a-findfp.o)
                0x0000000008004ccc                __sf_fake_stderr
 .rodata.__sf_fake_stdin
                0x0000000008004cec       0x20 c:/st/stm32cubeide_1.12.0/stm32cubeide/plugins/com.st.stm32cube.ide.mcu.externaltools.gnu-tools-for-stm32.10.3-2021.10.win32_1.0.200.202301161003/tools/bin/../lib/gcc/arm-none-eabi/10.3.1/../../../../arm-none-eabi/lib/thumb/v7-m/nofp\libc_nano.a(lib_a-findfp.o)
                0x0000000008004cec                __sf_fake_stdin
 .rodata.__sf_fake_stdout
                0x0000000008004d0c       0x20 c:/st/stm32cubeide_1.12.0/stm32cubeide/plugins/com.st.stm32cube.ide.mcu.externaltools.gnu-tools-for-stm32.10.3-2021.10.win32_1.0.200.202301161003/tools/bin/../lib/gcc/arm-none-eabi/10.3.1/../../../../arm-none-eabi/lib/thumb/v7-m/nofp\libc_nano.a(lib_a-findfp.o)
                0x0000000008004d0c                __sf_fake_stdout
                0x0000000008004d2c                . = ALIGN (0x4)

.ARM.extab      0x0000000008004d2c      0x108
                0x0000000008004d2c                . = ALIGN (0x4)
 *(.ARM.extab* .gnu.linkonce.armextab.*)
 .ARM.extab.text.MX_SPI1_Init
                0x0000000008004d2c        0xc ./Core/Src/spi.o
 .ARM.extab.text._kill
                0x0000000008004d38        0xc ./Core/Src/syscalls.o
 .ARM.extab.text.HAL_Init
                0x0000000008004d44        0xc ./Drivers/STM32F1xx_HAL_Driver/Src/stm32f1xx_hal.o
 .ARM.extab.text.USBD_Init
                0x0000000008004d50        0xc ./Middlewares/ST/STM32_USB_Device_Library/Core/Src/usbd_core.o
 .ARM.extab.text.USBD_Start
                0x0000000008004d5c        0xc ./Middlewares/ST/STM32_USB_Device_Library/Core/Src/usbd_core.o
 .ARM.extab.text.USBD_SetClassConfig
                0x0000000008004d68        0xc ./Middlewares/ST/STM32_USB_Device_Library/Core/Src/usbd_core.o
 .ARM.extab.text.USBD_ClrClassConfig
                0x0000000008004d74        0xc ./Middlewares/ST/STM32_USB_Device_Library/Core/Src/usbd_core.o
 .ARM.extab.text.USBD_LL_SOF
                0x0000000008004d80        0xc ./Middlewares/ST/STM32_USB_Device_Library/Core/Src/usbd_core.o
 .ARM.extab.text.USBD_CtlContinueSendData
                0x0000000008004d8c        0xc ./Middlewares/ST/STM32_USB_Device_Library/Core/Src/usbd_ioreq.o
 .ARM.extab.text.USBD_CtlContinueRx
                0x0000000008004d98        0xc ./Middlewares/ST/STM32_USB_Device_Library/Core/Src/usbd_ioreq.o
 .ARM.extab.text.USBD_CtlSendStatus
                0x0000000008004da4        0xc ./Middlewares/ST/STM32_USB_Device_Library/Core/Src/usbd_ioreq.o
 .ARM.extab.text.USBD_CtlReceiveStatus
                0x0000000008004db0        0xc ./Middlewares/ST/STM32_USB_Device_Library/Core/Src/usbd_ioreq.o
 .ARM.extab.text.MX_USB_DEVICE_Init
                0x0000000008004dbc        0xc ./USB_DEVICE/App/usb_device.o
 .ARM.extab.text.USBD_LL_Start
                0x0000000008004dc8        0xc ./USB_DEVICE/Target/usbd_conf.o
 .ARM.extab.text.USBD_LL_CloseEP
                0x0000000008004dd4        0xc ./USB_DEVICE/Target/usbd_conf.o
 .ARM.extab.text.USBD_LL_StallEP
                0x0000000008004de0        0xc ./USB_DEVICE/Target/usbd_conf.o
 .ARM.extab.text.USBD_LL_ClearStallEP
                0x0000000008004dec        0xc ./USB_DEVICE/Target/usbd_conf.o
 .ARM.extab.text.USBD_LL_SetUSBAddress
                0x0000000008004df8        0xc ./USB_DEVICE/Target/usbd_conf.o
 .ARM.extab.text.USBD_LL_Transmit
                0x0000000008004e04        0xc ./USB_DEVICE/Target/usbd_conf.o
 .ARM.extab.text.USBD_LL_PrepareReceive
                0x0000000008004e10        0xc ./USB_DEVICE/Target/usbd_conf.o
 .ARM.extab     0x0000000008004e1c       0x18 c:/st/stm32cubeide_1.12.0/stm32cubeide/plugins/com.st.stm32cube.ide.mcu.externaltools.gnu-tools-for-stm32.10.3-2021.10.win32_1.0.200.202301161003/tools/bin/../lib/gcc/arm-none-eabi/10.3.1/thumb/v7-m/nofp\libgcc.a(pr-support.o)
                0x0000000008004e34                . = ALIGN (0x4)

.ARM            0x0000000008004e34      0x358
                0x0000000008004e34                . = ALIGN (0x4)
                0x0000000008004e34                __exidx_start = .
 *(.ARM.exidx*)
 .ARM.exidx.text.MX_GPIO_Init
                0x0000000008004eec       0x10 ./Core/Src/gpio.o
                                          0x8 (size before relaxing)
 .ARM.exidx.text.MX_SPI1_Init
                0x0000000008004efc        0x8 ./Core/Src/spi.o
 .ARM.exidx.text.HAL_SPI_MspInit
                0x0000000008004f04        0x8 ./Core/Src/spi.o
 .ARM.exidx.text.HAL_MspInit
                0x0000000008004f0c        0x8 ./Core/Src/stm32f1xx_hal_msp.o
 .ARM.exidx.text.NMI_Handler
                0x0000000008004f14        0x0 ./Core/Src/stm32f1xx_it.o
                                          0x8 (size before relaxing)
 .ARM.exidx.text.HardFault_Handler
                0x0000000008004f14        0x0 ./Core/Src/stm32f1xx_it.o
                                          0x8 (size before relaxing)
 .ARM.exidx.text.MemManage_Handler
                0x0000000008004f14        0x0 ./Core/Src/stm32f1xx_it.o
                                          0x8 (size before relaxing)
 .ARM.exidx.text.BusFault_Handler
                0x0000000008004f14        0x0 ./Core/Src/stm32f1xx_it.o
                                          0x8 (size before relaxing)
 .ARM.exidx.text.UsageFault_Handler
                0x0000000008004f14        0x0 ./Core/Src/stm32f1xx_it.o
                                          0x8 (size before relaxing)
 .ARM.exidx.text.SVC_Handler
                0x0000000008004f14        0x0 ./Core/Src/stm32f1xx_it.o
                                          0x8 (size before relaxing)
 .ARM.exidx.text.DebugMon_Handler
                0x0000000008004f14        0x0 ./Core/Src/stm32f1xx_it.o
                                          0x8 (size before relaxing)
 .ARM.exidx.text.PendSV_Handler
                0x0000000008004f14        0x0 ./Core/Src/stm32f1xx_it.o
                                          0x8 (size before relaxing)
 .ARM.exidx.text.SysTick_Handler
                0x0000000008004f14        0x0 ./Core/Src/stm32f1xx_it.o
                                          0x8 (size before relaxing)
 .ARM.exidx.text.USB_LP_CAN1_RX0_IRQHandler
                0x0000000008004f14        0x0 ./Core/Src/stm32f1xx_it.o
                                          0x8 (size before relaxing)
 .ARM.exidx.text._getpid
                0x0000000008004f14        0x0 ./Core/Src/syscalls.o
                                          0x8 (size before relaxing)
 .ARM.exidx.text._kill
                0x0000000008004f14        0x8 ./Core/Src/syscalls.o
 .ARM.exidx.text._exit
                0x0000000008004f1c        0x8 ./Core/Src/syscalls.o
 .ARM.exidx.text._sbrk
                0x0000000008004f24        0x8 ./Core/Src/sysmem.o
 .ARM.exidx.text.SystemInit
                0x0000000008004f2c        0x8 ./Core/Src/system_stm32f1xx.o
 .ARM.exidx.text.HAL_InitTick
                0x0000000008004f34        0x8 ./Drivers/STM32F1xx_HAL_Driver/Src/stm32f1xx_hal.o
 .ARM.exidx.text.HAL_Init
                0x0000000008004f3c        0x8 ./Drivers/STM32F1xx_HAL_Driver/Src/stm32f1xx_hal.o
 .ARM.exidx.text.HAL_IncTick
                0x0000000008004f44        0x8 ./Drivers/STM32F1xx_HAL_Driver/Src/stm32f1xx_hal.o
 .ARM.exidx.text.HAL_GetTick
                0x0000000008004f4c        0x0 ./Drivers/STM32F1xx_HAL_Driver/Src/stm32f1xx_hal.o
                                          0x8 (size before relaxing)
 .ARM.exidx.text.HAL_Delay
                0x0000000008004f4c        0x8 ./Drivers/STM32F1xx_HAL_Driver/Src/stm32f1xx_hal.o
 .ARM.exidx.text.HAL_NVIC_SetPriorityGrouping
                0x0000000008004f54        0x8 ./Drivers/STM32F1xx_HAL_Driver/Src/stm32f1xx_hal_cortex.o
 .ARM.exidx.text.HAL_NVIC_SetPriority
                0x0000000008004f5c        0x0 ./Drivers/STM32F1xx_HAL_Driver/Src/stm32f1xx_hal_cortex.o
                                          0x8 (size before relaxing)
 .ARM.exidx.text.HAL_NVIC_EnableIRQ
                0x0000000008004f5c        0x0 ./Drivers/STM32F1xx_HAL_Driver/Src/stm32f1xx_hal_cortex.o
                                          0x8 (size before relaxing)
 .ARM.exidx.text.HAL_SYSTICK_Config
                0x0000000008004f5c        0x0 ./Drivers/STM32F1xx_HAL_Driver/Src/stm32f1xx_hal_cortex.o
                                          0x8 (size before relaxing)
 .ARM.exidx.text.HAL_GPIO_Init
                0x0000000008004f5c        0x0 ./Drivers/STM32F1xx_HAL_Driver/Src/stm32f1xx_hal_gpio.o
                                          0x8 (size before relaxing)
 .ARM.exidx.text.HAL_GPIO_WritePin
                0x0000000008004f5c        0x0 ./Drivers/STM32F1xx_HAL_Driver/Src/stm32f1xx_hal_gpio.o
                                          0x8 (size before relaxing)
 .ARM.exidx.text.HAL_PCD_Init
                0x0000000008004f5c        0x8 ./Drivers/STM32F1xx_HAL_Driver/Src/stm32f1xx_hal_pcd.o
 .ARM.exidx.text.HAL_PCD_Start
                0x0000000008004f64        0x8 ./Drivers/STM32F1xx_HAL_Driver/Src/stm32f1xx_hal_pcd.o
 .ARM.exidx.text.HAL_PCD_SetAddress
                0x0000000008004f6c        0x8 ./Drivers/STM32F1xx_HAL_Driver/Src/stm32f1xx_hal_pcd.o
 .ARM.exidx.text.HAL_PCD_IRQHandler
                0x0000000008004f74        0x8 ./Drivers/STM32F1xx_HAL_Driver/Src/stm32f1xx_hal_pcd.o
 .ARM.exidx.text.HAL_PCD_EP_Open
                0x0000000008004f7c        0x8 ./Drivers/STM32F1xx_HAL_Driver/Src/stm32f1xx_hal_pcd.o
 .ARM.exidx.text.HAL_PCD_EP_Close
                0x0000000008004f84        0x8 ./Drivers/STM32F1xx_HAL_Driver/Src/stm32f1xx_hal_pcd.o
 .ARM.exidx.text.HAL_PCD_EP_Receive
                0x0000000008004f8c        0x8 ./Drivers/STM32F1xx_HAL_Driver/Src/stm32f1xx_hal_pcd.o
 .ARM.exidx.text.HAL_PCD_EP_GetRxCount
                0x0000000008004f94        0x8 ./Drivers/STM32F1xx_HAL_Driver/Src/stm32f1xx_hal_pcd.o
 .ARM.exidx.text.HAL_PCD_EP_Transmit
                0x0000000008004f9c        0x8 ./Drivers/STM32F1xx_HAL_Driver/Src/stm32f1xx_hal_pcd.o
 .ARM.exidx.text.HAL_PCD_EP_SetStall
                0x0000000008004fa4        0x8 ./Drivers/STM32F1xx_HAL_Driver/Src/stm32f1xx_hal_pcd.o
 .ARM.exidx.text.HAL_PCD_EP_ClrStall
                0x0000000008004fac        0x0 ./Drivers/STM32F1xx_HAL_Driver/Src/stm32f1xx_hal_pcd.o
                                          0x8 (size before relaxing)
 .ARM.exidx.text.HAL_PCDEx_PMAConfig
                0x0000000008004fac        0x8 ./Drivers/STM32F1xx_HAL_Driver/Src/stm32f1xx_hal_pcd_ex.o
 .ARM.exidx.text.HAL_RCC_OscConfig
                0x0000000008004fb4        0x8 ./Drivers/STM32F1xx_HAL_Driver/Src/stm32f1xx_hal_rcc.o
 .ARM.exidx.text.HAL_RCC_GetSysClockFreq
                0x0000000008004fbc        0x8 ./Drivers/STM32F1xx_HAL_Driver/Src/stm32f1xx_hal_rcc.o
 .ARM.exidx.text.HAL_RCC_ClockConfig
                0x0000000008004fc4        0x8 ./Drivers/STM32F1xx_HAL_Driver/Src/stm32f1xx_hal_rcc.o
 .ARM.exidx.text.HAL_RCCEx_PeriphCLKConfig
                0x0000000008004fcc        0x8 ./Drivers/STM32F1xx_HAL_Driver/Src/stm32f1xx_hal_rcc_ex.o
 .ARM.exidx.text.SPI_WaitFlagStateUntilTimeout.constprop.0
                0x0000000008004fd4        0x0 ./Drivers/STM32F1xx_HAL_Driver/Src/stm32f1xx_hal_spi.o
                                          0x8 (size before relaxing)
 .ARM.exidx.text.SPI_EndRxTxTransaction
                0x0000000008004fd4        0x8 ./Drivers/STM32F1xx_HAL_Driver/Src/stm32f1xx_hal_spi.o
 .ARM.exidx.text.HAL_SPI_Init
                0x0000000008004fdc        0x0 ./Drivers/STM32F1xx_HAL_Driver/Src/stm32f1xx_hal_spi.o
                                          0x8 (size before relaxing)
 .ARM.exidx.text.HAL_SPI_Transmit
                0x0000000008004fdc        0x8 ./Drivers/STM32F1xx_HAL_Driver/Src/stm32f1xx_hal_spi.o
 .ARM.exidx.text.USB_CoreInit
                0x0000000008004fe4        0x8 ./Drivers/STM32F1xx_HAL_Driver/Src/stm32f1xx_ll_usb.o
 .ARM.exidx.text.USB_EnableGlobalInt
                0x0000000008004fec        0x0 ./Drivers/STM32F1xx_HAL_Driver/Src/stm32f1xx_ll_usb.o
                                          0x8 (size before relaxing)
 .ARM.exidx.text.USB_DisableGlobalInt
                0x0000000008004fec        0x0 ./Drivers/STM32F1xx_HAL_Driver/Src/stm32f1xx_ll_usb.o
                                          0x8 (size before relaxing)
 .ARM.exidx.text.USB_SetCurrentMode
                0x0000000008004fec        0x0 ./Drivers/STM32F1xx_HAL_Driver/Src/stm32f1xx_ll_usb.o
                                          0x8 (size before relaxing)
 .ARM.exidx.text.USB_DevInit
                0x0000000008004fec        0x0 ./Drivers/STM32F1xx_HAL_Driver/Src/stm32f1xx_ll_usb.o
                                          0x8 (size before relaxing)
 .ARM.exidx.text.USB_ActivateEndpoint
                0x0000000008004fec        0x0 ./Drivers/STM32F1xx_HAL_Driver/Src/stm32f1xx_ll_usb.o
                                          0x8 (size before relaxing)
 .ARM.exidx.text.USB_DeactivateEndpoint
                0x0000000008004fec        0x0 ./Drivers/STM32F1xx_HAL_Driver/Src/stm32f1xx_ll_usb.o
                                          0x8 (size before relaxing)
 .ARM.exidx.text.USB_EPSetStall
                0x0000000008004fec        0x0 ./Drivers/STM32F1xx_HAL_Driver/Src/stm32f1xx_ll_usb.o
                                          0x8 (size before relaxing)
 .ARM.exidx.text.USB_EPClearStall
                0x0000000008004fec        0x0 ./Drivers/STM32F1xx_HAL_Driver/Src/stm32f1xx_ll_usb.o
                                          0x8 (size before relaxing)
 .ARM.exidx.text.USB_SetDevAddress
                0x0000000008004fec        0x0 ./Drivers/STM32F1xx_HAL_Driver/Src/stm32f1xx_ll_usb.o
                                          0x8 (size before relaxing)
 .ARM.exidx.text.USB_DevConnect
                0x0000000008004fec        0x0 ./Drivers/STM32F1xx_HAL_Driver/Src/stm32f1xx_ll_usb.o
                                          0x8 (size before relaxing)
 .ARM.exidx.text.USB_DevDisconnect
                0x0000000008004fec        0x0 ./Drivers/STM32F1xx_HAL_Driver/Src/stm32f1xx_ll_usb.o
                                          0x8 (size before relaxing)
 .ARM.exidx.text.USB_ReadInterrupts
                0x0000000008004fec        0x0 ./Drivers/STM32F1xx_HAL_Driver/Src/stm32f1xx_ll_usb.o
                                          0x8 (size before relaxing)
 .ARM.exidx.text.USB_EP0_OutStart
                0x0000000008004fec        0x0 ./Drivers/STM32F1xx_HAL_Driver/Src/stm32f1xx_ll_usb.o
                                          0x8 (size before relaxing)
 .ARM.exidx.text.USB_WritePMA
                0x0000000008004fec        0x0 ./Drivers/STM32F1xx_HAL_Driver/Src/stm32f1xx_ll_usb.o
                                          0x8 (size before relaxing)
 .ARM.exidx.text.USB_EPStartXfer
                0x0000000008004fec        0x0 ./Drivers/STM32F1xx_HAL_Driver/Src/stm32f1xx_ll_usb.o
                                          0x8 (size before relaxing)
 .ARM.exidx.text.USB_ReadPMA
                0x0000000008004fec        0x0 ./Drivers/STM32F1xx_HAL_Driver/Src/stm32f1xx_ll_usb.o
                                          0x8 (size before relaxing)
 .ARM.exidx.text.USBD_CDC_EP0_RxReady
                0x0000000008004fec        0x8 ./Middlewares/ST/STM32_USB_Device_Library/Class/CDC/Src/usbd_cdc.o
 .ARM.exidx.text.USBD_CDC_GetFSCfgDesc
                0x0000000008004ff4        0x8 ./Middlewares/ST/STM32_USB_Device_Library/Class/CDC/Src/usbd_cdc.o
 .ARM.exidx.text.USBD_CDC_GetHSCfgDesc
                0x0000000008004ffc        0x0 ./Middlewares/ST/STM32_USB_Device_Library/Class/CDC/Src/usbd_cdc.o
                                          0x8 (size before relaxing)
 .ARM.exidx.text.USBD_CDC_GetOtherSpeedCfgDesc
                0x0000000008004ffc        0x0 ./Middlewares/ST/STM32_USB_Device_Library/Class/CDC/Src/usbd_cdc.o
                                          0x8 (size before relaxing)
 .ARM.exidx.text.USBD_CDC_GetDeviceQualifierDescriptor
                0x0000000008004ffc        0x0 ./Middlewares/ST/STM32_USB_Device_Library/Class/CDC/Src/usbd_cdc.o
                                          0x8 (size before relaxing)
 .ARM.exidx.text.USBD_CDC_DataOut
                0x0000000008004ffc        0x8 ./Middlewares/ST/STM32_USB_Device_Library/Class/CDC/Src/usbd_cdc.o
 .ARM.exidx.text.USBD_CDC_DataIn
                0x0000000008005004        0x8 ./Middlewares/ST/STM32_USB_Device_Library/Class/CDC/Src/usbd_cdc.o
 .ARM.exidx.text.USBD_CDC_Setup
                0x000000000800500c        0x8 ./Middlewares/ST/STM32_USB_Device_Library/Class/CDC/Src/usbd_cdc.o
 .ARM.exidx.text.USBD_CDC_DeInit
                0x0000000008005014        0x8 ./Middlewares/ST/STM32_USB_Device_Library/Class/CDC/Src/usbd_cdc.o
 .ARM.exidx.text.USBD_CDC_Init
                0x000000000800501c        0x8 ./Middlewares/ST/STM32_USB_Device_Library/Class/CDC/Src/usbd_cdc.o
 .ARM.exidx.text.USBD_CDC_RegisterInterface
                0x0000000008005024        0x8 ./Middlewares/ST/STM32_USB_Device_Library/Class/CDC/Src/usbd_cdc.o
 .ARM.exidx.text.USBD_CDC_SetTxBuffer
                0x000000000800502c        0x0 ./Middlewares/ST/STM32_USB_Device_Library/Class/CDC/Src/usbd_cdc.o
                                          0x8 (size before relaxing)
 .ARM.exidx.text.USBD_CDC_SetRxBuffer
                0x000000000800502c        0x0 ./Middlewares/ST/STM32_USB_Device_Library/Class/CDC/Src/usbd_cdc.o
                                          0x8 (size before relaxing)
 .ARM.exidx.text.USBD_CDC_ReceivePacket
                0x000000000800502c        0x8 ./Middlewares/ST/STM32_USB_Device_Library/Class/CDC/Src/usbd_cdc.o
 .ARM.exidx.text.USBD_Init
                0x0000000008005034        0x8 ./Middlewares/ST/STM32_USB_Device_Library/Core/Src/usbd_core.o
 .ARM.exidx.text.USBD_RegisterClass
                0x000000000800503c        0x8 ./Middlewares/ST/STM32_USB_Device_Library/Core/Src/usbd_core.o
 .ARM.exidx.text.USBD_Start
                0x0000000008005044        0x8 ./Middlewares/ST/STM32_USB_Device_Library/Core/Src/usbd_core.o
 .ARM.exidx.text.USBD_SetClassConfig
                0x000000000800504c        0x8 ./Middlewares/ST/STM32_USB_Device_Library/Core/Src/usbd_core.o
 .ARM.exidx.text.USBD_ClrClassConfig
                0x0000000008005054        0x8 ./Middlewares/ST/STM32_USB_Device_Library/Core/Src/usbd_core.o
 .ARM.exidx.text.USBD_LL_SetupStage
                0x000000000800505c        0x8 ./Middlewares/ST/STM32_USB_Device_Library/Core/Src/usbd_core.o
 .ARM.exidx.text.USBD_LL_DataOutStage
                0x0000000008005064        0x8 ./Middlewares/ST/STM32_USB_Device_Library/Core/Src/usbd_core.o
 .ARM.exidx.text.USBD_LL_DataInStage
                0x000000000800506c        0x0 ./Middlewares/ST/STM32_USB_Device_Library/Core/Src/usbd_core.o
                                          0x8 (size before relaxing)
 .ARM.exidx.text.USBD_LL_Reset
                0x000000000800506c        0x8 ./Middlewares/ST/STM32_USB_Device_Library/Core/Src/usbd_core.o
 .ARM.exidx.text.USBD_LL_SetSpeed
                0x0000000008005074        0x8 ./Middlewares/ST/STM32_USB_Device_Library/Core/Src/usbd_core.o
 .ARM.exidx.text.USBD_LL_Suspend
                0x000000000800507c        0x0 ./Middlewares/ST/STM32_USB_Device_Library/Core/Src/usbd_core.o
                                          0x8 (size before relaxing)
 .ARM.exidx.text.USBD_LL_Resume
                0x000000000800507c        0x0 ./Middlewares/ST/STM32_USB_Device_Library/Core/Src/usbd_core.o
                                          0x8 (size before relaxing)
 .ARM.exidx.text.USBD_LL_SOF
                0x000000000800507c        0x8 ./Middlewares/ST/STM32_USB_Device_Library/Core/Src/usbd_core.o
 .ARM.exidx.text.USBD_CtlError.constprop.0
                0x0000000008005084        0x8 ./Middlewares/ST/STM32_USB_Device_Library/Core/Src/usbd_ctlreq.o
 .ARM.exidx.text.USBD_StdDevReq
                0x000000000800508c        0x8 ./Middlewares/ST/STM32_USB_Device_Library/Core/Src/usbd_ctlreq.o
 .ARM.exidx.text.USBD_StdItfReq
                0x0000000008005094        0x8 ./Middlewares/ST/STM32_USB_Device_Library/Core/Src/usbd_ctlreq.o
 .ARM.exidx.text.USBD_StdEPReq
                0x000000000800509c        0x0 ./Middlewares/ST/STM32_USB_Device_Library/Core/Src/usbd_ctlreq.o
                                          0x8 (size before relaxing)
 .ARM.exidx.text.USBD_ParseSetupRequest
                0x000000000800509c        0x8 ./Middlewares/ST/STM32_USB_Device_Library/Core/Src/usbd_ctlreq.o
 .ARM.exidx.text.USBD_CtlError
                0x00000000080050a4        0x8 ./Middlewares/ST/STM32_USB_Device_Library/Core/Src/usbd_ctlreq.o
 .ARM.exidx.text.USBD_GetString
                0x00000000080050ac        0x8 ./Middlewares/ST/STM32_USB_Device_Library/Core/Src/usbd_ctlreq.o
 .ARM.exidx.text.USBD_CtlSendData
                0x00000000080050b4        0x8 ./Middlewares/ST/STM32_USB_Device_Library/Core/Src/usbd_ioreq.o
 .ARM.exidx.text.USBD_CtlContinueSendData
                0x00000000080050bc        0x8 ./Middlewares/ST/STM32_USB_Device_Library/Core/Src/usbd_ioreq.o
 .ARM.exidx.text.USBD_CtlPrepareRx
                0x00000000080050c4        0x8 ./Middlewares/ST/STM32_USB_Device_Library/Core/Src/usbd_ioreq.o
 .ARM.exidx.text.USBD_CtlContinueRx
                0x00000000080050cc        0x8 ./Middlewares/ST/STM32_USB_Device_Library/Core/Src/usbd_ioreq.o
 .ARM.exidx.text.USBD_CtlSendStatus
                0x00000000080050d4        0x8 ./Middlewares/ST/STM32_USB_Device_Library/Core/Src/usbd_ioreq.o
 .ARM.exidx.text.USBD_CtlReceiveStatus
                0x00000000080050dc        0x8 ./Middlewares/ST/STM32_USB_Device_Library/Core/Src/usbd_ioreq.o
 .ARM.exidx.text.MX_USB_DEVICE_Init
                0x00000000080050e4        0x8 ./USB_DEVICE/App/usb_device.o
 .ARM.exidx.text.CDC_DeInit_FS
                0x00000000080050ec        0x8 ./USB_DEVICE/App/usbd_cdc_if.o
 .ARM.exidx.text.CDC_Control_FS
                0x00000000080050f4        0x0 ./USB_DEVICE/App/usbd_cdc_if.o
                                          0x8 (size before relaxing)
 .ARM.exidx.text.CDC_Receive_FS
                0x00000000080050f4        0x8 ./USB_DEVICE/App/usbd_cdc_if.o
 .ARM.exidx.text.CDC_Init_FS
                0x00000000080050fc        0x0 ./USB_DEVICE/App/usbd_cdc_if.o
                                          0x8 (size before relaxing)
 .ARM.exidx.text.USBD_FS_DeviceDescriptor
                0x00000000080050fc        0x8 ./USB_DEVICE/App/usbd_desc.o
 .ARM.exidx.text.USBD_FS_LangIDStrDescriptor
                0x0000000008005104        0x0 ./USB_DEVICE/App/usbd_desc.o
                                          0x8 (size before relaxing)
 .ARM.exidx.text.IntToUnicode
                0x0000000008005104        0x0 ./USB_DEVICE/App/usbd_desc.o
                                          0x8 (size before relaxing)
 .ARM.exidx.text.USBD_FS_SerialStrDescriptor
                0x0000000008005104        0x0 ./USB_DEVICE/App/usbd_desc.o
                                          0x8 (size before relaxing)
 .ARM.exidx.text.USBD_FS_ManufacturerStrDescriptor
                0x0000000008005104        0x8 ./USB_DEVICE/App/usbd_desc.o
 .ARM.exidx.text.USBD_FS_ProductStrDescriptor
                0x000000000800510c        0x0 ./USB_DEVICE/App/usbd_desc.o
                                          0x8 (size before relaxing)
 .ARM.exidx.text.USBD_FS_ConfigStrDescriptor
                0x000000000800510c        0x0 ./USB_DEVICE/App/usbd_desc.o
                                          0x8 (size before relaxing)
 .ARM.exidx.text.USBD_FS_InterfaceStrDescriptor
                0x000000000800510c        0x0 ./USB_DEVICE/App/usbd_desc.o
                                          0x8 (size before relaxing)
 .ARM.exidx.text.USBD_Get_USB_Status
                0x000000000800510c        0x8 ./USB_DEVICE/Target/usbd_conf.o
 .ARM.exidx.text.HAL_PCD_MspInit
                0x0000000008005114        0x8 ./USB_DEVICE/Target/usbd_conf.o
 .ARM.exidx.text.HAL_PCD_SetupStageCallback
                0x000000000800511c        0x8 ./USB_DEVICE/Target/usbd_conf.o
 .ARM.exidx.text.HAL_PCD_DataOutStageCallback
                0x0000000008005124        0x0 ./USB_DEVICE/Target/usbd_conf.o
                                          0x8 (size before relaxing)
 .ARM.exidx.text.HAL_PCD_DataInStageCallback
                0x0000000008005124        0x0 ./USB_DEVICE/Target/usbd_conf.o
                                          0x8 (size before relaxing)
 .ARM.exidx.text.HAL_PCD_SOFCallback
                0x0000000008005124        0x0 ./USB_DEVICE/Target/usbd_conf.o
                                          0x8 (size before relaxing)
 .ARM.exidx.text.HAL_PCD_ResetCallback
                0x0000000008005124        0x8 ./USB_DEVICE/Target/usbd_conf.o
 .ARM.exidx.text.HAL_PCD_SuspendCallback
                0x000000000800512c        0x0 ./USB_DEVICE/Target/usbd_conf.o
                                          0x8 (size before relaxing)
 .ARM.exidx.text.HAL_PCD_ResumeCallback
                0x000000000800512c        0x8 ./USB_DEVICE/Target/usbd_conf.o
 .ARM.exidx.text.USBD_LL_Init
                0x0000000008005134        0x8 ./USB_DEVICE/Target/usbd_conf.o
 .ARM.exidx.text.USBD_LL_Start
                0x000000000800513c        0x8 ./USB_DEVICE/Target/usbd_conf.o
 .ARM.exidx.text.USBD_LL_OpenEP
                0x0000000008005144        0x8 ./USB_DEVICE/Target/usbd_conf.o
 .ARM.exidx.text.USBD_LL_CloseEP
                0x000000000800514c        0x8 ./USB_DEVICE/Target/usbd_conf.o
 .ARM.exidx.text.USBD_LL_StallEP
                0x0000000008005154        0x8 ./USB_DEVICE/Target/usbd_conf.o
 .ARM.exidx.text.USBD_LL_ClearStallEP
                0x000000000800515c        0x8 ./USB_DEVICE/Target/usbd_conf.o
 .ARM.exidx.text.USBD_LL_IsStallEP
                0x0000000008005164        0x8 ./USB_DEVICE/Target/usbd_conf.o
 .ARM.exidx.text.USBD_LL_SetUSBAddress
                0x000000000800516c        0x8 ./USB_DEVICE/Target/usbd_conf.o
 .ARM.exidx.text.USBD_LL_Transmit
                0x0000000008005174        0x8 ./USB_DEVICE/Target/usbd_conf.o
 .ARM.exidx.text.USBD_LL_PrepareReceive
                0x000000000800517c        0x8 ./USB_DEVICE/Target/usbd_conf.o
 .ARM.exidx.text.USBD_LL_GetRxDataSize
                0x0000000008005184        0x8 ./USB_DEVICE/Target/usbd_conf.o
 .ARM.exidx.text.USBD_static_malloc
                0x000000000800518c        0x0 ./USB_DEVICE/Target/usbd_conf.o
                                          0x8 (size before relaxing)
 .ARM.exidx.text.USBD_static_free
                0x000000000800518c        0x0 ./USB_DEVICE/Target/usbd_conf.o
                                          0x8 (size before relaxing)
 .ARM.exidx.text.HAL_PCDEx_SetConnectionState
                0x000000000800518c        0x0 ./USB_DEVICE/Target/usbd_conf.o
                                          0x8 (size before relaxing)
 .ARM.exidx     0x0000000008004e34       0x80 c:/st/stm32cubeide_1.12.0/stm32cubeide/plugins/com.st.stm32cube.ide.mcu.externaltools.gnu-tools-for-stm32.10.3-2021.10.win32_1.0.200.202301161003/tools/bin/../lib/gcc/arm-none-eabi/10.3.1/thumb/v7-m/nofp\libgcc.a(unwind-arm.o)
                                         0xd8 (size before relaxing)
 .ARM.exidx     0x0000000008004eb4       0x38 c:/st/stm32cubeide_1.12.0/stm32cubeide/plugins/com.st.stm32cube.ide.mcu.externaltools.gnu-tools-for-stm32.10.3-2021.10.win32_1.0.200.202301161003/tools/bin/../lib/gcc/arm-none-eabi/10.3.1/thumb/v7-m/nofp\libgcc.a(pr-support.o)
                0x000000000800518c                __exidx_end = .
                0x000000000800518c                . = ALIGN (0x4)

.rel.dyn        0x000000000800518c        0x0