Archive member included to satisfy reference by file (symbol)

c:/st/stm32cubeide_1.12.0/stm32cubeide/plugins/com.st.stm32cube.ide.mcu.externaltools.gnu-tools-for-stm32.10.3-2021.10.win32_1.0.200.202301161003/tools/bin/../lib/gcc/arm-none-eabi/10.3.1/../../../../arm-none-eabi/lib/thumb/v7-m/nofp\libstdc++_nano.a(del_ops.o)
                              ./Core/Src/calculate.o (operator delete(void*, unsigned int))
c:/st/stm32cubeide_1.12.0/stm32cubeide/plugins/com.st.stm32cube.ide.mcu.externaltools.gnu-tools-for-stm32.10.3-2021.10.win32_1.0.200.202301161003/tools/bin/../lib/gcc/arm-none-eabi/10.3.1/../../../../arm-none-eabi/lib/thumb/v7-m/nofp\libstdc++_nano.a(new_op.o)
                              ./Core/Src/calculate.o (operator new(unsigned int))
c:/st/stm32cubeide_1.12.0/stm32cubeide/plugins/com.st.stm32cube.ide.mcu.externaltools.gnu-tools-for-stm32.10.3-2021.10.win32_1.0.200.202301161003/tools/bin/../lib/gcc/arm-none-eabi/10.3.1/../../../../arm-none-eabi/lib/thumb/v7-m/nofp\libstdc++_nano.a(allocator-inst.o)
                              ./Core/Src/calculate.o (std::allocator<char>::allocator())
c:/st/stm32cubeide_1.12.0/stm32cubeide/plugins/com.st.stm32cube.ide.mcu.externaltools.gnu-tools-for-stm32.10.3-2021.10.win32_1.0.200.202301161003/tools/bin/../lib/gcc/arm-none-eabi/10.3.1/../../../../arm-none-eabi/lib/thumb/v7-m/nofp\libstdc++_nano.a(functexcept.o)
                              ./Core/Src/calculate.o (std::__throw_bad_alloc())
c:/st/stm32cubeide_1.12.0/stm32cubeide/plugins/com.st.stm32cube.ide.mcu.externaltools.gnu-tools-for-stm32.10.3-2021.10.win32_1.0.200.202301161003/tools/bin/../lib/gcc/arm-none-eabi/10.3.1/../../../../arm-none-eabi/lib/thumb/v7-m/nofp\libstdc++_nano.a(snprintf_lite.o)
                              c:/st/stm32cubeide_1.12.0/stm32cubeide/plugins/com.st.stm32cube.ide.mcu.externaltools.gnu-tools-for-stm32.10.3-2021.10.win32_1.0.200.202301161003/tools/bin/../lib/gcc/arm-none-eabi/10.3.1/../../../../arm-none-eabi/lib/thumb/v7-m/nofp\libstdc++_nano.a(functexcept.o) (__gnu_cxx::__snprintf_lite(char*, unsigned int, char const*, std::__va_list))
c:/st/stm32cubeide_1.12.0/stm32cubeide/plugins/com.st.stm32cube.ide.mcu.externaltools.gnu-tools-for-stm32.10.3-2021.10.win32_1.0.200.202301161003/tools/bin/../lib/gcc/arm-none-eabi/10.3.1/../../../../arm-none-eabi/lib/thumb/v7-m/nofp\libstdc++_nano.a(string-inst.o)
                              ./Core/Src/calculate.o (std::__cxx11::basic_string<char, std::char_traits<char>, std::allocator<char> >::_M_data(char*))
c:/st/stm32cubeide_1.12.0/stm32cubeide/plugins/com.st.stm32cube.ide.mcu.externaltools.gnu-tools-for-stm32.10.3-2021.10.win32_1.0.200.202301161003/tools/bin/../lib/gcc/arm-none-eabi/10.3.1/../../../../arm-none-eabi/lib/thumb/v7-m/nofp\libstdc++_nano.a(del_op.o)
                              c:/st/stm32cubeide_1.12.0/stm32cubeide/plugins/com.st.stm32cube.ide.mcu.externaltools.gnu-tools-for-stm32.10.3-2021.10.win32_1.0.200.202301161003/tools/bin/../lib/gcc/arm-none-eabi/10.3.1/../../../../arm-none-eabi/lib/thumb/v7-m/nofp\libstdc++_nano.a(del_ops.o) (operator delete(void*))
c:/st/stm32cubeide_1.12.0/stm32cubeide/plugins/com.st.stm32cube.ide.mcu.externaltools.gnu-tools-for-stm32.10.3-2021.10.win32_1.0.200.202301161003/tools/bin/../lib/gcc/arm-none-eabi/10.3.1/../../../../arm-none-eabi/lib/thumb/v7-m/nofp\libstdc++_nano.a(new_handler.o)
                              c:/st/stm32cubeide_1.12.0/stm32cubeide/plugins/com.st.stm32cube.ide.mcu.externaltools.gnu-tools-for-stm32.10.3-2021.10.win32_1.0.200.202301161003/tools/bin/../lib/gcc/arm-none-eabi/10.3.1/../../../../arm-none-eabi/lib/thumb/v7-m/nofp\libstdc++_nano.a(new_op.o) (std::get_new_handler())
c:/st/stm32cubeide_1.12.0/stm32cubeide/plugins/com.st.stm32cube.ide.mcu.externaltools.gnu-tools-for-stm32.10.3-2021.10.win32_1.0.200.202301161003/tools/bin/../lib/gcc/arm-none-eabi/10.3.1/../../../../arm-none-eabi/lib/thumb/v7-m/nofp\libc_nano.a(lib_a-abort.o)
                              c:/st/stm32cubeide_1.12.0/stm32cubeide/plugins/com.st.stm32cube.ide.mcu.externaltools.gnu-tools-for-stm32.10.3-2021.10.win32_1.0.200.202301161003/tools/bin/../lib/gcc/arm-none-eabi/10.3.1/../../../../arm-none-eabi/lib/thumb/v7-m/nofp\libstdc++_nano.a(new_op.o) (abort)
c:/st/stm32cubeide_1.12.0/stm32cubeide/plugins/com.st.stm32cube.ide.mcu.externaltools.gnu-tools-for-stm32.10.3-2021.10.win32_1.0.200.202301161003/tools/bin/../lib/gcc/arm-none-eabi/10.3.1/../../../../arm-none-eabi/lib/thumb/v7-m/nofp\libc_nano.a(lib_a-errno.o)
                              ./Core/Src/calculate.o (__errno)
c:/st/stm32cubeide_1.12.0/stm32cubeide/plugins/com.st.stm32cube.ide.mcu.externaltools.gnu-tools-for-stm32.10.3-2021.10.win32_1.0.200.202301161003/tools/bin/../lib/gcc/arm-none-eabi/10.3.1/../../../../arm-none-eabi/lib/thumb/v7-m/nofp\libc_nano.a(lib_a-exit.o)
[...]
Memory Configuration

Name             Origin             Length             Attributes
RAM              0x0000000020000000 0x0000000000005000 xrw
FLASH            0x0000000008000000 0x0000000000010000 xr
*default*        0x0000000000000000 0xffffffffffffffff

Linker script and memory map

LOAD c:/st/stm32cubeide_1.12.0/stm32cubeide/plugins/com.st.stm32cube.ide.mcu.externaltools.gnu-tools-for-stm32.10.3-2021.10.win32_1.0.200.202301161003/tools/bin/../lib/gcc/arm-none-eabi/10.3.1/thumb/v7-m/nofp/crti.o
LOAD c:/st/stm32cubeide_1.12.0/stm32cubeide/plugins/com.st.stm32cube.ide.mcu.externaltools.gnu-tools-for-stm32.10.3-2021.10.win32_1.0.200.202301161003/tools/bin/../lib/gcc/arm-none-eabi/10.3.1/thumb/v7-m/nofp/crtbegin.o
LOAD c:/st/stm32cubeide_1.12.0/stm32cubeide/plugins/com.st.stm32cube.ide.mcu.externaltools.gnu-tools-for-stm32.10.3-2021.10.win32_1.0.200.202301161003/tools/bin/../lib/gcc/arm-none-eabi/10.3.1/../../../../arm-none-eabi/lib/thumb/v7-m/nofp/crt0.o
LOAD ./Core/Src/calculate.o
LOAD ./Core/Src/main.o
LOAD ./Core/Src/stm32f1xx_hal_msp.o
LOAD ./Core/Src/stm32f1xx_it.o
LOAD ./Core/Src/syscalls.o
LOAD ./Core/Src/sysmem.o
LOAD ./Core/Src/system_stm32f1xx.o
LOAD ./Core/Startup/startup_stm32f103c8tx.o
LOAD ./Drivers/STM32F1xx_HAL_Driver/Src/stm32f1xx_hal.o
LOAD ./Drivers/STM32F1xx_HAL_Driver/Src/stm32f1xx_hal_cortex.o
LOAD ./Drivers/STM32F1xx_HAL_Driver/Src/stm32f1xx_hal_dma.o
LOAD ./Drivers/STM32F1xx_HAL_Driver/Src/stm32f1xx_hal_exti.o
LOAD ./Drivers/STM32F1xx_HAL_Driver/Src/stm32f1xx_hal_flash.o
LOAD ./Drivers/STM32F1xx_HAL_Driver/Src/stm32f1xx_hal_flash_ex.o
LOAD ./Drivers/STM32F1xx_HAL_Driver/Src/stm32f1xx_hal_gpio.o
LOAD ./Drivers/STM32F1xx_HAL_Driver/Src/stm32f1xx_hal_gpio_ex.o
LOAD ./Drivers/STM32F1xx_HAL_Driver/Src/stm32f1xx_hal_pcd.o
LOAD ./Drivers/STM32F1xx_HAL_Driver/Src/stm32f1xx_hal_pcd_ex.o
LOAD ./Drivers/STM32F1xx_HAL_Driver/Src/stm32f1xx_hal_pwr.o
LOAD ./Drivers/STM32F1xx_HAL_Driver/Src/stm32f1xx_hal_rcc.o
LOAD ./Drivers/STM32F1xx_HAL_Driver/Src/stm32f1xx_hal_rcc_ex.o
LOAD ./Drivers/STM32F1xx_HAL_Driver/Src/stm32f1xx_ll_usb.o
LOAD ./Middlewares/ST/STM32_USB_Device_Library/Class/CDC/Src/usbd_cdc.o
LOAD ./Middlewares/ST/STM32_USB_Device_Library/Core/Src/usbd_core.o
LOAD ./Middlewares/ST/STM32_USB_Device_Library/Core/Src/usbd_ctlreq.o
LOAD ./Middlewares/ST/STM32_USB_Device_Library/Core/Src/usbd_ioreq.o
LOAD ./USB_DEVICE/App/usb_device.o
LOAD ./USB_DEVICE/App/usbd_cdc_if.o
LOAD ./USB_DEVICE/App/usbd_desc.o
LOAD ./USB_DEVICE/Target/usbd_conf.o
START GROUP
LOAD c:/st/stm32cubeide_1.12.0/stm32cubeide/plugins/com.st.stm32cube.ide.mcu.externaltools.gnu-tools-for-stm32.10.3-2021.10.win32_1.0.200.202301161003/tools/bin/../lib/gcc/arm-none-eabi/10.3.1/../../../../arm-none-eabi/lib/thumb/v7-m/nofp\libstdc++_nano.a
LOAD c:/st/stm32cubeide_1.12.0/stm32cubeide/plugins/com.st.stm32cube.ide.mcu.externaltools.gnu-tools-for-stm32.10.3-2021.10.win32_1.0.200.202301161003/tools/bin/../lib/gcc/arm-none-eabi/10.3.1/../../../../arm-none-eabi/lib/thumb/v7-m/nofp\libsupc++_nano.a
END GROUP
LOAD c:/st/stm32cubeide_1.12.0/stm32cubeide/plugins/com.st.stm32cube.ide.mcu.externaltools.gnu-tools-for-stm32.10.3-2021.10.win32_1.0.200.202301161003/tools/bin/../lib/gcc/arm-none-eabi/10.3.1/../../../../arm-none-eabi/lib/thumb/v7-m/nofp\libstdc++_nano.a
LOAD c:/st/stm32cubeide_1.12.0/stm32cubeide/plugins/com.st.stm32cube.ide.mcu.externaltools.gnu-tools-for-stm32.10.3-2021.10.win32_1.0.200.202301161003/tools/bin/../lib/gcc/arm-none-eabi/10.3.1/../../../../arm-none-eabi/lib/thumb/v7-m/nofp\libm.a
LOAD c:/st/stm32cubeide_1.12.0/stm32cubeide/plugins/com.st.stm32cube.ide.mcu.externaltools.gnu-tools-for-stm32.10.3-2021.10.win32_1.0.200.202301161003/tools/bin/../lib/gcc/arm-none-eabi/10.3.1/../../../../arm-none-eabi/lib/thumb/v7-m/nofp\libc_nano.a
START GROUP
LOAD c:/st/stm32cubeide_1.12.0/stm32cubeide/plugins/com.st.stm32cube.ide.mcu.externaltools.gnu-tools-for-stm32.10.3-2021.10.win32_1.0.200.202301161003/tools/bin/../lib/gcc/arm-none-eabi/10.3.1/thumb/v7-m/nofp\libgcc.a
LOAD c:/st/stm32cubeide_1.12.0/stm32cubeide/plugins/com.st.stm32cube.ide.mcu.externaltools.gnu-tools-for-stm32.10.3-2021.10.win32_1.0.200.202301161003/tools/bin/../lib/gcc/arm-none-eabi/10.3.1/../../../../arm-none-eabi/lib/thumb/v7-m/nofp\libc_nano.a
END GROUP
START GROUP
LOAD c:/st/stm32cubeide_1.12.0/stm32cubeide/plugins/com.st.stm32cube.ide.mcu.externaltools.gnu-tools-for-stm32.10.3-2021.10.win32_1.0.200.202301161003/tools/bin/../lib/gcc/arm-none-eabi/10.3.1/thumb/v7-m/nofp\libgcc.a
LOAD c:/st/stm32cubeide_1.12.0/stm32cubeide/plugins/com.st.stm32cube.ide.mcu.externaltools.gnu-tools-for-stm32.10.3-2021.10.win32_1.0.200.202301161003/tools/bin/../lib/gcc/arm-none-eabi/10.3.1/../../../../arm-none-eabi/lib/thumb/v7-m/nofp\libc_nano.a
LOAD c:/st/stm32cubeide_1.12.0/stm32cubeide/plugins/com.st.stm32cube.ide.mcu.externaltools.gnu-tools-for-stm32.10.3-2021.10.win32_1.0.200.202301161003/tools/bin/../lib/gcc/arm-none-eabi/10.3.1/../../../../arm-none-eabi/lib/thumb/v7-m/nofp\libnosys.a
END GROUP
START GROUP
LOAD c:/st/stm32cubeide_1.12.0/stm32cubeide/plugins/com.st.stm32cube.ide.mcu.externaltools.gnu-tools-for-stm32.10.3-2021.10.win32_1.0.200.202301161003/tools/bin/../lib/gcc/arm-none-eabi/10.3.1/thumb/v7-m/nofp\libgcc.a
LOAD c:/st/stm32cubeide_1.12.0/stm32cubeide/plugins/com.st.stm32cube.ide.mcu.externaltools.gnu-tools-for-stm32.10.3-2021.10.win32_1.0.200.202301161003/tools/bin/../lib/gcc/arm-none-eabi/10.3.1/../../../../arm-none-eabi/lib/thumb/v7-m/nofp\libc_nano.a
LOAD c:/st/stm32cubeide_1.12.0/stm32cubeide/plugins/com.st.stm32cube.ide.mcu.externaltools.gnu-tools-for-stm32.10.3-2021.10.win32_1.0.200.202301161003/tools/bin/../lib/gcc/arm-none-eabi/10.3.1/../../../../arm-none-eabi/lib/thumb/v7-m/nofp\libnosys.a
END GROUP
LOAD c:/st/stm32cubeide_1.12.0/stm32cubeide/plugins/com.st.stm32cube.ide.mcu.externaltools.gnu-tools-for-stm32.10.3-2021.10.win32_1.0.200.202301161003/tools/bin/../lib/gcc/arm-none-eabi/10.3.1/thumb/v7-m/nofp/crtend.o
LOAD c:/st/stm32cubeide_1.12.0/stm32cubeide/plugins/com.st.stm32cube.ide.mcu.externaltools.gnu-tools-for-stm32.10.3-2021.10.win32_1.0.200.202301161003/tools/bin/../lib/gcc/arm-none-eabi/10.3.1/thumb/v7-m/nofp/crtn.o
                0x0000000020005000                _estack = (ORIGIN (RAM) + LENGTH (RAM))
                0x0000000000000200                _Min_Heap_Size = 0x200
                0x0000000000000400                _Min_Stack_Size = 0x400

.isr_vector     0x0000000008000000      0x10c
                0x0000000008000000                . = ALIGN (0x4)
 *(.isr_vector)
 .isr_vector    0x0000000008000000      0x10c ./Core/Startup/startup_stm32f103c8tx.o
                0x0000000008000000                g_pfnVectors
                0x000000000800010c                . = ALIGN (0x4)

.text           0x000000000800010c     0x3ee0
                0x000000000800010c                . = ALIGN (0x4)
 *(.text)
 .text          0x000000000800010c       0x40 c:/st/stm32cubeide_1.12.0/stm32cubeide/plugins/com.st.stm32cube.ide.mcu.externaltools.gnu-tools-for-stm32.10.3-2021.10.win32_1.0.200.202301161003/tools/bin/../lib/gcc/arm-none-eabi/10.3.1/thumb/v7-m/nofp/crtbegin.o
 .text          0x000000000800014c      0x9e4 c:/st/stm32cubeide_1.12.0/stm32cubeide/plugins/com.st.stm32cube.ide.mcu.externaltools.gnu-tools-for-stm32.10.3-2021.10.win32_1.0.200.202301161003/tools/bin/../lib/gcc/arm-none-eabi/10.3.1/thumb/v7-m/nofp\libgcc.a(unwind-arm.o)
                0x000000000800040c                _Unwind_GetCFA
                0x0000000008000410                __gnu_Unwind_RaiseException
                0x0000000008000478                __gnu_Unwind_ForcedUnwind
                0x000000000800048c                __gnu_Unwind_Resume
                0x00000000080004d0                __gnu_Unwind_Resume_or_Rethrow
                0x00000000080004e4                _Unwind_Complete
                0x00000000080004e8                _Unwind_DeleteException
                0x00000000080004f4                _Unwind_VRS_Get
                0x0000000008000540                _Unwind_VRS_Set
                0x0000000008000588                __gnu_Unwind_Backtrace
                0x00000000080008b0                __aeabi_unwind_cpp_pr0
                0x00000000080008b4                __aeabi_unwind_cpp_pr1
                0x00000000080008b8                __aeabi_unwind_cpp_pr2
                0x00000000080008bc                _Unwind_VRS_Pop
 .text          0x0000000008000b30      0x1ac c:/st/stm32cubeide_1.12.0/stm32cubeide/plugins/com.st.stm32cube.ide.mcu.externaltools.gnu-tools-for-stm32.10.3-2021.10.win32_1.0.200.202301161003/tools/bin/../lib/gcc/arm-none-eabi/10.3.1/thumb/v7-m/nofp\libgcc.a(libunwind.o)
                0x0000000008000b30                __restore_core_regs
                0x0000000008000b30                restore_core_regs
                0x0000000008000b48                __gnu_Unwind_Restore_VFP
                0x0000000008000b50                __gnu_Unwind_Save_VFP
                0x0000000008000b58                __gnu_Unwind_Restore_VFP_D
                0x0000000008000b60                __gnu_Unwind_Save_VFP_D
                0x0000000008000b68                __gnu_Unwind_Restore_VFP_D_16_to_31
                0x0000000008000b70                __gnu_Unwind_Save_VFP_D_16_to_31
                0x0000000008000b78                __gnu_Unwind_Restore_WMMXD
                0x0000000008000bbc                __gnu_Unwind_Save_WMMXD
                0x0000000008000c00                __gnu_Unwind_Restore_WMMXC
                0x0000000008000c14                __gnu_Unwind_Save_WMMXC
                0x0000000008000c28                ___Unwind_RaiseException
                0x0000000008000c28                _Unwind_RaiseException
                0x0000000008000c4c                _Unwind_Resume
                0x0000000008000c4c                ___Unwind_Resume
                0x0000000008000c70                _Unwind_Resume_or_Rethrow
                0x0000000008000c70                ___Unwind_Resume_or_Rethrow
                0x0000000008000c94                _Unwind_ForcedUnwind
                0x0000000008000c94                ___Unwind_ForcedUnwind
                0x0000000008000cb8                ___Unwind_Backtrace
                0x0000000008000cb8                _Unwind_Backtrace
 .text          0x0000000008000cdc      0x38c c:/st/stm32cubeide_1.12.0/stm32cubeide/plugins/com.st.stm32cube.ide.mcu.externaltools.gnu-tools-for-stm32.10.3-2021.10.win32_1.0.200.202301161003/tools/bin/../lib/gcc/arm-none-eabi/10.3.1/thumb/v7-m/nofp\libgcc.a(pr-support.o)
                0x0000000008000d34                __gnu_unwind_execute
                0x0000000008001018                __gnu_unwind_frame
                0x0000000008001048                _Unwind_GetRegionStart
                0x0000000008001054                _Unwind_GetLanguageSpecificData
 *(.text*)
 .text.main     0x0000000008001068       0x16 ./Core/Src/main.o
                0x0000000008001068                main
 .text._Z18SystemClock_Configv
                0x000000000800107e       0xd4 ./Core/Src/main.o
                0x000000000800107e                SystemClock_Config()
 *fill*         0x0000000008001152        0x2 
 .text._ZL12MX_GPIO_Initv
                0x0000000008001154       0x44 ./Core/Src/main.o
 .text.Error_Handler
                0x0000000008001198        0xa ./Core/Src/main.o
                0x0000000008001198                Error_Handler
 *fill*         0x00000000080011a2        0x2 
 .text.HAL_MspInit
                0x00000000080011a4       0x30 ./Core/Src/stm32f1xx_hal_msp.o
                0x00000000080011a4                HAL_MspInit
 .text.NMI_Handler
                0x00000000080011d4        0x2 ./Core/Src/stm32f1xx_it.o
                0x00000000080011d4                NMI_Handler
 .text.HardFault_Handler
                0x00000000080011d6        0x2 ./Core/Src/stm32f1xx_it.o
                0x00000000080011d6                HardFault_Handler
 .text.MemManage_Handler
                0x00000000080011d8        0x2 ./Core/Src/stm32f1xx_it.o
                0x00000000080011d8                MemManage_Handler
 .text.BusFault_Handler
                0x00000000080011da        0x2 ./Core/Src/stm32f1xx_it.o
                0x00000000080011da                BusFault_Handler
 .text.UsageFault_Handler
                0x00000000080011dc        0x2 ./Core/Src/stm32f1xx_it.o
                0x00000000080011dc                UsageFault_Handler
 .text.SVC_Handler
                0x00000000080011de        0x2 ./Core/Src/stm32f1xx_it.o
                0x00000000080011de                SVC_Handler
 .text.DebugMon_Handler
                0x00000000080011e0        0x2 ./Core/Src/stm32f1xx_it.o
                0x00000000080011e0                DebugMon_Handler
 .text.PendSV_Handler
                0x00000000080011e2        0x2 ./Core/Src/stm32f1xx_it.o
                0x00000000080011e2                PendSV_Handler
 .text.SysTick_Handler
                0x00000000080011e4        0x4 ./Core/Src/stm32f1xx_it.o
                0x00000000080011e4                SysTick_Handler
 .text.USB_LP_CAN1_RX0_IRQHandler
                0x00000000080011e8        0xc ./Core/Src/stm32f1xx_it.o
                0x00000000080011e8                USB_LP_CAN1_RX0_IRQHandler
 .text._getpid  0x00000000080011f4        0x4 ./Core/Src/syscalls.o
                0x00000000080011f4                _getpid
 .text._kill    0x00000000080011f8       0x10 ./Core/Src/syscalls.o
                0x00000000080011f8                _kill
 .text._exit    0x0000000008001208        0xc ./Core/Src/syscalls.o
                0x0000000008001208                _exit
 .text.SystemInit
                0x0000000008001214        0x2 ./Core/Src/system_stm32f1xx.o
                0x0000000008001214                SystemInit
 *fill*         0x0000000008001216        0x2 
 .text.Reset_Handler
                0x0000000008001218       0x48 ./Core/Startup/startup_stm32f103c8tx.o
                0x0000000008001218                Reset_Handler
 .text.Default_Handler
                0x0000000008001260        0x2 ./Core/Startup/startup_stm32f103c8tx.o
                0x0000000008001260                RTC_Alarm_IRQHandler
                0x0000000008001260                EXTI2_IRQHandler
                0x0000000008001260                TIM1_CC_IRQHandler
                0x0000000008001260                PVD_IRQHandler
                0x0000000008001260                EXTI3_IRQHandler
                0x0000000008001260                EXTI0_IRQHandler
                0x0000000008001260                I2C2_EV_IRQHandler
                0x0000000008001260                ADC1_2_IRQHandler
                0x0000000008001260                SPI1_IRQHandler
                0x0000000008001260                TAMPER_IRQHandler
                0x0000000008001260                DMA1_Channel4_IRQHandler
                0x0000000008001260                USART3_IRQHandler
                0x0000000008001260                RTC_IRQHandler
                0x0000000008001260                DMA1_Channel7_IRQHandler
                0x0000000008001260                CAN1_RX1_IRQHandler
                0x0000000008001260                TIM4_IRQHandler
                0x0000000008001260                I2C1_EV_IRQHandler
                0x0000000008001260                DMA1_Channel6_IRQHandler
                0x0000000008001260                TIM3_IRQHandler
                0x0000000008001260                RCC_IRQHandler
                0x0000000008001260                TIM1_TRG_COM_IRQHandler
                0x0000000008001260                DMA1_Channel1_IRQHandler
                0x0000000008001260                Default_Handler
                0x0000000008001260                EXTI15_10_IRQHandler
                0x0000000008001260                EXTI9_5_IRQHandler
                0x0000000008001260                SPI2_IRQHandler
                0x0000000008001260                DMA1_Channel5_IRQHandler
                0x0000000008001260                EXTI4_IRQHandler
                0x0000000008001260                USB_HP_CAN1_TX_IRQHandler
                0x0000000008001260                DMA1_Channel3_IRQHandler
                0x0000000008001260                TIM1_UP_IRQHandler
                0x0000000008001260                WWDG_IRQHandler
                0x0000000008001260                TIM2_IRQHandler
                0x0000000008001260                TIM1_BRK_IRQHandler
                0x0000000008001260                EXTI1_IRQHandler
                0x0000000008001260                USART2_IRQHandler
                0x0000000008001260                I2C2_ER_IRQHandler
                0x0000000008001260                DMA1_Channel2_IRQHandler
                0x0000000008001260                CAN1_SCE_IRQHandler
                0x0000000008001260                FLASH_IRQHandler
                0x0000000008001260                USART1_IRQHandler
                0x0000000008001260                I2C1_ER_IRQHandler
                0x0000000008001260                USBWakeUp_IRQHandler
 *fill*         0x0000000008001262        0x2 
 .text.HAL_InitTick
                0x0000000008001264       0x48 ./Drivers/STM32F1xx_HAL_Driver/Src/stm32f1xx_hal.o
                0x0000000008001264                HAL_InitTick
 .text.HAL_Init
                0x00000000080012ac       0x24 ./Drivers/STM32F1xx_HAL_Driver/Src/stm32f1xx_hal.o
                0x00000000080012ac                HAL_Init
 .text.HAL_IncTick
                0x00000000080012d0       0x18 ./Drivers/STM32F1xx_HAL_Driver/Src/stm32f1xx_hal.o
                0x00000000080012d0                HAL_IncTick
 .text.HAL_GetTick
                0x00000000080012e8        0xc ./Drivers/STM32F1xx_HAL_Driver/Src/stm32f1xx_hal.o
                0x00000000080012e8                HAL_GetTick
 .text.HAL_NVIC_SetPriorityGrouping
                0x00000000080012f4       0x24 ./Drivers/STM32F1xx_HAL_Driver/Src/stm32f1xx_hal_cortex.o
                0x00000000080012f4                HAL_NVIC_SetPriorityGrouping
 .text.HAL_NVIC_SetPriority
                0x0000000008001318       0x64 ./Drivers/STM32F1xx_HAL_Driver/Src/stm32f1xx_hal_cortex.o
                0x0000000008001318                HAL_NVIC_SetPriority
 .text.HAL_NVIC_EnableIRQ
                0x000000000800137c       0x1c ./Drivers/STM32F1xx_HAL_Driver/Src/stm32f1xx_hal_cortex.o
                0x000000000800137c                HAL_NVIC_EnableIRQ
 .text.HAL_SYSTICK_Config
                0x0000000008001398       0x28 ./Drivers/STM32F1xx_HAL_Driver/Src/stm32f1xx_hal_cortex.o
                0x0000000008001398                HAL_SYSTICK_Config
 .text.HAL_PCD_Init
                0x00000000080013c0       0xf0 ./Drivers/STM32F1xx_HAL_Driver/Src/stm32f1xx_hal_pcd.o
                0x00000000080013c0                HAL_PCD_Init
 .text.HAL_PCD_Start
                0x00000000080014b0       0x32 ./Drivers/STM32F1xx_HAL_Driver/Src/stm32f1xx_hal_pcd.o
                0x00000000080014b0                HAL_PCD_Start
 .text.HAL_PCD_SetAddress
                0x00000000080014e2       0x28 ./Drivers/STM32F1xx_HAL_Driver/Src/stm32f1xx_hal_pcd.o
                0x00000000080014e2                HAL_PCD_SetAddress
 *fill*         0x000000000800150a        0x2 
 .text.HAL_PCD_IRQHandler
                0x000000000800150c      0x9bc ./Drivers/STM32F1xx_HAL_Driver/Src/stm32f1xx_hal_pcd.o
                0x000000000800150c                HAL_PCD_IRQHandler
 .text.HAL_PCD_EP_Open
                0x0000000008001ec8       0x5e ./Drivers/STM32F1xx_HAL_Driver/Src/stm32f1xx_hal_pcd.o
                0x0000000008001ec8                HAL_PCD_EP_Open
 .text.HAL_PCD_EP_Close
                0x0000000008001f26       0x50 ./Drivers/STM32F1xx_HAL_Driver/Src/stm32f1xx_hal_pcd.o
                0x0000000008001f26                HAL_PCD_EP_Close
 .text.HAL_PCD_EP_Receive
                0x0000000008001f76       0x2e ./Drivers/STM32F1xx_HAL_Driver/Src/stm32f1xx_hal_pcd.o
                0x0000000008001f76                HAL_PCD_EP_Receive
 .text.HAL_PCD_EP_GetRxCount
                0x0000000008001fa4       0x10 ./Drivers/STM32F1xx_HAL_Driver/Src/stm32f1xx_hal_pcd.o
                0x0000000008001fa4                HAL_PCD_EP_GetRxCount
 .text.HAL_PCD_EP_Transmit
                0x0000000008001fb4       0x34 ./Drivers/STM32F1xx_HAL_Driver/Src/stm32f1xx_hal_pcd.o
                0x0000000008001fb4                HAL_PCD_EP_Transmit
 .text.HAL_PCD_EP_SetStall
                0x0000000008001fe8       0x68 ./Drivers/STM32F1xx_HAL_Driver/Src/stm32f1xx_hal_pcd.o
                0x0000000008001fe8                HAL_PCD_EP_SetStall
 .text.HAL_PCD_EP_ClrStall
                0x0000000008002050       0x62 ./Drivers/STM32F1xx_HAL_Driver/Src/stm32f1xx_hal_pcd.o
                0x0000000008002050                HAL_PCD_EP_ClrStall
 .text.HAL_PCDEx_PMAConfig
                0x00000000080020b2       0x32 ./Drivers/STM32F1xx_HAL_Driver/Src/stm32f1xx_hal_pcd_ex.o
                0x00000000080020b2                HAL_PCDEx_PMAConfig
 .text.HAL_RCC_OscConfig
                0x00000000080020e4      0x338 ./Drivers/STM32F1xx_HAL_Driver/Src/stm32f1xx_hal_rcc.o
                0x00000000080020e4                HAL_RCC_OscConfig
 .text.HAL_RCC_GetSysClockFreq
                0x000000000800241c       0x4c ./Drivers/STM32F1xx_HAL_Driver/Src/stm32f1xx_hal_rcc.o
                0x000000000800241c                HAL_RCC_GetSysClockFreq
 .text.HAL_RCC_ClockConfig
                0x0000000008002468      0x138 ./Drivers/STM32F1xx_HAL_Driver/Src/stm32f1xx_hal_rcc.o
                0x0000000008002468                HAL_RCC_ClockConfig
 .text.HAL_RCCEx_PeriphCLKConfig
                0x00000000080025a0       0xf4 ./Drivers/STM32F1xx_HAL_Driver/Src/stm32f1xx_hal_rcc_ex.o
                0x00000000080025a0                HAL_RCCEx_PeriphCLKConfig
 .text.USB_CoreInit
                0x0000000008002694        0xe ./Drivers/STM32F1xx_HAL_Driver/Src/stm32f1xx_ll_usb.o
                0x0000000008002694                USB_CoreInit
 .text.USB_EnableGlobalInt
                0x00000000080026a2       0x12 ./Drivers/STM32F1xx_HAL_Driver/Src/stm32f1xx_ll_usb.o
                0x00000000080026a2                USB_EnableGlobalInt
 .text.USB_DisableGlobalInt
                0x00000000080026b4       0x14 ./Drivers/STM32F1xx_HAL_Driver/Src/stm32f1xx_ll_usb.o
                0x00000000080026b4                USB_DisableGlobalInt
 .text.USB_SetCurrentMode
                0x00000000080026c8        0x4 ./Drivers/STM32F1xx_HAL_Driver/Src/stm32f1xx_ll_usb.o
                0x00000000080026c8                USB_SetCurrentMode
 .text.USB_DevInit
                0x00000000080026cc       0x28 ./Drivers/STM32F1xx_HAL_Driver/Src/stm32f1xx_ll_usb.o
                0x00000000080026cc                USB_DevInit
 .text.USB_ActivateEndpoint
                0x00000000080026f4      0x2c4 ./Drivers/STM32F1xx_HAL_Driver/Src/stm32f1xx_ll_usb.o
                0x00000000080026f4                USB_ActivateEndpoint
 .text.USB_DeactivateEndpoint
                0x00000000080029b8      0x1a2 ./Drivers/STM32F1xx_HAL_Driver/Src/stm32f1xx_ll_usb.o
                0x00000000080029b8                USB_DeactivateEndpoint
 .text.USB_EPSetStall
                0x0000000008002b5a       0x40 ./Drivers/STM32F1xx_HAL_Driver/Src/stm32f1xx_ll_usb.o
                0x0000000008002b5a                USB_EPSetStall
 .text.USB_EPClearStall
                0x0000000008002b9a       0x92 ./Drivers/STM32F1xx_HAL_Driver/Src/stm32f1xx_ll_usb.o
                0x0000000008002b9a                USB_EPClearStall
 .text.USB_SetDevAddress
                0x0000000008002c2c        0xc ./Drivers/STM32F1xx_HAL_Driver/Src/stm32f1xx_ll_usb.o
                0x0000000008002c2c                USB_SetDevAddress
 .text.USB_DevConnect
                0x0000000008002c38        0x4 ./Drivers/STM32F1xx_HAL_Driver/Src/stm32f1xx_ll_usb.o
                0x0000000008002c38                USB_DevConnect
 .text.USB_DevDisconnect
                0x0000000008002c3c        0x4 ./Drivers/STM32F1xx_HAL_Driver/Src/stm32f1xx_ll_usb.o
                0x0000000008002c3c                USB_DevDisconnect
 .text.USB_ReadInterrupts
                0x0000000008002c40        0x8 ./Drivers/STM32F1xx_HAL_Driver/Src/stm32f1xx_ll_usb.o
                0x0000000008002c40                USB_ReadInterrupts
 .text.USB_EP0_OutStart
                0x0000000008002c48        0x4 ./Drivers/STM32F1xx_HAL_Driver/Src/stm32f1xx_ll_usb.o
                0x0000000008002c48                USB_EP0_OutStart
 .text.USB_WritePMA
                0x0000000008002c4c       0x20 ./Drivers/STM32F1xx_HAL_Driver/Src/stm32f1xx_ll_usb.o
                0x0000000008002c4c                USB_WritePMA
 .text.USB_EPStartXfer
                0x0000000008002c6c      0x470 ./Drivers/STM32F1xx_HAL_Driver/Src/stm32f1xx_ll_usb.o
                0x0000000008002c6c                USB_EPStartXfer
 .text.USB_ReadPMA
                0x00000000080030dc       0x38 ./Drivers/STM32F1xx_HAL_Driver/Src/stm32f1xx_ll_usb.o
                0x00000000080030dc                USB_ReadPMA
 .text.USBD_CDC_EP0_RxReady
                0x0000000008003114       0x28 ./Middlewares/ST/STM32_USB_Device_Library/Class/CDC/Src/usbd_cdc.o
 .text.USBD_CDC_GetFSCfgDesc
                0x000000000800313c        0xc ./Middlewares/ST/STM32_USB_Device_Library/Class/CDC/Src/usbd_cdc.o
 .text.USBD_CDC_GetHSCfgDesc
                0x0000000008003148        0xc ./Middlewares/ST/STM32_USB_Device_Library/Class/CDC/Src/usbd_cdc.o
 .text.USBD_CDC_GetOtherSpeedCfgDesc
                0x0000000008003154        0xc ./Middlewares/ST/STM32_USB_Device_Library/Class/CDC/Src/usbd_cdc.o
 .text.USBD_CDC_GetDeviceQualifierDescriptor
                0x0000000008003160        0xc ./Middlewares/ST/STM32_USB_Device_Library/Class/CDC/Src/usbd_cdc.o
                0x0000000008003160                USBD_CDC_GetDeviceQualifierDescriptor
 .text.USBD_CDC_DataOut
                0x000000000800316c       0x2e ./Middlewares/ST/STM32_USB_Device_Library/Class/CDC/Src/usbd_cdc.o
 .text.USBD_CDC_DataIn
                0x000000000800319a       0x42 ./Middlewares/ST/STM32_USB_Device_Library/Class/CDC/Src/usbd_cdc.o
 .text.USBD_CDC_Setup
                0x00000000080031dc       0xb6 ./Middlewares/ST/STM32_USB_Device_Library/Class/CDC/Src/usbd_cdc.o
 .text.USBD_CDC_DeInit
                0x0000000008003292       0x42 ./Middlewares/ST/STM32_USB_Device_Library/Class/CDC/Src/usbd_cdc.o
 .text.USBD_CDC_Init
                0x00000000080032d4       0xa2 ./Middlewares/ST/STM32_USB_Device_Library/Class/CDC/Src/usbd_cdc.o
 .text.USBD_CDC_RegisterInterface
                0x0000000008003376        0xe ./Middlewares/ST/STM32_USB_Device_Library/Class/CDC/Src/usbd_cdc.o
                0x0000000008003376                USBD_CDC_RegisterInterface
 .text.USBD_CDC_SetTxBuffer
                0x0000000008003384       0x10 ./Middlewares/ST/STM32_USB_Device_Library/Class/CDC/Src/usbd_cdc.o
                0x0000000008003384                USBD_CDC_SetTxBuffer
 .text.USBD_CDC_SetRxBuffer
                0x0000000008003394        0xc ./Middlewares/ST/STM32_USB_Device_Library/Class/CDC/Src/usbd_cdc.o
                0x0000000008003394                USBD_CDC_SetRxBuffer
 .text.USBD_CDC_ReceivePacket
                0x00000000080033a0       0x2e ./Middlewares/ST/STM32_USB_Device_Library/Class/CDC/Src/usbd_cdc.o
                0x00000000080033a0                USBD_CDC_ReceivePacket
 .text.USBD_Init
                0x00000000080033ce       0x2a ./Middlewares/ST/STM32_USB_Device_Library/Core/Src/usbd_core.o
                0x00000000080033ce                USBD_Init
 .text.USBD_RegisterClass
                0x00000000080033f8        0xe ./Middlewares/ST/STM32_USB_Device_Library/Core/Src/usbd_core.o
                0x00000000080033f8                USBD_RegisterClass
 .text.USBD_Start
                0x0000000008003406        0xa ./Middlewares/ST/STM32_USB_Device_Library/Core/Src/usbd_core.o
                0x0000000008003406                USBD_Start
 .text.USBD_SetClassConfig
                0x0000000008003410       0x16 ./Middlewares/ST/STM32_USB_Device_Library/Core/Src/usbd_core.o
                0x0000000008003410                USBD_SetClassConfig
 .text.USBD_ClrClassConfig
                0x0000000008003426        0xe ./Middlewares/ST/STM32_USB_Device_Library/Core/Src/usbd_core.o
                0x0000000008003426                USBD_ClrClassConfig
 .text.USBD_LL_SetupStage
                0x0000000008003434       0x5a ./Middlewares/ST/STM32_USB_Device_Library/Core/Src/usbd_core.o
                0x0000000008003434                USBD_LL_SetupStage
 .text.USBD_LL_DataOutStage
                0x000000000800348e       0x74 ./Middlewares/ST/STM32_USB_Device_Library/Core/Src/usbd_core.o
                0x000000000800348e                USBD_LL_DataOutStage
 .text.USBD_LL_DataInStage
                0x0000000008003502       0xb6 ./Middlewares/ST/STM32_USB_Device_Library/Core/Src/usbd_core.o
                0x0000000008003502                USBD_LL_DataInStage
 .text.USBD_LL_Reset
                0x00000000080035b8       0x4e ./Middlewares/ST/STM32_USB_Device_Library/Core/Src/usbd_core.o
                0x00000000080035b8                USBD_LL_Reset
 .text.USBD_LL_SetSpeed
                0x0000000008003606        0x6 ./Middlewares/ST/STM32_USB_Device_Library/Core/Src/usbd_core.o
                0x0000000008003606                USBD_LL_SetSpeed
 .text.USBD_LL_Suspend
                0x000000000800360c       0x12 ./Middlewares/ST/STM32_USB_Device_Library/Core/Src/usbd_core.o
                0x000000000800360c                USBD_LL_Suspend
 .text.USBD_LL_Resume
                0x000000000800361e       0x14 ./Middlewares/ST/STM32_USB_Device_Library/Core/Src/usbd_core.o
                0x000000000800361e                USBD_LL_Resume
 .text.USBD_LL_SOF
                0x0000000008003632       0x18 ./Middlewares/ST/STM32_USB_Device_Library/Core/Src/usbd_core.o
                0x0000000008003632                USBD_LL_SOF
 .text.USBD_CtlError.constprop.0
                0x000000000800364a       0x16 ./Middlewares/ST/STM32_USB_Device_Library/Core/Src/usbd_ctlreq.o
 .text.USBD_StdDevReq
                0x0000000008003660      0x254 ./Middlewares/ST/STM32_USB_Device_Library/Core/Src/usbd_ctlreq.o
                0x0000000008003660                USBD_StdDevReq
 .text.USBD_StdItfReq
                0x00000000080038b4       0x48 ./Middlewares/ST/STM32_USB_Device_Library/Core/Src/usbd_ctlreq.o
                0x00000000080038b4                USBD_StdItfReq
 .text.USBD_StdEPReq
                0x00000000080038fc      0x114 ./Middlewares/ST/STM32_USB_Device_Library/Core/Src/usbd_ctlreq.o
                0x00000000080038fc                USBD_StdEPReq
 .text.USBD_ParseSetupRequest
                0x0000000008003a10       0x28 ./Middlewares/ST/STM32_USB_Device_Library/Core/Src/usbd_ctlreq.o
                0x0000000008003a10                USBD_ParseSetupRequest
 .text.USBD_CtlError
                0x0000000008003a38       0x16 ./Middlewares/ST/STM32_USB_Device_Library/Core/Src/usbd_ctlreq.o
                0x0000000008003a38                USBD_CtlError
 .text.USBD_GetString
                0x0000000008003a4e       0x38 ./Middlewares/ST/STM32_USB_Device_Library/Core/Src/usbd_ctlreq.o
                0x0000000008003a4e                USBD_GetString
 .text.USBD_CtlSendData
                0x0000000008003a86       0x1a ./Middlewares/ST/STM32_USB_Device_Library/Core/Src/usbd_ioreq.o
                0x0000000008003a86                USBD_CtlSendData
 .text.USBD_CtlContinueSendData
                0x0000000008003aa0       0x10 ./Middlewares/ST/STM32_USB_Device_Library/Core/Src/usbd_ioreq.o
                0x0000000008003aa0                USBD_CtlContinueSendData
 .text.USBD_CtlPrepareRx
                0x0000000008003ab0       0x1a ./Middlewares/ST/STM32_USB_Device_Library/Core/Src/usbd_ioreq.o
                0x0000000008003ab0                USBD_CtlPrepareRx
 .text.USBD_CtlContinueRx
                0x0000000008003aca       0x10 ./Middlewares/ST/STM32_USB_Device_Library/Core/Src/usbd_ioreq.o
                0x0000000008003aca                USBD_CtlContinueRx
 .text.USBD_CtlSendStatus
                0x0000000008003ada       0x16 ./Middlewares/ST/STM32_USB_Device_Library/Core/Src/usbd_ioreq.o
                0x0000000008003ada                USBD_CtlSendStatus
 .text.USBD_CtlReceiveStatus
                0x0000000008003af0       0x16 ./Middlewares/ST/STM32_USB_Device_Library/Core/Src/usbd_ioreq.o
                0x0000000008003af0                USBD_CtlReceiveStatus
 *fill*         0x0000000008003b06        0x2 
 .text.MX_USB_DEVICE_Init
                0x0000000008003b08       0x50 ./USB_DEVICE/App/usb_device.o
                0x0000000008003b08                MX_USB_DEVICE_Init
 .text.CDC_DeInit_FS
                0x0000000008003b58        0x4 ./USB_DEVICE/App/usbd_cdc_if.o
 .text.CDC_Control_FS
                0x0000000008003b5c        0x4 ./USB_DEVICE/App/usbd_cdc_if.o
 .text.CDC_Receive_FS
                0x0000000008003b60       0x1c ./USB_DEVICE/App/usbd_cdc_if.o
 .text.CDC_Init_FS
                0x0000000008003b7c       0x28 ./USB_DEVICE/App/usbd_cdc_if.o
 .text.USBD_FS_DeviceDescriptor
                0x0000000008003ba4        0xc ./USB_DEVICE/App/usbd_desc.o
                0x0000000008003ba4                USBD_FS_DeviceDescriptor
 .text.USBD_FS_LangIDStrDescriptor
                0x0000000008003bb0        0xc ./USB_DEVICE/App/usbd_desc.o
                0x0000000008003bb0                USBD_FS_LangIDStrDescriptor
 .text.IntToUnicode
                0x0000000008003bbc       0x2a ./USB_DEVICE/App/usbd_desc.o
 *fill*         0x0000000008003be6        0x2 
 .text.USBD_FS_SerialStrDescriptor
                0x0000000008003be8       0x3c ./USB_DEVICE/App/usbd_desc.o
                0x0000000008003be8                USBD_FS_SerialStrDescriptor
 .text.USBD_FS_ManufacturerStrDescriptor
                0x0000000008003c24       0x1c ./USB_DEVICE/App/usbd_desc.o
                0x0000000008003c24                USBD_FS_ManufacturerStrDescriptor
 .text.USBD_FS_ProductStrDescriptor
                0x0000000008003c40       0x1c ./USB_DEVICE/App/usbd_desc.o
                0x0000000008003c40                USBD_FS_ProductStrDescriptor
 .text.USBD_FS_ConfigStrDescriptor
                0x0000000008003c5c       0x1c ./USB_DEVICE/App/usbd_desc.o
                0x0000000008003c5c                USBD_FS_ConfigStrDescriptor
 .text.USBD_FS_InterfaceStrDescriptor
                0x0000000008003c78       0x1c ./USB_DEVICE/App/usbd_desc.o
                0x0000000008003c78                USBD_FS_InterfaceStrDescriptor
 .text.USBD_Get_USB_Status
                0x0000000008003c94       0x10 ./USB_DEVICE/Target/usbd_conf.o
 .text.HAL_PCD_MspInit
                0x0000000008003ca4       0x40 ./USB_DEVICE/Target/usbd_conf.o
                0x0000000008003ca4                HAL_PCD_MspInit
 .text.HAL_PCD_SetupStageCallback
                0x0000000008003ce4        0xc ./USB_DEVICE/Target/usbd_conf.o
                0x0000000008003ce4                HAL_PCD_SetupStageCallback
 .text.HAL_PCD_DataOutStageCallback
                0x0000000008003cf0       0x12 ./USB_DEVICE/Target/usbd_conf.o
                0x0000000008003cf0                HAL_PCD_DataOutStageCallback
 .text.HAL_PCD_DataInStageCallback
                0x0000000008003d02       0x10 ./USB_DEVICE/Target/usbd_conf.o
                0x0000000008003d02                HAL_PCD_DataInStageCallback
 .text.HAL_PCD_SOFCallback
                0x0000000008003d12        0x8 ./USB_DEVICE/Target/usbd_conf.o
                0x0000000008003d12                HAL_PCD_SOFCallback
 .text.HAL_PCD_ResetCallback
                0x0000000008003d1a       0x24 ./USB_DEVICE/Target/usbd_conf.o
                0x0000000008003d1a                HAL_PCD_ResetCallback
 *fill*         0x0000000008003d3e        0x2 
 .text.HAL_PCD_SuspendCallback
                0x0000000008003d40       0x20 ./USB_DEVICE/Target/usbd_conf.o
                0x0000000008003d40                HAL_PCD_SuspendCallback
 .text.HAL_PCD_ResumeCallback
                0x0000000008003d60        0x8 ./USB_DEVICE/Target/usbd_conf.o
                0x0000000008003d60                HAL_PCD_ResumeCallback
 .text.USBD_LL_Init
                0x0000000008003d68       0x84 ./USB_DEVICE/Target/usbd_conf.o
                0x0000000008003d68                USBD_LL_Init
 .text.USBD_LL_Start
                0x0000000008003dec       0x12 ./USB_DEVICE/Target/usbd_conf.o
                0x0000000008003dec                USBD_LL_Start
 .text.USBD_LL_OpenEP
                0x0000000008003dfe       0x18 ./USB_DEVICE/Target/usbd_conf.o
                0x0000000008003dfe                USBD_LL_OpenEP
 .text.USBD_LL_CloseEP
                0x0000000008003e16       0x12 ./USB_DEVICE/Target/usbd_conf.o
                0x0000000008003e16                USBD_LL_CloseEP
 .text.USBD_LL_StallEP
                0x0000000008003e28       0x12 ./USB_DEVICE/Target/usbd_conf.o
                0x0000000008003e28                USBD_LL_StallEP
 .text.USBD_LL_ClearStallEP
                0x0000000008003e3a       0x12 ./USB_DEVICE/Target/usbd_conf.o
                0x0000000008003e3a                USBD_LL_ClearStallEP
 .text.USBD_LL_IsStallEP
                0x0000000008003e4c       0x24 ./USB_DEVICE/Target/usbd_conf.o
                0x0000000008003e4c                USBD_LL_IsStallEP
 .text.USBD_LL_SetUSBAddress
                0x0000000008003e70       0x12 ./USB_DEVICE/Target/usbd_conf.o
                0x0000000008003e70                USBD_LL_SetUSBAddress
 .text.USBD_LL_Transmit
                0x0000000008003e82       0x12 ./USB_DEVICE/Target/usbd_conf.o
                0x0000000008003e82                USBD_LL_Transmit
 .text.USBD_LL_PrepareReceive
                0x0000000008003e94       0x12 ./USB_DEVICE/Target/usbd_conf.o
                0x0000000008003e94                USBD_LL_PrepareReceive
 .text.USBD_LL_GetRxDataSize
                0x0000000008003ea6        0x8 ./USB_DEVICE/Target/usbd_conf.o
                0x0000000008003ea6                USBD_LL_GetRxDataSize
 *fill*         0x0000000008003eae        0x2 
 .text.USBD_static_malloc
                0x0000000008003eb0        0x8 ./USB_DEVICE/Target/usbd_conf.o
                0x0000000008003eb0                USBD_static_malloc
 .text.USBD_static_free
                0x0000000008003eb8        0x2 ./USB_DEVICE/Target/usbd_conf.o
                0x0000000008003eb8                USBD_static_free
 .text.HAL_PCDEx_SetConnectionState
                0x0000000008003eba        0x2 ./USB_DEVICE/Target/usbd_conf.o
                0x0000000008003eba                HAL_PCDEx_SetConnectionState
 .text.abort    0x0000000008003ebc        0xe c:/st/stm32cubeide_1.12.0/stm32cubeide/plugins/com.st.stm32cube.ide.mcu.externaltools.gnu-tools-for-stm32.10.3-2021.10.win32_1.0.200.202301161003/tools/bin/../lib/gcc/arm-none-eabi/10.3.1/../../../../arm-none-eabi/lib/thumb/v7-m/nofp\libc_nano.a(lib_a-abort.o)
                0x0000000008003ebc                abort
 *fill*         0x0000000008003eca        0x2 
 .text.__errno  0x0000000008003ecc        0xc c:/st/stm32cubeide_1.12.0/stm32cubeide/plugins/com.st.stm32cube.ide.mcu.externaltools.gnu-tools-for-stm32.10.3-2021.10.win32_1.0.200.202301161003/tools/bin/../lib/gcc/arm-none-eabi/10.3.1/../../../../arm-none-eabi/lib/thumb/v7-m/nofp\libc_nano.a(lib_a-errno.o)
                0x0000000008003ecc                __errno
 .text.__libc_init_array
                0x0000000008003ed8       0x48 c:/st/stm32cubeide_1.12.0/stm32cubeide/plugins/com.st.stm32cube.ide.mcu.externaltools.gnu-tools-for-stm32.10.3-2021.10.win32_1.0.200.202301161003/tools/bin/../lib/gcc/arm-none-eabi/10.3.1/../../../../arm-none-eabi/lib/thumb/v7-m/nofp\libc_nano.a(lib_a-init.o)
                0x0000000008003ed8                __libc_init_array
 .text.memcpy   0x0000000008003f20       0x1c c:/st/stm32cubeide_1.12.0/stm32cubeide/plugins/com.st.stm32cube.ide.mcu.externaltools.gnu-tools-for-stm32.10.3-2021.10.win32_1.0.200.202301161003/tools/bin/../lib/gcc/arm-none-eabi/10.3.1/../../../../arm-none-eabi/lib/thumb/v7-m/nofp\libc_nano.a(lib_a-memcpy-stub.o)
                0x0000000008003f20                memcpy
 .text.memset   0x0000000008003f3c       0x10 c:/st/stm32cubeide_1.12.0/stm32cubeide/plugins/com.st.stm32cube.ide.mcu.externaltools.gnu-tools-for-stm32.10.3-2021.10.win32_1.0.200.202301161003/tools/bin/../lib/gcc/arm-none-eabi/10.3.1/../../../../arm-none-eabi/lib/thumb/v7-m/nofp\libc_nano.a(lib_a-memset.o)
                0x0000000008003f3c                memset
 .text._raise_r
                0x0000000008003f4c       0x50 c:/st/stm32cubeide_1.12.0/stm32cubeide/plugins/com.st.stm32cube.ide.mcu.externaltools.gnu-tools-for-stm32.10.3-2021.10.win32_1.0.200.202301161003/tools/bin/../lib/gcc/arm-none-eabi/10.3.1/../../../../arm-none-eabi/lib/thumb/v7-m/nofp\libc_nano.a(lib_a-signal.o)
                0x0000000008003f4c                _raise_r
 .text.raise    0x0000000008003f9c       0x10 c:/st/stm32cubeide_1.12.0/stm32cubeide/plugins/com.st.stm32cube.ide.mcu.externaltools.gnu-tools-for-stm32.10.3-2021.10.win32_1.0.200.202301161003/tools/bin/../lib/gcc/arm-none-eabi/10.3.1/../../../../arm-none-eabi/lib/thumb/v7-m/nofp\libc_nano.a(lib_a-signal.o)
                0x0000000008003f9c                raise
 .text._kill_r  0x0000000008003fac       0x24 c:/st/stm32cubeide_1.12.0/stm32cubeide/plugins/com.st.stm32cube.ide.mcu.externaltools.gnu-tools-for-stm32.10.3-2021.10.win32_1.0.200.202301161003/tools/bin/../lib/gcc/arm-none-eabi/10.3.1/../../../../arm-none-eabi/lib/thumb/v7-m/nofp\libc_nano.a(lib_a-signalr.o)
                0x0000000008003fac                _kill_r
 .text._getpid_r
                0x0000000008003fd0        0x4 c:/st/stm32cubeide_1.12.0/stm32cubeide/plugins/com.st.stm32cube.ide.mcu.externaltools.gnu-tools-for-stm32.10.3-2021.10.win32_1.0.200.202301161003/tools/bin/../lib/gcc/arm-none-eabi/10.3.1/../../../../arm-none-eabi/lib/thumb/v7-m/nofp\libc_nano.a(lib_a-signalr.o)
                0x0000000008003fd0                _getpid_r
 *(.glue_7)
 .glue_7        0x0000000008003fd4        0x0 linker stubs
 *(.glue_7t)
 .glue_7t       0x0000000008003fd4        0x0 linker stubs
 *(.eh_frame)
 .eh_frame      0x0000000008003fd4        0x0 c:/st/stm32cubeide_1.12.0/stm32cubeide/plugins/com.st.stm32cube.ide.mcu.externaltools.gnu-tools-for-stm32.10.3-2021.10.win32_1.0.200.202301161003/tools/bin/../lib/gcc/arm-none-eabi/10.3.1/thumb/v7-m/nofp/crtbegin.o
 *(.init)
 .init          0x0000000008003fd4        0x4 c:/st/stm32cubeide_1.12.0/stm32cubeide/plugins/com.st.stm32cube.ide.mcu.externaltools.gnu-tools-for-stm32.10.3-2021.10.win32_1.0.200.202301161003/tools/bin/../lib/gcc/arm-none-eabi/10.3.1/thumb/v7-m/nofp/crti.o
                0x0000000008003fd4                _init
 .init          0x0000000008003fd8        0x8 c:/st/stm32cubeide_1.12.0/stm32cubeide/plugins/com.st.stm32cube.ide.mcu.externaltools.gnu-tools-for-stm32.10.3-2021.10.win32_1.0.200.202301161003/tools/bin/../lib/gcc/arm-none-eabi/10.3.1/thumb/v7-m/nofp/crtn.o
 *(.fini)
 .fini          0x0000000008003fe0        0x4 c:/st/stm32cubeide_1.12.0/stm32cubeide/plugins/com.st.stm32cube.ide.mcu.externaltools.gnu-tools-for-stm32.10.3-2021.10.win32_1.0.200.202301161003/tools/bin/../lib/gcc/arm-none-eabi/10.3.1/thumb/v7-m/nofp/crti.o
                0x0000000008003fe0                _fini
 .fini          0x0000000008003fe4        0x8 c:/st/stm32cubeide_1.12.0/stm32cubeide/plugins/com.st.stm32cube.ide.mcu.externaltools.gnu-tools-for-stm32.10.3-2021.10.win32_1.0.200.202301161003/tools/bin/../lib/gcc/arm-none-eabi/10.3.1/thumb/v7-m/nofp/crtn.o
                0x0000000008003fec                . = ALIGN (0x4)
                0x0000000008003fec                _etext = .

.vfp11_veneer   0x0000000008003fec        0x0
 .vfp11_veneer  0x0000000008003fec        0x0 linker stubs

.v4_bx          0x0000000008003fec        0x0
 .v4_bx         0x0000000008003fec        0x0 linker stubs

.iplt           0x0000000008003fec        0x0
 .iplt          0x0000000008003fec        0x0 c:/st/stm32cubeide_1.12.0/stm32cubeide/plugins/com.st.stm32cube.ide.mcu.externaltools.gnu-tools-for-stm32.10.3-2021.10.win32_1.0.200.202301161003/tools/bin/../lib/gcc/arm-none-eabi/10.3.1/thumb/v7-m/nofp/crtbegin.o

.rodata         0x0000000008003fec       0xc8
                0x0000000008003fec                . = ALIGN (0x4)
 *(.rodata)
 *(.rodata*)
 .rodata.AHBPrescTable
                0x0000000008003fec       0x10 ./Core/Src/system_stm32f1xx.o
                0x0000000008003fec                AHBPrescTable
 .rodata.aPLLMULFactorTable.1
                0x0000000008003ffc       0x10 ./Drivers/STM32F1xx_HAL_Driver/Src/stm32f1xx_hal_rcc.o
 .rodata.aPredivFactorTable.0
                0x000000000800400c        0x2 ./Drivers/STM32F1xx_HAL_Driver/Src/stm32f1xx_hal_rcc.o
 .rodata.USBD_FS_ManufacturerStrDescriptor.str1.1
                0x000000000800400e       0x13 ./USB_DEVICE/App/usbd_desc.o
 .rodata.USBD_FS_ProductStrDescriptor.str1.1
                0x0000000008004021       0x16 ./USB_DEVICE/App/usbd_desc.o
 .rodata.USBD_FS_ConfigStrDescriptor.str1.1
                0x0000000008004037        0xb ./USB_DEVICE/App/usbd_desc.o
 .rodata.USBD_FS_InterfaceStrDescriptor.str1.1
                0x0000000008004042        0xe ./USB_DEVICE/App/usbd_desc.o
 .rodata.CSWTCH.3
                0x0000000008004050        0x4 ./USB_DEVICE/Target/usbd_conf.o
 .rodata.__sf_fake_stderr
                0x0000000008004054       0x20 c:/st/stm32cubeide_1.12.0/stm32cubeide/plugins/com.st.stm32cube.ide.mcu.externaltools.gnu-tools-for-stm32.10.3-2021.10.win32_1.0.200.202301161003/tools/bin/../lib/gcc/arm-none-eabi/10.3.1/../../../../arm-none-eabi/lib/thumb/v7-m/nofp\libc_nano.a(lib_a-findfp.o)
                0x0000000008004054                __sf_fake_stderr
 .rodata.__sf_fake_stdin
                0x0000000008004074       0x20 c:/st/stm32cubeide_1.12.0/stm32cubeide/plugins/com.st.stm32cube.ide.mcu.externaltools.gnu-tools-for-stm32.10.3-2021.10.win32_1.0.200.202301161003/tools/bin/../lib/gcc/arm-none-eabi/10.3.1/../../../../arm-none-eabi/lib/thumb/v7-m/nofp\libc_nano.a(lib_a-findfp.o)
                0x0000000008004074                __sf_fake_stdin
 .rodata.__sf_fake_stdout
                0x0000000008004094       0x20 c:/st/stm32cubeide_1.12.0/stm32cubeide/plugins/com.st.stm32cube.ide.mcu.externaltools.gnu-tools-for-stm32.10.3-2021.10.win32_1.0.200.202301161003/tools/bin/../lib/gcc/arm-none-eabi/10.3.1/../../../../arm-none-eabi/lib/thumb/v7-m/nofp\libc_nano.a(lib_a-findfp.o)
                0x0000000008004094                __sf_fake_stdout
                0x00000000080040b4                . = ALIGN (0x4)

.ARM.extab      0x00000000080040b4       0xfc
                0x00000000080040b4                . = ALIGN (0x4)
 *(.ARM.extab* .gnu.linkonce.armextab.*)
 .ARM.extab.text._kill
                0x00000000080040b4        0xc ./Core/Src/syscalls.o
 .ARM.extab.text.HAL_Init
                0x00000000080040c0        0xc ./Drivers/STM32F1xx_HAL_Driver/Src/stm32f1xx_hal.o
 .ARM.extab.text.USBD_Init
                0x00000000080040cc        0xc ./Middlewares/ST/STM32_USB_Device_Library/Core/Src/usbd_core.o
 .ARM.extab.text.USBD_Start
                0x00000000080040d8        0xc ./Middlewares/ST/STM32_USB_Device_Library/Core/Src/usbd_core.o
 .ARM.extab.text.USBD_SetClassConfig
                0x00000000080040e4        0xc ./Middlewares/ST/STM32_USB_Device_Library/Core/Src/usbd_core.o
 .ARM.extab.text.USBD_ClrClassConfig
                0x00000000080040f0        0xc ./Middlewares/ST/STM32_USB_Device_Library/Core/Src/usbd_core.o
 .ARM.extab.text.USBD_LL_SOF
                0x00000000080040fc        0xc ./Middlewares/ST/STM32_USB_Device_Library/Core/Src/usbd_core.o
 .ARM.extab.text.USBD_CtlContinueSendData
                0x0000000008004108        0xc ./Middlewares/ST/STM32_USB_Device_Library/Core/Src/usbd_ioreq.o
 .ARM.extab.text.USBD_CtlContinueRx
                0x0000000008004114        0xc ./Middlewares/ST/STM32_USB_Device_Library/Core/Src/usbd_ioreq.o
 .ARM.extab.text.USBD_CtlSendStatus
                0x0000000008004120        0xc ./Middlewares/ST/STM32_USB_Device_Library/Core/Src/usbd_ioreq.o
 .ARM.extab.text.USBD_CtlReceiveStatus
                0x000000000800412c        0xc ./Middlewares/ST/STM32_USB_Device_Library/Core/Src/usbd_ioreq.o
 .ARM.extab.text.MX_USB_DEVICE_Init
                0x0000000008004138        0xc ./USB_DEVICE/App/usb_device.o
 .ARM.extab.text.USBD_LL_Start
                0x0000000008004144        0xc ./USB_DEVICE/Target/usbd_conf.o
 .ARM.extab.text.USBD_LL_CloseEP
                0x0000000008004150        0xc ./USB_DEVICE/Target/usbd_conf.o
 .ARM.extab.text.USBD_LL_StallEP
                0x000000000800415c        0xc ./USB_DEVICE/Target/usbd_conf.o
 .ARM.extab.text.USBD_LL_ClearStallEP
                0x0000000008004168        0xc ./USB_DEVICE/Target/usbd_conf.o
 .ARM.extab.text.USBD_LL_SetUSBAddress
                0x0000000008004174        0xc ./USB_DEVICE/Target/usbd_conf.o
 .ARM.extab.text.USBD_LL_Transmit
                0x0000000008004180        0xc ./USB_DEVICE/Target/usbd_conf.o
 .ARM.extab.text.USBD_LL_PrepareReceive
                0x000000000800418c        0xc ./USB_DEVICE/Target/usbd_conf.o
 .ARM.extab     0x0000000008004198       0x18 c:/st/stm32cubeide_1.12.0/stm32cubeide/plugins/com.st.stm32cube.ide.mcu.externaltools.gnu-tools-for-stm32.10.3-2021.10.win32_1.0.200.202301161003/tools/bin/../lib/gcc/arm-none-eabi/10.3.1/thumb/v7-m/nofp\libgcc.a(pr-support.o)
                0x00000000080041b0                . = ALIGN (0x4)

.ARM            0x00000000080041b0      0x300
                0x00000000080041b0                . = ALIGN (0x4)
                0x00000000080041b0                __exidx_start = .
 *(.ARM.exidx*)
 .ARM.exidx.text.HAL_MspInit
                0x0000000008004268        0x0 ./Core/Src/stm32f1xx_hal_msp.o
                                          0x8 (size before relaxing)
 .ARM.exidx.text.NMI_Handler
                0x0000000008004268        0x0 ./Core/Src/stm32f1xx_it.o
                                          0x8 (size before relaxing)
 .ARM.exidx.text.HardFault_Handler
                0x0000000008004268        0x0 ./Core/Src/stm32f1xx_it.o
                                          0x8 (size before relaxing)
 .ARM.exidx.text.MemManage_Handler
                0x0000000008004268        0x0 ./Core/Src/stm32f1xx_it.o
                                          0x8 (size before relaxing)
 .ARM.exidx.text.BusFault_Handler
                0x0000000008004268        0x0 ./Core/Src/stm32f1xx_it.o
                                          0x8 (size before relaxing)
 .ARM.exidx.text.UsageFault_Handler
                0x0000000008004268        0x0 ./Core/Src/stm32f1xx_it.o
                                          0x8 (size before relaxing)
 .ARM.exidx.text.SVC_Handler
                0x0000000008004268        0x0 ./Core/Src/stm32f1xx_it.o
                                          0x8 (size before relaxing)
 .ARM.exidx.text.DebugMon_Handler
                0x0000000008004268        0x0 ./Core/Src/stm32f1xx_it.o
                                          0x8 (size before relaxing)
 .ARM.exidx.text.PendSV_Handler
                0x0000000008004268        0x0 ./Core/Src/stm32f1xx_it.o
                                          0x8 (size before relaxing)
 .ARM.exidx.text.SysTick_Handler
                0x0000000008004268        0x0 ./Core/Src/stm32f1xx_it.o
                                          0x8 (size before relaxing)
 .ARM.exidx.text.USB_LP_CAN1_RX0_IRQHandler
                0x0000000008004268        0x0 ./Core/Src/stm32f1xx_it.o
                                          0x8 (size before relaxing)
 .ARM.exidx.text._getpid
                0x0000000008004268        0x0 ./Core/Src/syscalls.o
                                          0x8 (size before relaxing)
 .ARM.exidx.text._kill
                0x0000000008004268        0x8 ./Core/Src/syscalls.o
 .ARM.exidx.text._exit
                0x0000000008004270        0x8 ./Core/Src/syscalls.o
 .ARM.exidx.text.SystemInit
                0x0000000008004278        0x0 ./Core/Src/system_stm32f1xx.o
                                          0x8 (size before relaxing)
 .ARM.exidx.text.HAL_InitTick
                0x0000000008004278        0x8 ./Drivers/STM32F1xx_HAL_Driver/Src/stm32f1xx_hal.o
 .ARM.exidx.text.HAL_Init
                0x0000000008004280        0x8 ./Drivers/STM32F1xx_HAL_Driver/Src/stm32f1xx_hal.o
 .ARM.exidx.text.HAL_IncTick
                0x0000000008004288        0x8 ./Drivers/STM32F1xx_HAL_Driver/Src/stm32f1xx_hal.o
 .ARM.exidx.text.HAL_GetTick
                0x0000000008004290        0x0 ./Drivers/STM32F1xx_HAL_Driver/Src/stm32f1xx_hal.o
                                          0x8 (size before relaxing)
 .ARM.exidx.text.HAL_NVIC_SetPriorityGrouping
                0x0000000008004290        0x0 ./Drivers/STM32F1xx_HAL_Driver/Src/stm32f1xx_hal_cortex.o
                                          0x8 (size before relaxing)
 .ARM.exidx.text.HAL_NVIC_SetPriority
                0x0000000008004290        0x0 ./Drivers/STM32F1xx_HAL_Driver/Src/stm32f1xx_hal_cortex.o
                                          0x8 (size before relaxing)
 .ARM.exidx.text.HAL_NVIC_EnableIRQ
                0x0000000008004290        0x0 ./Drivers/STM32F1xx_HAL_Driver/Src/stm32f1xx_hal_cortex.o
                                          0x8 (size before relaxing)
 .ARM.exidx.text.HAL_SYSTICK_Config
                0x0000000008004290        0x0 ./Drivers/STM32F1xx_HAL_Driver/Src/stm32f1xx_hal_cortex.o
                                          0x8 (size before relaxing)
 .ARM.exidx.text.HAL_PCD_Init
                0x0000000008004290        0x8 ./Drivers/STM32F1xx_HAL_Driver/Src/stm32f1xx_hal_pcd.o
 .ARM.exidx.text.HAL_PCD_Start
                0x0000000008004298        0x8 ./Drivers/STM32F1xx_HAL_Driver/Src/stm32f1xx_hal_pcd.o
 .ARM.exidx.text.HAL_PCD_SetAddress
                0x00000000080042a0        0x8 ./Drivers/STM32F1xx_HAL_Driver/Src/stm32f1xx_hal_pcd.o
 .ARM.exidx.text.HAL_PCD_IRQHandler
                0x00000000080042a8        0x8 ./Drivers/STM32F1xx_HAL_Driver/Src/stm32f1xx_hal_pcd.o
 .ARM.exidx.text.HAL_PCD_EP_Open
                0x00000000080042b0        0x8 ./Drivers/STM32F1xx_HAL_Driver/Src/stm32f1xx_hal_pcd.o
 .ARM.exidx.text.HAL_PCD_EP_Close
                0x00000000080042b8        0x8 ./Drivers/STM32F1xx_HAL_Driver/Src/stm32f1xx_hal_pcd.o
 .ARM.exidx.text.HAL_PCD_EP_Receive
                0x00000000080042c0        0x8 ./Drivers/STM32F1xx_HAL_Driver/Src/stm32f1xx_hal_pcd.o
 .ARM.exidx.text.HAL_PCD_EP_GetRxCount
                0x00000000080042c8        0x8 ./Drivers/STM32F1xx_HAL_Driver/Src/stm32f1xx_hal_pcd.o
 .ARM.exidx.text.HAL_PCD_EP_Transmit
                0x00000000080042d0        0x8 ./Drivers/STM32F1xx_HAL_Driver/Src/stm32f1xx_hal_pcd.o
 .ARM.exidx.text.HAL_PCD_EP_SetStall
                0x00000000080042d8        0x8 ./Drivers/STM32F1xx_HAL_Driver/Src/stm32f1xx_hal_pcd.o
 .ARM.exidx.text.HAL_PCD_EP_ClrStall
                0x00000000080042e0        0x0 ./Drivers/STM32F1xx_HAL_Driver/Src/stm32f1xx_hal_pcd.o
                                          0x8 (size before relaxing)
 .ARM.exidx.text.HAL_PCDEx_PMAConfig
                0x00000000080042e0        0x8 ./Drivers/STM32F1xx_HAL_Driver/Src/stm32f1xx_hal_pcd_ex.o
 .ARM.exidx.text.HAL_RCC_OscConfig
                0x00000000080042e8        0x8 ./Drivers/STM32F1xx_HAL_Driver/Src/stm32f1xx_hal_rcc.o
 .ARM.exidx.text.HAL_RCC_GetSysClockFreq
                0x00000000080042f0        0x8 ./Drivers/STM32F1xx_HAL_Driver/Src/stm32f1xx_hal_rcc.o
 .ARM.exidx.text.HAL_RCC_ClockConfig
                0x00000000080042f8        0x8 ./Drivers/STM32F1xx_HAL_Driver/Src/stm32f1xx_hal_rcc.o
 .ARM.exidx.text.HAL_RCCEx_PeriphCLKConfig
                0x0000000008004300        0x8 ./Drivers/STM32F1xx_HAL_Driver/Src/stm32f1xx_hal_rcc_ex.o
 .ARM.exidx.text.USB_CoreInit
                0x0000000008004308        0x8 ./Drivers/STM32F1xx_HAL_Driver/Src/stm32f1xx_ll_usb.o
 .ARM.exidx.text.USB_EnableGlobalInt
                0x0000000008004310        0x0 ./Drivers/STM32F1xx_HAL_Driver/Src/stm32f1xx_ll_usb.o
                                          0x8 (size before relaxing)
 .ARM.exidx.text.USB_DisableGlobalInt
                0x0000000008004310        0x0 ./Drivers/STM32F1xx_HAL_Driver/Src/stm32f1xx_ll_usb.o
                                          0x8 (size before relaxing)
 .ARM.exidx.text.USB_SetCurrentMode
                0x0000000008004310        0x0 ./Drivers/STM32F1xx_HAL_Driver/Src/stm32f1xx_ll_usb.o
                                          0x8 (size before relaxing)
 .ARM.exidx.text.USB_DevInit
                0x0000000008004310        0x0 ./Drivers/STM32F1xx_HAL_Driver/Src/stm32f1xx_ll_usb.o
                                          0x8 (size before relaxing)
 .ARM.exidx.text.USB_ActivateEndpoint
                0x0000000008004310        0x0 ./Drivers/STM32F1xx_HAL_Driver/Src/stm32f1xx_ll_usb.o
                                          0x8 (size before relaxing)
 .ARM.exidx.text.USB_DeactivateEndpoint
                0x0000000008004310        0x0 ./Drivers/STM32F1xx_HAL_Driver/Src/stm32f1xx_ll_usb.o
                                          0x8 (size before relaxing)
 .ARM.exidx.text.USB_EPSetStall
                0x0000000008004310        0x0 ./Drivers/STM32F1xx_HAL_Driver/Src/stm32f1xx_ll_usb.o
                                          0x8 (size before relaxing)
 .ARM.exidx.text.USB_EPClearStall
                0x0000000008004310        0x0 ./Drivers/STM32F1xx_HAL_Driver/Src/stm32f1xx_ll_usb.o
                                          0x8 (size before relaxing)
 .ARM.exidx.text.USB_SetDevAddress
                0x0000000008004310        0x0 ./Drivers/STM32F1xx_HAL_Driver/Src/stm32f1xx_ll_usb.o
                                          0x8 (size before relaxing)
 .ARM.exidx.text.USB_DevConnect
                0x0000000008004310        0x0 ./Drivers/STM32F1xx_HAL_Driver/Src/stm32f1xx_ll_usb.o
                                          0x8 (size before relaxing)
 .ARM.exidx.text.USB_DevDisconnect
                0x0000000008004310        0x0 ./Drivers/STM32F1xx_HAL_Driver/Src/stm32f1xx_ll_usb.o
                                          0x8 (size before relaxing)
 .ARM.exidx.text.USB_ReadInterrupts
                0x0000000008004310        0x0 ./Drivers/STM32F1xx_HAL_Driver/Src/stm32f1xx_ll_usb.o
                                          0x8 (size before relaxing)
 .ARM.exidx.text.USB_EP0_OutStart
                0x0000000008004310        0x0 ./Drivers/STM32F1xx_HAL_Driver/Src/stm32f1xx_ll_usb.o
                                          0x8 (size before relaxing)
 .ARM.exidx.text.USB_WritePMA
                0x0000000008004310        0x0 ./Drivers/STM32F1xx_HAL_Driver/Src/stm32f1xx_ll_usb.o
                                          0x8 (size before relaxing)
 .ARM.exidx.text.USB_EPStartXfer
                0x0000000008004310        0x0 ./Drivers/STM32F1xx_HAL_Driver/Src/stm32f1xx_ll_usb.o
                                          0x8 (size before relaxing)
 .ARM.exidx.text.USB_ReadPMA
                0x0000000008004310        0x0 ./Drivers/STM32F1xx_HAL_Driver/Src/stm32f1xx_ll_usb.o
                                          0x8 (size before relaxing)
 .ARM.exidx.text.USBD_CDC_EP0_RxReady
                0x0000000008004310        0x8 ./Middlewares/ST/STM32_USB_Device_Library/Class/CDC/Src/usbd_cdc.o
 .ARM.exidx.text.USBD_CDC_GetFSCfgDesc
                0x0000000008004318        0x8 ./Middlewares/ST/STM32_USB_Device_Library/Class/CDC/Src/usbd_cdc.o
 .ARM.exidx.text.USBD_CDC_GetHSCfgDesc
                0x0000000008004320        0x0 ./Middlewares/ST/STM32_USB_Device_Library/Class/CDC/Src/usbd_cdc.o
                                          0x8 (size before relaxing)
 .ARM.exidx.text.USBD_CDC_GetOtherSpeedCfgDesc
                0x0000000008004320        0x0 ./Middlewares/ST/STM32_USB_Device_Library/Class/CDC/Src/usbd_cdc.o
                                          0x8 (size before relaxing)
 .ARM.exidx.text.USBD_CDC_GetDeviceQualifierDescriptor
                0x0000000008004320        0x0 ./Middlewares/ST/STM32_USB_Device_Library/Class/CDC/Src/usbd_cdc.o
                                          0x8 (size before relaxing)
 .ARM.exidx.text.USBD_CDC_DataOut
                0x0000000008004320        0x8 ./Middlewares/ST/STM32_USB_Device_Library/Class/CDC/Src/usbd_cdc.o
 .ARM.exidx.text.USBD_CDC_DataIn
                0x0000000008004328        0x8 ./Middlewares/ST/STM32_USB_Device_Library/Class/CDC/Src/usbd_cdc.o
 .ARM.exidx.text.USBD_CDC_Setup
                0x0000000008004330        0x8 ./Middlewares/ST/STM32_USB_Device_Library/Class/CDC/Src/usbd_cdc.o
 .ARM.exidx.text.USBD_CDC_DeInit
                0x0000000008004338        0x8 ./Middlewares/ST/STM32_USB_Device_Library/Class/CDC/Src/usbd_cdc.o
 .ARM.exidx.text.USBD_CDC_Init
                0x0000000008004340        0x8 ./Middlewares/ST/STM32_USB_Device_Library/Class/CDC/Src/usbd_cdc.o
 .ARM.exidx.text.USBD_CDC_RegisterInterface
                0x0000000008004348        0x8 ./Middlewares/ST/STM32_USB_Device_Library/Class/CDC/Src/usbd_cdc.o
 .ARM.exidx.text.USBD_CDC_SetTxBuffer
                0x0000000008004350        0x0 ./Middlewares/ST/STM32_USB_Device_Library/Class/CDC/Src/usbd_cdc.o
                                          0x8 (size before relaxing)
 .ARM.exidx.text.USBD_CDC_SetRxBuffer
                0x0000000008004350        0x0 ./Middlewares/ST/STM32_USB_Device_Library/Class/CDC/Src/usbd_cdc.o
                                          0x8 (size before relaxing)
 .ARM.exidx.text.USBD_CDC_ReceivePacket
                0x0000000008004350        0x8 ./Middlewares/ST/STM32_USB_Device_Library/Class/CDC/Src/usbd_cdc.o
 .ARM.exidx.text.USBD_Init
                0x0000000008004358        0x8 ./Middlewares/ST/STM32_USB_Device_Library/Core/Src/usbd_core.o
 .ARM.exidx.text.USBD_RegisterClass
                0x0000000008004360        0x8 ./Middlewares/ST/STM32_USB_Device_Library/Core/Src/usbd_core.o
 .ARM.exidx.text.USBD_Start
                0x0000000008004368        0x8 ./Middlewares/ST/STM32_USB_Device_Library/Core/Src/usbd_core.o
 .ARM.exidx.text.USBD_SetClassConfig
                0x0000000008004370        0x8 ./Middlewares/ST/STM32_USB_Device_Library/Core/Src/usbd_core.o
 .ARM.exidx.text.USBD_ClrClassConfig
                0x0000000008004378        0x8 ./Middlewares/ST/STM32_USB_Device_Library/Core/Src/usbd_core.o
 .ARM.exidx.text.USBD_LL_SetupStage
                0x0000000008004380        0x8 ./Middlewares/ST/STM32_USB_Device_Library/Core/Src/usbd_core.o
 .ARM.exidx.text.USBD_LL_DataOutStage
                0x0000000008004388        0x8 ./Middlewares/ST/STM32_USB_Device_Library/Core/Src/usbd_core.o
 .ARM.exidx.text.USBD_LL_DataInStage
                0x0000000008004390        0x0 ./Middlewares/ST/STM32_USB_Device_Library/Core/Src/usbd_core.o
                                          0x8 (size before relaxing)
 .ARM.exidx.text.USBD_LL_Reset
                0x0000000008004390        0x8 ./Middlewares/ST/STM32_USB_Device_Library/Core/Src/usbd_core.o
 .ARM.exidx.text.USBD_LL_SetSpeed
                0x0000000008004398        0x8 ./Middlewares/ST/STM32_USB_Device_Library/Core/Src/usbd_core.o
 .ARM.exidx.text.USBD_LL_Suspend
                0x00000000080043a0        0x0 ./Middlewares/ST/STM32_USB_Device_Library/Core/Src/usbd_core.o
                                          0x8 (size before relaxing)
 .ARM.exidx.text.USBD_LL_Resume
                0x00000000080043a0        0x0 ./Middlewares/ST/STM32_USB_Device_Library/Core/Src/usbd_core.o
                                          0x8 (size before relaxing)
 .ARM.exidx.text.USBD_LL_SOF
                0x00000000080043a0        0x8 ./Middlewares/ST/STM32_USB_Device_Library/Core/Src/usbd_core.o
 .ARM.exidx.text.USBD_CtlError.constprop.0
                0x00000000080043a8        0x8 ./Middlewares/ST/STM32_USB_Device_Library/Core/Src/usbd_ctlreq.o
 .ARM.exidx.text.USBD_StdDevReq
                0x00000000080043b0        0x8 ./Middlewares/ST/STM32_USB_Device_Library/Core/Src/usbd_ctlreq.o
 .ARM.exidx.text.USBD_StdItfReq
                0x00000000080043b8        0x8 ./Middlewares/ST/STM32_USB_Device_Library/Core/Src/usbd_ctlreq.o
 .ARM.exidx.text.USBD_StdEPReq
                0x00000000080043c0        0x0 ./Middlewares/ST/STM32_USB_Device_Library/Core/Src/usbd_ctlreq.o
                                          0x8 (size before relaxing)
 .ARM.exidx.text.USBD_ParseSetupRequest
                0x00000000080043c0        0x8 ./Middlewares/ST/STM32_USB_Device_Library/Core/Src/usbd_ctlreq.o
 .ARM.exidx.text.USBD_CtlError
                0x00000000080043c8        0x8 ./Middlewares/ST/STM32_USB_Device_Library/Core/Src/usbd_ctlreq.o
 .ARM.exidx.text.USBD_GetString
                0x00000000080043d0        0x8 ./Middlewares/ST/STM32_USB_Device_Library/Core/Src/usbd_ctlreq.o
 .ARM.exidx.text.USBD_CtlSendData
                0x00000000080043d8        0x8 ./Middlewares/ST/STM32_USB_Device_Library/Core/Src/usbd_ioreq.o
 .ARM.exidx.text.USBD_CtlContinueSendData
                0x00000000080043e0        0x8 ./Middlewares/ST/STM32_USB_Device_Library/Core/Src/usbd_ioreq.o
 .ARM.exidx.text.USBD_CtlPrepareRx
                0x00000000080043e8        0x8 ./Middlewares/ST/STM32_USB_Device_Library/Core/Src/usbd_ioreq.o
 .ARM.exidx.text.USBD_CtlContinueRx
                0x00000000080043f0        0x8 ./Middlewares/ST/STM32_USB_Device_Library/Core/Src/usbd_ioreq.o
 .ARM.exidx.text.USBD_CtlSendStatus
                0x00000000080043f8        0x8 ./Middlewares/ST/STM32_USB_Device_Library/Core/Src/usbd_ioreq.o
 .ARM.exidx.text.USBD_CtlReceiveStatus
                0x0000000008004400        0x8 ./Middlewares/ST/STM32_USB_Device_Library/Core/Src/usbd_ioreq.o
 .ARM.exidx.text.MX_USB_DEVICE_Init
                0x0000000008004408        0x8 ./USB_DEVICE/App/usb_device.o
 .ARM.exidx.text.CDC_DeInit_FS
                0x0000000008004410        0x8 ./USB_DEVICE/App/usbd_cdc_if.o
 .ARM.exidx.text.CDC_Control_FS
                0x0000000008004418        0x0 ./USB_DEVICE/App/usbd_cdc_if.o
                                          0x8 (size before relaxing)
 .ARM.exidx.text.CDC_Receive_FS
                0x0000000008004418        0x8 ./USB_DEVICE/App/usbd_cdc_if.o
 .ARM.exidx.text.CDC_Init_FS
                0x0000000008004420        0x0 ./USB_DEVICE/App/usbd_cdc_if.o
                                          0x8 (size before relaxing)
 .ARM.exidx.text.USBD_FS_DeviceDescriptor
                0x0000000008004420        0x8 ./USB_DEVICE/App/usbd_desc.o
 .ARM.exidx.text.USBD_FS_LangIDStrDescriptor
                0x0000000008004428        0x0 ./USB_DEVICE/App/usbd_desc.o
                                          0x8 (size before relaxing)
 .ARM.exidx.text.IntToUnicode
                0x0000000008004428        0x0 ./USB_DEVICE/App/usbd_desc.o
                                          0x8 (size before relaxing)
 .ARM.exidx.text.USBD_FS_SerialStrDescriptor
                0x0000000008004428        0x0 ./USB_DEVICE/App/usbd_desc.o
                                          0x8 (size before relaxing)
 .ARM.exidx.text.USBD_FS_ManufacturerStrDescriptor
                0x0000000008004428        0x8 ./USB_DEVICE/App/usbd_desc.o
 .ARM.exidx.text.USBD_FS_ProductStrDescriptor
                0x0000000008004430        0x0 ./USB_DEVICE/App/usbd_desc.o
                                          0x8 (size before relaxing)
 .ARM.exidx.text.USBD_FS_ConfigStrDescriptor
                0x0000000008004430        0x0 ./USB_DEVICE/App/usbd_desc.o
                                          0x8 (size before relaxing)
 .ARM.exidx.text.USBD_FS_InterfaceStrDescriptor
                0x0000000008004430        0x0 ./USB_DEVICE/App/usbd_desc.o
                                          0x8 (size before relaxing)
 .ARM.exidx.text.USBD_Get_USB_Status
                0x0000000008004430        0x8 ./USB_DEVICE/Target/usbd_conf.o
 .ARM.exidx.text.HAL_PCD_MspInit
                0x0000000008004438        0x8 ./USB_DEVICE/Target/usbd_conf.o
 .ARM.exidx.text.HAL_PCD_SetupStageCallback
                0x0000000008004440        0x8 ./USB_DEVICE/Target/usbd_conf.o
 .ARM.exidx.text.HAL_PCD_DataOutStageCallback
                0x0000000008004448        0x0 ./USB_DEVICE/Target/usbd_conf.o
                                          0x8 (size before relaxing)
 .ARM.exidx.text.HAL_PCD_DataInStageCallback
                0x0000000008004448        0x0 ./USB_DEVICE/Target/usbd_conf.o
                                          0x8 (size before relaxing)
 .ARM.exidx.text.HAL_PCD_SOFCallback
                0x0000000008004448        0x0 ./USB_DEVICE/Target/usbd_conf.o
                                          0x8 (size before relaxing)
 .ARM.exidx.text.HAL_PCD_ResetCallback
                0x0000000008004448        0x8 ./USB_DEVICE/Target/usbd_conf.o
 .ARM.exidx.text.HAL_PCD_SuspendCallback
                0x0000000008004450        0x0 ./USB_DEVICE/Target/usbd_conf.o
                                          0x8 (size before relaxing)
 .ARM.exidx.text.HAL_PCD_ResumeCallback
                0x0000000008004450        0x8 ./USB_DEVICE/Target/usbd_conf.o
 .ARM.exidx.text.USBD_LL_Init
                0x0000000008004458        0x8 ./USB_DEVICE/Target/usbd_conf.o
 .ARM.exidx.text.USBD_LL_Start
                0x0000000008004460        0x8 ./USB_DEVICE/Target/usbd_conf.o
 .ARM.exidx.text.USBD_LL_OpenEP
                0x0000000008004468        0x8 ./USB_DEVICE/Target/usbd_conf.o
 .ARM.exidx.text.USBD_LL_CloseEP
                0x0000000008004470        0x8 ./USB_DEVICE/Target/usbd_conf.o
 .ARM.exidx.text.USBD_LL_StallEP
                0x0000000008004478        0x8 ./USB_DEVICE/Target/usbd_conf.o
 .ARM.exidx.text.USBD_LL_ClearStallEP
                0x0000000008004480        0x8 ./USB_DEVICE/Target/usbd_conf.o
 .ARM.exidx.text.USBD_LL_IsStallEP
                0x0000000008004488        0x8 ./USB_DEVICE/Target/usbd_conf.o
 .ARM.exidx.text.USBD_LL_SetUSBAddress
                0x0000000008004490        0x8 ./USB_DEVICE/Target/usbd_conf.o
 .ARM.exidx.text.USBD_LL_Transmit
                0x0000000008004498        0x8 ./USB_DEVICE/Target/usbd_conf.o
 .ARM.exidx.text.USBD_LL_PrepareReceive
                0x00000000080044a0        0x8 ./USB_DEVICE/Target/usbd_conf.o
 .ARM.exidx.text.USBD_LL_GetRxDataSize
                0x00000000080044a8        0x8 ./USB_DEVICE/Target/usbd_conf.o
 .ARM.exidx.text.USBD_static_malloc
                0x00000000080044b0        0x0 ./USB_DEVICE/Target/usbd_conf.o
                                          0x8 (size before relaxing)
 .ARM.exidx.text.USBD_static_free
                0x00000000080044b0        0x0 ./USB_DEVICE/Target/usbd_conf.o
                                          0x8 (size before relaxing)
 .ARM.exidx.text.HAL_PCDEx_SetConnectionState
                0x00000000080044b0        0x0 ./USB_DEVICE/Target/usbd_conf.o
                                          0x8 (size before relaxing)
 .ARM.exidx     0x00000000080041b0       0x80 c:/st/stm32cubeide_1.12.0/stm32cubeide/plugins/com.st.stm32cube.ide.mcu.externaltools.gnu-tools-for-stm32.10.3-2021.10.win32_1.0.200.202301161003/tools/bin/../lib/gcc/arm-none-eabi/10.3.1/thumb/v7-m/nofp\libgcc.a(unwind-arm.o)
                                         0xd8 (size before relaxing)
 .ARM.exidx     0x0000000008004230       0x38 c:/st/stm32cubeide_1.12.0/stm32cubeide/plugins/com.st.stm32cube.ide.mcu.externaltools.gnu-tools-for-stm32.10.3-2021.10.win32_1.0.200.202301161003/tools/bin/../lib/gcc/arm-none-eabi/10.3.1/thumb/v7-m/nofp\libgcc.a(pr-support.o)
                0x00000000080044b0                __exidx_end = .
                0x00000000080044b0                . = ALIGN (0x4)

.rel.dyn        0x00000000080044b0        0x0
 .rel.iplt      0x00000000080044b0        0x0 c:/st/stm32cubeide_1.12.0/stm32cubeide/plugins/com.st.stm32cube.ide.mcu.externaltools.gnu-tools-for-stm32.10.3-2021.10.win32_1.0.200.202301161003/tools/bin/../lib/gcc/arm-none-eabi/10.3.1/thumb/v7-m/nofp/crtbegin.o

.preinit_array  0x00000000080044b0        0x0
                0x00000000080044b0                . = ALIGN (0x4)
                0x00000000080044b0                PROVIDE (__preinit_array_start = .)
 *(.preinit_array*)
                0x00000000080044b0                PROVIDE (__preinit_array_end = .)
                0x00000000080044b0                . = ALIGN (0x4)

.init_array     0x00000000080044b0        0x4
                0x00000000080044b0                . = ALIGN (0x4)
                0x00000000080044b0                PROVIDE (__init_array_start = .)
 *(SORT_BY_NAME(.init_array.*))
 *(.init_array*)
 .init_array    0x00000000080044b0        0x4 c:/st/stm32cubeide_1.12.0/stm32cubeide/plugins/com.st.stm32cube.ide.mcu.externaltools.gnu-tools-for-stm32.10.3-2021.10.win32_1.0.200.202301161003/tools/bin/../lib/gcc/arm-none-eabi/10.3.1/thumb/v7-m/nofp/crtbegin.o
                0x00000000080044b4                PROVIDE (__init_array_end = .)
                0x00000000080044b4                . = ALIGN (0x4)

.fini_array     0x00000000080044b4        0x4
                0x00000000080044b4                . = ALIGN (0x4)
                [!provide]                        PROVIDE (__fini_array_start = .)
 *(SORT_BY_NAME(.fini_array.*))
 *(.fini_array*)
 .fini_array    0x00000000080044b4        0x4 c:/st/stm32cubeide_1.12.0/stm32cubeide/plugins/com.st.stm32cube.ide.mcu.externaltools.gnu-tools-for-stm32.10.3-2021.10.win32_1.0.200.202301161003/tools/bin/../lib/gcc/arm-none-eabi/10.3.1/thumb/v7-m/nofp/crtbegin.o
                [!provide]                        PROVIDE (__fini_array_end = .)
                0x00000000080044b8                . = ALIGN (0x4)
                0x00000000080044b8                _sidata = LOADADDR (.data)

.data           0x0000000020000000      0x1e0 load address 0x00000000080044b8
                0x0000000020000000                . = ALIGN (0x4)
                0x0000000020000000                _sdata = .
 *(.data)
 *(.data*)
 .data.SystemCoreClock
                0x0000000020000000        0x4 ./Core/Src/system_stm32f1xx.o
                0x0000000020000000                SystemCoreClock
 .data.uwTickFreq
                0x0000000020000004        0x1 ./Drivers/STM32F1xx_HAL_Driver/Src/stm32f1xx_hal.o
                0x0000000020000004                uwTickFreq
 *fill*         0x0000000020000005        0x3 
 .data.uwTickPrio
                0x0000000020000008        0x4 ./Drivers/STM32F1xx_HAL_Driver/Src/stm32f1xx_hal.o
                0x0000000020000008                uwTickPrio
 .data.USBD_CDC
                0x000000002000000c       0x38 ./Middlewares/ST/STM32_USB_Device_Library/Class/CDC/Src/usbd_cdc.o
                0x000000002000000c                USBD_CDC
 .data.USBD_CDC_CfgFSDesc
                0x0000000020000044       0x43 ./Middlewares/ST/STM32_USB_Device_Library/Class/CDC/Src/usbd_cdc.o
                0x0000000020000044                USBD_CDC_CfgFSDesc
 *fill*         0x0000000020000087        0x1 
 .data.USBD_CDC_CfgHSDesc
                0x0000000020000088       0x43 ./Middlewares/ST/STM32_USB_Device_Library/Class/CDC/Src/usbd_cdc.o
                0x0000000020000088                USBD_CDC_CfgHSDesc
 *fill*         0x00000000200000cb        0x1 
 .data.USBD_CDC_DeviceQualifierDesc
                0x00000000200000cc        0xa ./Middlewares/ST/STM32_USB_Device_Library/Class/CDC/Src/usbd_cdc.o
 *fill*         0x00000000200000d6        0x2 
 .data.USBD_CDC_OtherSpeedCfgDesc
                0x00000000200000d8       0x43 ./Middlewares/ST/STM32_USB_Device_Library/Class/CDC/Src/usbd_cdc.o
                0x00000000200000d8                USBD_CDC_OtherSpeedCfgDesc
 *fill*         0x000000002000011b        0x1 
 .data.USBD_Interface_fops_FS
                0x000000002000011c       0x10 ./USB_DEVICE/App/usbd_cdc_if.o
                0x000000002000011c                USBD_Interface_fops_FS
 .data.FS_Desc  0x000000002000012c       0x1c ./USB_DEVICE/App/usbd_desc.o
                0x000000002000012c                FS_Desc
 .data.USBD_FS_DeviceDesc
                0x0000000020000148       0x12 ./USB_DEVICE/App/usbd_desc.o
                0x0000000020000148                USBD_FS_DeviceDesc
 *fill*         0x000000002000015a        0x2 
 .data.USBD_LangIDDesc
                0x000000002000015c        0x4 ./USB_DEVICE/App/usbd_desc.o
                0x000000002000015c                USBD_LangIDDesc
 .data.USBD_StringSerial
                0x0000000020000160       0x1a ./USB_DEVICE/App/usbd_desc.o
                0x0000000020000160                USBD_StringSerial
 *fill*         0x000000002000017a        0x2 
 .data._impure_ptr
                0x000000002000017c        0x4 c:/st/stm32cubeide_1.12.0/stm32cubeide/plugins/com.st.stm32cube.ide.mcu.externaltools.gnu-tools-for-stm32.10.3-2021.10.win32_1.0.200.202301161003/tools/bin/../lib/gcc/arm-none-eabi/10.3.1/../../../../arm-none-eabi/lib/thumb/v7-m/nofp\libc_nano.a(lib_a-impure.o)
                0x000000002000017c                _impure_ptr
 .data.impure_data
                0x0000000020000180       0x60 c:/st/stm32cubeide_1.12.0/stm32cubeide/plugins/com.st.stm32cube.ide.mcu.externaltools.gnu-tools-for-stm32.10.3-2021.10.win32_1.0.200.202301161003/tools/bin/../lib/gcc/arm-none-eabi/10.3.1/../../../../arm-none-eabi/lib/thumb/v7-m/nofp\libc_nano.a(lib_a-impure.o)
 *(.RamFunc)
 *(.RamFunc*)
                0x00000000200001e0                . = ALIGN (0x4)
                0x00000000200001e0                _edata = .

.igot.plt       0x00000000200001e0        0x0 load address 0x0000000008004698
 .igot.plt      0x00000000200001e0        0x0 c:/st/stm32cubeide_1.12.0/stm32cubeide/plugins/com.st.stm32cube.ide.mcu.externaltools.gnu-tools-for-stm32.10.3-2021.10.win32_1.0.200.202301161003/tools/bin/../lib/gcc/arm-none-eabi/10.3.1/thumb/v7-m/nofp/crtbegin.o
                0x00000000200001e0                . = ALIGN (0x4)

.bss            0x00000000200001e0     0x11fc load address 0x0000000008004698
                0x00000000200001e0                _sbss = .
                0x00000000200001e0                __bss_start__ = _sbss
 *(.bss)
 .bss           0x00000000200001e0       0x1c c:/st/stm32cubeide_1.12.0/stm32cubeide/plugins/com.st.stm32cube.ide.mcu.externaltools.gnu-tools-for-stm32.10.3-2021.10.win32_1.0.200.202301161003/tools/bin/../lib/gcc/arm-none-eabi/10.3.1/thumb/v7-m/nofp/crtbegin.o
 *(.bss*)
 .bss.uwTick    0x00000000200001fc        0x4 ./Drivers/STM32F1xx_HAL_Driver/Src/stm32f1xx_hal.o
                0x00000000200001fc                uwTick
 .bss.cfgidx.0  0x0000000020000200        0x1 ./Middlewares/ST/STM32_USB_Device_Library/Core/Src/usbd_ctlreq.o
 *fill*         0x0000000020000201        0x3 
 .bss.hUsbDeviceFS
                0x0000000020000204      0x2c4 ./USB_DEVICE/App/usb_device.o
                0x0000000020000204                hUsbDeviceFS
 .bss.UserRxBufferFS
                0x00000000200004c8      0x400 ./USB_DEVICE/App/usbd_cdc_if.o
                0x00000000200004c8                UserRxBufferFS
 .bss.UserTxBufferFS
                0x00000000200008c8      0x400 ./USB_DEVICE/App/usbd_cdc_if.o
                0x00000000200008c8                UserTxBufferFS
 .bss.USBD_StrDesc
                0x0000000020000cc8      0x200 ./USB_DEVICE/App/usbd_desc.o
                0x0000000020000cc8                USBD_StrDesc
 .bss.hpcd_USB_FS
                0x0000000020000ec8      0x2f0 ./USB_DEVICE/Target/usbd_conf.o
                0x0000000020000ec8                hpcd_USB_FS
 .bss.mem.0     0x00000000200011b8      0x220 ./USB_DEVICE/Target/usbd_conf.o
 .bss.errno     0x00000000200013d8        0x4 c:/st/stm32cubeide_1.12.0/stm32cubeide/plugins/com.st.stm32cube.ide.mcu.externaltools.gnu-tools-for-stm32.10.3-2021.10.win32_1.0.200.202301161003/tools/bin/../lib/gcc/arm-none-eabi/10.3.1/../../../../arm-none-eabi/lib/thumb/v7-m/nofp\libc_nano.a(lib_a-reent.o)
                0x00000000200013d8                errno
 *(COMMON)
                0x00000000200013dc                . = ALIGN (0x4)
                0x00000000200013dc                _ebss = .
                0x00000000200013dc                __bss_end__ = _ebss

._user_heap_stack
                0x00000000200013dc      0x604 load address 0x0000000008004698
                0x00000000200013e0                . = ALIGN (0x8)
 *fill*         0x00000000200013dc        0x4 
                [!provide]                        PROVIDE (end = .)
                0x00000000200013e0                PROVIDE (_end = .)
                0x00000000200015e0                . = (. + _Min_Heap_Size)
 *fill*         0x00000000200013e0      0x200 
                0x00000000200019e0                . = (. + _Min_Stack_Size)
 *fill*         0x00000000200015e0      0x400 
                0x00000000200019e0                . = ALIGN (0x8)

/DISCARD/
 libc.a(*)
 libm.a(*)
 libgcc.a(*)

.ARM.attributes
                0x0000000000000000       0x29
 *(.ARM.attributes)
 .ARM.attributes
                0x0000000000000000       0x1d c:/st/stm32cubeide_1.12.0/stm32cubeide/plugins/com.st.stm32cube.ide.mcu.externaltools.gnu-tools-for-stm32.10.3-2021.10.win32_1.0.200.202301161003/tools/bin/../lib/gcc/arm-none-eabi/10.3.1/thumb/v7-m/nofp/crti.o
 .ARM.attributes
                0x000000000000001d       0x2d c:/st/stm32cubeide_1.12.0/stm32cubeide/plugins/com.st.stm32cube.ide.mcu.externaltools.gnu-tools-for-stm32.10.3-2021.10.win32_1.0.200.202301161003/tools/bin/../lib/gcc/arm-none-eabi/10.3.1/thumb/v7-m/nofp/crtbegin.o
 .ARM.attributes
                0x000000000000004a       0x2d ./Core/Src/main.o
 .ARM.attributes
                0x0000000000000077       0x2d ./Core/Src/stm32f1xx_hal_msp.o
 .ARM.attributes
                0x00000000000000a4       0x2d ./Core/Src/stm32f1xx_it.o
 .ARM.attributes
                0x00000000000000d1       0x2d ./Core/Src/system_stm32f1xx.o
 .ARM.attributes
                0x00000000000000fe       0x21 ./Core/Startup/startup_stm32f103c8tx.o
 .ARM.attributes
                0x000000000000011f       0x2d ./Drivers/STM32F1xx_HAL_Driver/Src/stm32f1xx_hal.o
 .ARM.attributes
                0x000000000000014c       0x2d ./Drivers/STM32F1xx_HAL_Driver/Src/stm32f1xx_hal_cortex.o
 .ARM.attributes
                0x0000000000000179       0x2d ./Drivers/STM32F1xx_HAL_Driver/Src/stm32f1xx_hal_pcd.o
 .ARM.attributes
                0x00000000000001a6       0x2d ./Drivers/STM32F1xx_HAL_Driver/Src/stm32f1xx_hal_pcd_ex.o
 .ARM.attributes
                0x00000000000001d3       0x2d ./Drivers/STM32F1xx_HAL_Driver/Src/stm32f1xx_hal_rcc.o
 .ARM.attributes
                0x0000000000000200       0x2d ./Drivers/STM32F1xx_HAL_Driver/Src/stm32f1xx_hal_rcc_ex.o
 .ARM.attributes
                0x000000000000022d       0x2d ./Drivers/STM32F1xx_HAL_Driver/Src/stm32f1xx_ll_usb.o
 .ARM.attributes
                0x000000000000025a       0x2d ./Middlewares/ST/STM32_USB_Device_Library/Class/CDC/Src/usbd_cdc.o
 .ARM.attributes
                0x0000000000000287       0x2d ./Middlewares/ST/STM32_USB_Device_Library/Core/Src/usbd_core.o
 .ARM.attributes
                0x00000000000002b4       0x2d ./Middlewares/ST/STM32_USB_Device_Library/Core/Src/usbd_ctlreq.o
 .ARM.attributes
                0x00000000000002e1       0x2d ./Middlewares/ST/STM32_USB_Device_Library/Core/Src/usbd_ioreq.o
 .ARM.attributes
                0x000000000000030e       0x2d ./USB_DEVICE/App/usb_device.o
 .ARM.attributes
                0x000000000000033b       0x2d ./USB_DEVICE/App/usbd_cdc_if.o
 .ARM.attributes
                0x0000000000000368       0x2d ./USB_DEVICE/App/usbd_desc.o
 .ARM.attributes
                0x0000000000000395       0x2d ./USB_DEVICE/Target/usbd_conf.o
 .ARM.attributes
                0x00000000000003c2       0x2d c:/st/stm32cubeide_1.12.0/stm32cubeide/plugins/com.st.stm32cube.ide.mcu.externaltools.gnu-tools-for-stm32.10.3-2021.10.win32_1.0.200.202301161003/tools/bin/../lib/gcc/arm-none-eabi/10.3.1/../../../../arm-none-eabi/lib/thumb/v7-m/nofp\libc_nano.a(lib_a-abort.o)
 .ARM.attributes
                0x00000000000003ef       0x2d c:/st/stm32cubeide_1.12.0/stm32cubeide/plugins/com.st.stm32cube.ide.mcu.externaltools.gnu-tools-for-stm32.10.3-2021.10.win32_1.0.200.202301161003/tools/bin/../lib/gcc/arm-none-eabi/10.3.1/../../../../arm-none-eabi/lib/thumb/v7-m/nofp\libc_nano.a(lib_a-errno.o)
 .ARM.attributes
                0x000000000000041c       0x2d c:/st/stm32cubeide_1.12.0/stm32cubeide/plugins/com.st.stm32cube.ide.mcu.externaltools.gnu-tools-for-stm32.10.3-2021.10.win32_1.0.200.202301161003/tools/bin/../lib/gcc/arm-none-eabi/10.3.1/../../../../arm-none-eabi/lib/thumb/v7-m/nofp\libc_nano.a(lib_a-impure.o)
 .ARM.attributes
                0x0000000000000449       0x2d c:/st/stm32cubeide_1.12.0/stm32cubeide/plugins/com.st.stm32cube.ide.mcu.externaltools.gnu-tools-for-stm32.10.3-2021.10.win32_1.0.200.202301161003/tools/bin/../lib/gcc/arm-none-eabi/10.3.1/../../../../arm-none-eabi/lib/thumb/v7-m/nofp\libc_nano.a(lib_a-init.o)
 .ARM.attributes
                0x0000000000000476       0x2d c:/st/stm32cubeide_1.12.0/stm32cubeide/plugins/com.st.stm32cube.ide.mcu.externaltools.gnu-tools-for-stm32.10.3-2021.10.win32_1.0.200.202301161003/tools/bin/../lib/gcc/arm-none-eabi/10.3.1/../../../../arm-none-eabi/lib/thumb/v7-m/nofp\libc_nano.a(lib_a-memcpy-stub.o)
 .ARM.attributes
                0x00000000000004a3       0x2d c:/st/stm32cubeide_1.12.0/stm32cubeide/plugins/com.st.stm32cube.ide.mcu.externaltools.gnu-tools-for-stm32.10.3-2021.10.win32_1.0.200.202301161003/tools/bin/../lib/gcc/arm-none-eabi/10.3.1/../../../../arm-none-eabi/lib/thumb/v7-m/nofp\libc_nano.a(lib_a-memset.o)
 .ARM.attributes
                0x00000000000004d0       0x2d c:/st/stm32cubeide_1.12.0/stm32cubeide/plugins/com.st.stm32cube.ide.mcu.externaltools.gnu-tools-for-stm32.10.3-2021.10.win32_1.0.200.202301161003/tools/bin/../lib/gcc/arm-none-eabi/10.3.1/../../../../arm-none-eabi/lib/thumb/v7-m/nofp\libc_nano.a(lib_a-signal.o)
 .ARM.attributes
                0x00000000000004fd       0x2d c:/st/stm32cubeide_1.12.0/stm32cubeide/plugins/com.st.stm32cube.ide.mcu.externaltools.gnu-tools-for-stm32.10.3-2021.10.win32_1.0.200.202301161003/tools/bin/../lib/gcc/arm-none-eabi/10.3.1/../../../../arm-none-eabi/lib/thumb/v7-m/nofp\libc_nano.a(lib_a-signalr.o)
 .ARM.attributes
                0x000000000000052a       0x2d c:/st/stm32cubeide_1.12.0/stm32cubeide/plugins/com.st.stm32cube.ide.mcu.externaltools.gnu-tools-for-stm32.10.3-2021.10.win32_1.0.200.202301161003/tools/bin/../lib/gcc/arm-none-eabi/10.3.1/../../../../arm-none-eabi/lib/thumb/v7-m/nofp\libc_nano.a(lib_a-reent.o)
 .ARM.attributes
                0x0000000000000557       0x2d c:/st/stm32cubeide_1.12.0/stm32cubeide/plugins/com.st.stm32cube.ide.mcu.externaltools.gnu-tools-for-stm32.10.3-2021.10.win32_1.0.200.202301161003/tools/bin/../lib/gcc/arm-none-eabi/10.3.1/../../../../arm-none-eabi/lib/thumb/v7-m/nofp\libc_nano.a(lib_a-findfp.o)
 .ARM.attributes
                0x0000000000000584       0x2d c:/st/stm32cubeide_1.12.0/stm32cubeide/plugins/com.st.stm32cube.ide.mcu.externaltools.gnu-tools-for-stm32.10.3-2021.10.win32_1.0.200.202301161003/tools/bin/../lib/gcc/arm-none-eabi/10.3.1/thumb/v7-m/nofp\libgcc.a(unwind-arm.o)
 .ARM.attributes
                0x00000000000005b1       0x1d c:/st/stm32cubeide_1.12.0/stm32cubeide/plugins/com.st.stm32cube.ide.mcu.externaltools.gnu-tools-for-stm32.10.3-2021.10.win32_1.0.200.202301161003/tools/bin/../lib/gcc/arm-none-eabi/10.3.1/thumb/v7-m/nofp\libgcc.a(libunwind.o)
 .ARM.attributes
                0x00000000000005ce       0x2d c:/st/stm32cubeide_1.12.0/stm32cubeide/plugins/com.st.stm32cube.ide.mcu.externaltools.gnu-tools-for-stm32.10.3-2021.10.win32_1.0.200.202301161003/tools/bin/../lib/gcc/arm-none-eabi/10.3.1/thumb/v7-m/nofp\libgcc.a(pr-support.o)
 .ARM.attributes
                0x00000000000005fb       0x1d c:/st/stm32cubeide_1.12.0/stm32cubeide/plugins/com.st.stm32cube.ide.mcu.externaltools.gnu-tools-for-stm32.10.3-2021.10.win32_1.0.200.202301161003/tools/bin/../lib/gcc/arm-none-eabi/10.3.1/thumb/v7-m/nofp/crtn.o
OUTPUT(Calculator.elf elf32-littlearm)
LOAD linker stubs
LOAD c:/st/stm32cubeide_1.12.0/stm32cubeide/plugins/com.st.stm32cube.ide.mcu.externaltools.gnu-tools-for-stm32.10.3-2021.10.win32_1.0.200.202301161003/tools/bin/../lib/gcc/arm-none-eabi/10.3.1/../../../../arm-none-eabi/lib/thumb/v7-m/nofp\libc.a
LOAD c:/st/stm32cubeide_1.12.0/stm32cubeide/plugins/com.st.stm32cube.ide.mcu.externaltools.gnu-tools-for-stm32.10.3-2021.10.win32_1.0.200.202301161003/tools/bin/../lib/gcc/arm-none-eabi/10.3.1/../../../../arm-none-eabi/lib/thumb/v7-m/nofp\libm.a
LOAD c:/st/stm32cubeide_1.12.0/stm32cubeide/plugins/com.st.stm32cube.ide.mcu.externaltools.gnu-tools-for-stm32.10.3-2021.10.win32_1.0.200.202301161003/tools/bin/../lib/gcc/arm-none-eabi/10.3.1/thumb/v7-m/nofp\libgcc.a

.debug_info     0x0000000000000000     0xe57b
 .debug_info    0x0000000000000000      0xb20 ./Core/Src/main.o
 .debug_info    0x0000000000000b20      0x17c ./Core/Src/stm32f1xx_hal_msp.o
 .debug_info    0x0000000000000c9c      0x661 ./Core/Src/stm32f1xx_it.o
 .debug_info    0x00000000000012fd      0x24c ./Core/Src/system_stm32f1xx.o
 .debug_info    0x0000000000001549       0x22 ./Core/Startup/startup_stm32f103c8tx.o
 .debug_info    0x000000000000156b      0x808 ./Drivers/STM32F1xx_HAL_Driver/Src/stm32f1xx_hal.o
 .debug_info    0x0000000000001d73      0xd6a ./Drivers/STM32F1xx_HAL_Driver/Src/stm32f1xx_hal_cortex.o
 .debug_info    0x0000000000002add     0x1f0c ./Drivers/STM32F1xx_HAL_Driver/Src/stm32f1xx_hal_pcd.o
 .debug_info    0x00000000000049e9      0x71c ./Drivers/STM32F1xx_HAL_Driver/Src/stm32f1xx_hal_pcd_ex.o
 .debug_info    0x0000000000005105      0xa8e ./Drivers/STM32F1xx_HAL_Driver/Src/stm32f1xx_hal_rcc.o
 .debug_info    0x0000000000005b93      0x445 ./Drivers/STM32F1xx_HAL_Driver/Src/stm32f1xx_hal_rcc_ex.o
 .debug_info    0x0000000000005fd8     0x1a94 ./Drivers/STM32F1xx_HAL_Driver/Src/stm32f1xx_ll_usb.o
 .debug_info    0x0000000000007a6c     0x13c8 ./Middlewares/ST/STM32_USB_Device_Library/Class/CDC/Src/usbd_cdc.o
 .debug_info    0x0000000000008e34      0xe2e ./Middlewares/ST/STM32_USB_Device_Library/Core/Src/usbd_core.o
 .debug_info    0x0000000000009c62      0xde6 ./Middlewares/ST/STM32_USB_Device_Library/Core/Src/usbd_ctlreq.o
 .debug_info    0x000000000000aa48      0x82a ./Middlewares/ST/STM32_USB_Device_Library/Core/Src/usbd_ioreq.o
 .debug_info    0x000000000000b272      0x6ff ./USB_DEVICE/App/usb_device.o
 .debug_info    0x000000000000b971      0x8cd ./USB_DEVICE/App/usbd_cdc_if.o
 .debug_info    0x000000000000c23e      0x66d ./USB_DEVICE/App/usbd_desc.o
 .debug_info    0x000000000000c8ab     0x1cd0 ./USB_DEVICE/Target/usbd_conf.o

.debug_abbrev   0x0000000000000000     0x2f48
 .debug_abbrev  0x0000000000000000      0x2b6 ./Core/Src/main.o
 .debug_abbrev  0x00000000000002b6       0xc0 ./Core/Src/stm32f1xx_hal_msp.o
 .debug_abbrev  0x0000000000000376      0x1cc ./Core/Src/stm32f1xx_it.o
 .debug_abbrev  0x0000000000000542      0x141 ./Core/Src/system_stm32f1xx.o
 .debug_abbrev  0x0000000000000683       0x12 ./Core/Startup/startup_stm32f103c8tx.o
 .debug_abbrev  0x0000000000000695      0x277 ./Drivers/STM32F1xx_HAL_Driver/Src/stm32f1xx_hal.o
 .debug_abbrev  0x000000000000090c      0x352 ./Drivers/STM32F1xx_HAL_Driver/Src/stm32f1xx_hal_cortex.o
 .debug_abbrev  0x0000000000000c5e      0x3f9 ./Drivers/STM32F1xx_HAL_Driver/Src/stm32f1xx_hal_pcd.o
 .debug_abbrev  0x0000000000001057      0x1c8 ./Drivers/STM32F1xx_HAL_Driver/Src/stm32f1xx_hal_pcd_ex.o
 .debug_abbrev  0x000000000000121f      0x2f5 ./Drivers/STM32F1xx_HAL_Driver/Src/stm32f1xx_hal_rcc.o
 .debug_abbrev  0x0000000000001514      0x1d3 ./Drivers/STM32F1xx_HAL_Driver/Src/stm32f1xx_hal_rcc_ex.o
 .debug_abbrev  0x00000000000016e7      0x28f ./Drivers/STM32F1xx_HAL_Driver/Src/stm32f1xx_ll_usb.o
 .debug_abbrev  0x0000000000001976      0x327 ./Middlewares/ST/STM32_USB_Device_Library/Class/CDC/Src/usbd_cdc.o
 .debug_abbrev  0x0000000000001c9d      0x300 ./Middlewares/ST/STM32_USB_Device_Library/Core/Src/usbd_core.o
 .debug_abbrev  0x0000000000001f9d      0x38e ./Middlewares/ST/STM32_USB_Device_Library/Core/Src/usbd_ctlreq.o
 .debug_abbrev  0x000000000000232b      0x1ae ./Middlewares/ST/STM32_USB_Device_Library/Core/Src/usbd_ioreq.o
 .debug_abbrev  0x00000000000024d9      0x1b5 ./USB_DEVICE/App/usb_device.o
 .debug_abbrev  0x000000000000268e      0x29e ./USB_DEVICE/App/usbd_cdc_if.o
 .debug_abbrev  0x000000000000292c      0x2ca ./USB_DEVICE/App/usbd_desc.o
 .debug_abbrev  0x0000000000002bf6      0x352 ./USB_DEVICE/Target/usbd_conf.o

.debug_aranges  0x0000000000000000      0x898
 .debug_aranges
                0x0000000000000000       0x38 ./Core/Src/main.o
 .debug_aranges
                0x0000000000000038       0x20 ./Core/Src/stm32f1xx_hal_msp.o
 .debug_aranges
                0x0000000000000058       0x58 ./Core/Src/stm32f1xx_it.o
 .debug_aranges
                0x00000000000000b0       0x28 ./Core/Src/system_stm32f1xx.o
 .debug_aranges
                0x00000000000000d8       0x28 ./Core/Startup/startup_stm32f103c8tx.o
 .debug_aranges
                0x0000000000000100       0xd8 ./Drivers/STM32F1xx_HAL_Driver/Src/stm32f1xx_hal.o
 .debug_aranges
                0x00000000000001d8       0x90 ./Drivers/STM32F1xx_HAL_Driver/Src/stm32f1xx_hal_cortex.o
 .debug_aranges
                0x0000000000000268       0xd0 ./Drivers/STM32F1xx_HAL_Driver/Src/stm32f1xx_hal_pcd.o
 .debug_aranges
                0x0000000000000338       0x28 ./Drivers/STM32F1xx_HAL_Driver/Src/stm32f1xx_hal_pcd_ex.o
 .debug_aranges
                0x0000000000000360       0x88 ./Drivers/STM32F1xx_HAL_Driver/Src/stm32f1xx_hal_rcc.o
 .debug_aranges
                0x00000000000003e8       0x30 ./Drivers/STM32F1xx_HAL_Driver/Src/stm32f1xx_hal_rcc_ex.o
 .debug_aranges
                0x0000000000000418       0xd8 ./Drivers/STM32F1xx_HAL_Driver/Src/stm32f1xx_ll_usb.o
 .debug_aranges
                0x00000000000004f0       0x90 ./Middlewares/ST/STM32_USB_Device_Library/Class/CDC/Src/usbd_cdc.o
 .debug_aranges
                0x0000000000000580       0xa8 ./Middlewares/ST/STM32_USB_Device_Library/Core/Src/usbd_core.o
 .debug_aranges
                0x0000000000000628       0x50 ./Middlewares/ST/STM32_USB_Device_Library/Core/Src/usbd_ctlreq.o
 .debug_aranges
                0x0000000000000678       0x50 ./Middlewares/ST/STM32_USB_Device_Library/Core/Src/usbd_ioreq.o
 .debug_aranges
                0x00000000000006c8       0x20 ./USB_DEVICE/App/usb_device.o
 .debug_aranges
                0x00000000000006e8       0x40 ./USB_DEVICE/App/usbd_cdc_if.o
 .debug_aranges
                0x0000000000000728       0x58 ./USB_DEVICE/App/usbd_desc.o
 .debug_aranges